Component: ARM Compiler 5.06 update 7 (build 960) Tool: armlink [4d3601]

==============================================================================

Section Cross References

    startup_stm32f411xe.o(RESET) refers to startup_stm32f411xe.o(STACK) for __initial_sp
    startup_stm32f411xe.o(RESET) refers to startup_stm32f411xe.o(.text) for Reset_Handler
    startup_stm32f411xe.o(RESET) refers to stm32f4xx_it.o(i.NMI_Handler) for NMI_Handler
    startup_stm32f411xe.o(RESET) refers to stm32f4xx_it.o(i.HardFault_Handler) for HardFault_Handler
    startup_stm32f411xe.o(RESET) refers to stm32f4xx_it.o(i.MemManage_Handler) for MemManage_Handler
    startup_stm32f411xe.o(RESET) refers to stm32f4xx_it.o(i.BusFault_Handler) for BusFault_Handler
    startup_stm32f411xe.o(RESET) refers to stm32f4xx_it.o(i.UsageFault_Handler) for UsageFault_Handler
    startup_stm32f411xe.o(RESET) refers to stm32f4xx_it.o(i.SVC_Handler) for SVC_Handler
    startup_stm32f411xe.o(RESET) refers to stm32f4xx_it.o(i.DebugMon_Handler) for DebugMon_Handler
    startup_stm32f411xe.o(RESET) refers to stm32f4xx_it.o(i.PendSV_Handler) for PendSV_Handler
    startup_stm32f411xe.o(RESET) refers to stm32f4xx_it.o(i.SysTick_Handler) for SysTick_Handler
    startup_stm32f411xe.o(RESET) refers to stm32f4xx_it.o(i.EXTI9_5_IRQHandler) for EXTI9_5_IRQHandler
    startup_stm32f411xe.o(RESET) refers to stm32f4xx_it.o(i.TIM1_UP_TIM10_IRQHandler) for TIM1_UP_TIM10_IRQHandler
    startup_stm32f411xe.o(.text) refers to system_stm32f4xx.o(i.SystemInit) for SystemInit
    startup_stm32f411xe.o(.text) refers to entry.o(.ARM.Collect$$$$00000000) for __main
    main.o(i.SystemClock_Config) refers to memseta.o(.text) for __aeabi_memclr4
    main.o(i.SystemClock_Config) refers to stm32f4xx_hal_rcc.o(i.HAL_RCC_OscConfig) for HAL_RCC_OscConfig
    main.o(i.SystemClock_Config) refers to stm32f4xx_hal_rcc.o(i.HAL_RCC_ClockConfig) for HAL_RCC_ClockConfig
    main.o(i.main) refers to stm32f4xx_hal.o(i.HAL_Init) for HAL_Init
    main.o(i.main) refers to main.o(i.SystemClock_Config) for SystemClock_Config
    main.o(i.main) refers to gpio.o(i.MX_GPIO_Init) for MX_GPIO_Init
    main.o(i.main) refers to usart.o(i.MX_USART1_UART_Init) for MX_USART1_UART_Init
    main.o(i.main) refers to spi.o(i.MX_SPI2_Init) for MX_SPI2_Init
    main.o(i.main) refers to tim.o(i.MX_TIM1_Init) for MX_TIM1_Init
    main.o(i.main) refers to stm32f4xx_hal_gpio.o(i.HAL_GPIO_WritePin) for HAL_GPIO_WritePin
    main.o(i.main) refers to stm32f4xx_hal.o(i.HAL_Delay) for HAL_Delay
    main.o(i.main) refers to softspi.o(i.Soft_SPI_Init) for Soft_SPI_Init
    main.o(i.main) refers to printfa.o(i.__0printf) for __2printf
    main.o(i.main) refers to ad9361_api.o(i.ad9361_init) for ad9361_init
    main.o(i.main) refers to memcpya.o(.text) for __aeabi_memcpy4
    main.o(i.main) refers to ad9361_api.o(i.ad9361_set_tx_fir_config) for ad9361_set_tx_fir_config
    main.o(i.main) refers to ad9361_api.o(i.ad9361_set_rx_fir_config) for ad9361_set_rx_fir_config
    main.o(i.main) refers to ad9361_api.o(i.ad9361_set_en_state_machine_mode) for ad9361_set_en_state_machine_mode
    main.o(i.main) refers to ad9361_api.o(i.ad9361_get_rx_sampling_freq) for ad9361_get_rx_sampling_freq
    main.o(i.main) refers to ad9361_api.o(i.ad9361_get_tx_sampling_freq) for ad9361_get_tx_sampling_freq
    main.o(i.main) refers to dfltui.o(.text) for __aeabi_ui2d
    main.o(i.main) refers to ddiv.o(.text) for __aeabi_ddiv
    main.o(i.main) refers to ad9361_api.o(i.ad9361_get_rx_lo_freq) for ad9361_get_rx_lo_freq
    main.o(i.main) refers to ad9361_api.o(i.ad9361_get_tx_lo_freq) for ad9361_get_tx_lo_freq
    main.o(i.main) refers to dfltul.o(.text) for __aeabi_ul2d
    main.o(i.main) refers to ad9361_api.o(i.ad9361_set_tx_attenuation) for ad9361_set_tx_attenuation
    main.o(i.main) refers to ad9361_api.o(i.ad9361_set_rx_rf_gain) for ad9361_set_rx_rf_gain
    main.o(i.main) refers to ad9361_api.o(i.ad9361_set_tx_rf_port_output) for ad9361_set_tx_rf_port_output
    main.o(i.main) refers to ad9361.o(i.ad9361_spi_read) for ad9361_spi_read
    main.o(i.main) refers to console.o(i.console_print) for console_print
    main.o(i.main) refers to console.o(i.console_get_command) for console_get_command
    main.o(i.main) refers to console.o(i.console_check_commands) for console_check_commands
    main.o(i.main) refers to stm32f4xx_hal_gpio.o(i.HAL_GPIO_TogglePin) for HAL_GPIO_TogglePin
    main.o(i.main) refers to main.o(.data) for .data
    main.o(i.main) refers to command.o(.data) for cmd_list
    main.o(i.main) refers to command.o(.constdata) for cmd_no
    main.o(i.main) refers to main.o(.bss) for .bss
    gpio.o(i.MX_GPIO_Init) refers to memseta.o(.text) for __aeabi_memclr4
    gpio.o(i.MX_GPIO_Init) refers to stm32f4xx_hal_gpio.o(i.HAL_GPIO_WritePin) for HAL_GPIO_WritePin
    gpio.o(i.MX_GPIO_Init) refers to stm32f4xx_hal_gpio.o(i.HAL_GPIO_Init) for HAL_GPIO_Init
[...]
    DMA1_Stream0_IRQHandler                  0x080001cb   Thumb Code     0  startup_stm32f411xe.o(.text)
    DMA1_Stream1_IRQHandler                  0x080001cb   Thumb Code     0  startup_stm32f411xe.o(.text)
    DMA1_Stream2_IRQHandler                  0x080001cb   Thumb Code     0  startup_stm32f411xe.o(.text)
    DMA1_Stream3_IRQHandler                  0x080001cb   Thumb Code     0  startup_stm32f411xe.o(.text)
    DMA1_Stream4_IRQHandler                  0x080001cb   Thumb Code     0  startup_stm32f411xe.o(.text)
    DMA1_Stream5_IRQHandler                  0x080001cb   Thumb Code     0  startup_stm32f411xe.o(.text)
    DMA1_Stream6_IRQHandler                  0x080001cb   Thumb Code     0  startup_stm32f411xe.o(.text)
    DMA1_Stream7_IRQHandler                  0x080001cb   Thumb Code     0  startup_stm32f411xe.o(.text)
    DMA2_Stream0_IRQHandler                  0x080001cb   Thumb Code     0  startup_stm32f411xe.o(.text)
    DMA2_Stream1_IRQHandler                  0x080001cb   Thumb Code     0  startup_stm32f411xe.o(.text)
    DMA2_Stream2_IRQHandler                  0x080001cb   Thumb Code     0  startup_stm32f411xe.o(.text)
    DMA2_Stream3_IRQHandler                  0x080001cb   Thumb Code     0  startup_stm32f411xe.o(.text)
    DMA2_Stream4_IRQHandler                  0x080001cb   Thumb Code     0  startup_stm32f411xe.o(.text)
    DMA2_Stream5_IRQHandler                  0x080001cb   Thumb Code     0  startup_stm32f411xe.o(.text)
    DMA2_Stream6_IRQHandler                  0x080001cb   Thumb Code     0  startup_stm32f411xe.o(.text)
    DMA2_Stream7_IRQHandler                  0x080001cb   Thumb Code     0  startup_stm32f411xe.o(.text)
    EXTI0_IRQHandler                         0x080001cb   Thumb Code     0  startup_stm32f411xe.o(.text)
    EXTI15_10_IRQHandler                     0x080001cb   Thumb Code     0  startup_stm32f411xe.o(.text)
    EXTI1_IRQHandler                         0x080001cb   Thumb Code     0  startup_stm32f411xe.o(.text)
    EXTI2_IRQHandler                         0x080001cb   Thumb Code     0  startup_stm32f411xe.o(.text)
    EXTI3_IRQHandler                         0x080001cb   Thumb Code     0  startup_stm32f411xe.o(.text)
    EXTI4_IRQHandler                         0x080001cb   Thumb Code     0  startup_stm32f411xe.o(.text)
    FLASH_IRQHandler                         0x080001cb   Thumb Code     0  startup_stm32f411xe.o(.text)
    FPU_IRQHandler                           0x080001cb   Thumb Code     0  startup_stm32f411xe.o(.text)
    I2C1_ER_IRQHandler                       0x080001cb   Thumb Code     0  startup_stm32f411xe.o(.text)
    I2C1_EV_IRQHandler                       0x080001cb   Thumb Code     0  startup_stm32f411xe.o(.text)
    I2C2_ER_IRQHandler                       0x080001cb   Thumb Code     0  startup_stm32f411xe.o(.text)
    I2C2_EV_IRQHandler                       0x080001cb   Thumb Code     0  startup_stm32f411xe.o(.text)
    I2C3_ER_IRQHandler                       0x080001cb   Thumb Code     0  startup_stm32f411xe.o(.text)
    I2C3_EV_IRQHandler                       0x080001cb   Thumb Code     0  startup_stm32f411xe.o(.text)
    OTG_FS_IRQHandler                        0x080001cb   Thumb Code     0  startup_stm32f411xe.o(.text)
    OTG_FS_WKUP_IRQHandler                   0x080001cb   Thumb Code     0  startup_stm32f411xe.o(.text)
    PVD_IRQHandler                           0x080001cb   Thumb Code     0  startup_stm32f411xe.o(.text)
    RCC_IRQHandler                           0x080001cb   Thumb Code     0  startup_stm32f411xe.o(.text)
    RTC_Alarm_IRQHandler                     0x080001cb   Thumb Code     0  startup_stm32f411xe.o(.text)
    RTC_WKUP_IRQHandler                      0x080001cb   Thumb Code     0  startup_stm32f411xe.o(.text)
    SDIO_IRQHandler                          0x080001cb   Thumb Code     0  startup_stm32f411xe.o(.text)
    SPI1_IRQHandler                          0x080001cb   Thumb Code     0  startup_stm32f411xe.o(.text)
    SPI2_IRQHandler                          0x080001cb   Thumb Code     0  startup_stm32f411xe.o(.text)
    SPI3_IRQHandler                          0x080001cb   Thumb Code     0  startup_stm32f411xe.o(.text)
    SPI4_IRQHandler                          0x080001cb   Thumb Code     0  startup_stm32f411xe.o(.text)
    SPI5_IRQHandler                          0x080001cb   Thumb Code     0  startup_stm32f411xe.o(.text)
    TAMP_STAMP_IRQHandler                    0x080001cb   Thumb Code     0  startup_stm32f411xe.o(.text)
    TIM1_BRK_TIM9_IRQHandler                 0x080001cb   Thumb Code     0  startup_stm32f411xe.o(.text)
    TIM1_CC_IRQHandler                       0x080001cb   Thumb Code     0  startup_stm32f411xe.o(.text)
    TIM1_TRG_COM_TIM11_IRQHandler            0x080001cb   Thumb Code     0  startup_stm32f411xe.o(.text)
    TIM2_IRQHandler                          0x080001cb   Thumb Code     0  startup_stm32f411xe.o(.text)
    TIM3_IRQHandler                          0x080001cb   Thumb Code     0  startup_stm32f411xe.o(.text)
    TIM4_IRQHandler                          0x080001cb   Thumb Code     0  startup_stm32f411xe.o(.text)
    TIM5_IRQHandler                          0x080001cb   Thumb Code     0  startup_stm32f411xe.o(.text)
    USART1_IRQHandler                        0x080001cb   Thumb Code     0  startup_stm32f411xe.o(.text)
    USART2_IRQHandler                        0x080001cb   Thumb Code     0  startup_stm32f411xe.o(.text)
    USART6_IRQHandler                        0x080001cb   Thumb Code     0  startup_stm32f411xe.o(.text)
    WWDG_IRQHandler                          0x080001cb   Thumb Code     0  startup_stm32f411xe.o(.text)
    __aeabi_uldivmod                         0x080001d5   Thumb Code    98  uldiv.o(.text)
    __aeabi_llsr                             0x08000237   Thumb Code    32  llushr.o(.text)
    _ll_ushift_r                             0x08000237   Thumb Code     0  llushr.o(.text)
    __aeabi_memcpy                           0x08000257   Thumb Code    36  memcpya.o(.text)
    __aeabi_memcpy4                          0x08000257   Thumb Code     0  memcpya.o(.text)
    __aeabi_memcpy8                          0x08000257   Thumb Code     0  memcpya.o(.text)
    __aeabi_memset                           0x0800027b   Thumb Code    14  memseta.o(.text)
    __aeabi_memset4                          0x0800027b   Thumb Code     0  memseta.o(.text)
    __aeabi_memset8                          0x0800027b   Thumb Code     0  memseta.o(.text)
    __aeabi_memclr                           0x08000289   Thumb Code     4  memseta.o(.text)
    __aeabi_memclr4                          0x08000289   Thumb Code     0  memseta.o(.text)
    __aeabi_memclr8                          0x08000289   Thumb Code     0  memseta.o(.text)
    _memset$wrapper                          0x0800028d   Thumb Code    18  memseta.o(.text)
    __aeabi_dadd                             0x0800029f   Thumb Code   322  dadd.o(.text)
    __aeabi_dsub                             0x080003e1   Thumb Code     6  dadd.o(.text)
    __aeabi_drsub                            0x080003e7   Thumb Code     6  dadd.o(.text)
    __aeabi_dmul                             0x080003ed   Thumb Code   228  dmul.o(.text)
    __aeabi_ddiv                             0x080004d1   Thumb Code   222  ddiv.o(.text)
    __aeabi_ui2d                             0x080005af   Thumb Code    26  dfltui.o(.text)
    __aeabi_ul2d                             0x080005c9   Thumb Code    24  dfltul.o(.text)
    __aeabi_d2iz                             0x080005e1   Thumb Code    62  dfixi.o(.text)
    __aeabi_d2uiz                            0x0800061f   Thumb Code    50  dfixui.o(.text)
    __aeabi_d2ulz                            0x08000651   Thumb Code    48  dfixul.o(.text)
    __aeabi_cdcmpeq                          0x08000681   Thumb Code     0  cdcmple.o(.text)
    __aeabi_cdcmple                          0x08000681   Thumb Code    48  cdcmple.o(.text)
    __aeabi_uidiv                            0x080006b1   Thumb Code     0  uidiv.o(.text)
    __aeabi_uidivmod                         0x080006b1   Thumb Code    44  uidiv.o(.text)
    __aeabi_llsl                             0x080006dd   Thumb Code    30  llshl.o(.text)
    _ll_shift_l                              0x080006dd   Thumb Code     0  llshl.o(.text)
    __aeabi_lasr                             0x080006fb   Thumb Code    36  llsshr.o(.text)
    _ll_sshift_r                             0x080006fb   Thumb Code     0  llsshr.o(.text)
    _sgetc                                   0x0800071f   Thumb Code    30  _sgetc.o(.text)
    _sbackspace                              0x0800073d   Thumb Code    34  _sgetc.o(.text)
    __strtod_int                             0x08000797   Thumb Code    90  strtod.o(.text)
    __I$use$fp                               0x080007fd   Thumb Code     0  iusefp.o(.text)
    _double_round                            0x080007fd   Thumb Code    30  depilogue.o(.text)
    _double_epilogue                         0x0800081b   Thumb Code   156  depilogue.o(.text)
    __aeabi_cdrcmple                         0x080008b9   Thumb Code    48  cdrcmple.o(.text)
    __scatterload                            0x080008e9   Thumb Code    28  init.o(.text)
    __scatterload_rt2                        0x080008e9   Thumb Code     0  init.o(.text)
    isspace                                  0x0800090d   Thumb Code    10  isspace_c.o(.text)
    _scanf_real                              0x08000a41   Thumb Code     0  scanf_fp.o(.text)
    _scanf_really_real                       0x08000a41   Thumb Code   556  scanf_fp.o(.text)
    __ctype_lookup                           0x08000c79   Thumb Code    34  ctype_c.o(.text)
    __aeabi_d2f                              0x08000ca1   Thumb Code    56  d2f.o(.text)
    _float_round                             0x08000cd9   Thumb Code    18  fepilogue.o(.text)
    _float_epilogue                          0x08000ceb   Thumb Code    92  fepilogue.o(.text)
    __decompress                             0x08000d47   Thumb Code     0  __dclz77c.o(.text)
    __decompress2                            0x08000d47   Thumb Code    94  __dclz77c.o(.text)
    BusFault_Handler                         0x08000da5   Thumb Code     2  stm32f4xx_it.o(i.BusFault_Handler)
    DebugMon_Handler                         0x08000da7   Thumb Code     2  stm32f4xx_it.o(i.DebugMon_Handler)
    ERR_PTR                                  0x08000da9   Thumb Code     2  util.o(i.ERR_PTR)
    EXTI9_5_IRQHandler                       0x08000dab   Thumb Code     8  stm32f4xx_it.o(i.EXTI9_5_IRQHandler)
    Error_Handler                            0x08000db3   Thumb Code     4  main.o(i.Error_Handler)
    HAL_Delay                                0x08000db9   Thumb Code    32  stm32f4xx_hal.o(i.HAL_Delay)
    HAL_GPIO_EXTI_Callback                   0x08000ddd   Thumb Code   102  command.o(i.HAL_GPIO_EXTI_Callback)
    HAL_GPIO_EXTI_IRQHandler                 0x08000e4d   Thumb Code    18  stm32f4xx_hal_gpio.o(i.HAL_GPIO_EXTI_IRQHandler)
    HAL_GPIO_Init                            0x08000e65   Thumb Code   446  stm32f4xx_hal_gpio.o(i.HAL_GPIO_Init)
    HAL_GPIO_ReadPin                         0x08001045   Thumb Code    10  stm32f4xx_hal_gpio.o(i.HAL_GPIO_ReadPin)
    HAL_GPIO_TogglePin                       0x0800104f   Thumb Code    16  stm32f4xx_hal_gpio.o(i.HAL_GPIO_TogglePin)
    HAL_GPIO_WritePin                        0x0800105f   Thumb Code    10  stm32f4xx_hal_gpio.o(i.HAL_GPIO_WritePin)
    HAL_GetTick                              0x08001069   Thumb Code     6  stm32f4xx_hal.o(i.HAL_GetTick)
    HAL_IncTick                              0x08001075   Thumb Code    12  stm32f4xx_hal.o(i.HAL_IncTick)
    HAL_Init                                 0x08001085   Thumb Code    48  stm32f4xx_hal.o(i.HAL_Init)
    HAL_InitTick                             0x080010b9   Thumb Code    54  stm32f4xx_hal.o(i.HAL_InitTick)
    HAL_MspInit                              0x080010f9   Thumb Code    42  stm32f4xx_hal_msp.o(i.HAL_MspInit)
    HAL_NVIC_EnableIRQ                       0x08001129   Thumb Code    26  stm32f4xx_hal_cortex.o(i.HAL_NVIC_EnableIRQ)
    HAL_NVIC_SetPriority                     0x08001145   Thumb Code    60  stm32f4xx_hal_cortex.o(i.HAL_NVIC_SetPriority)
    HAL_NVIC_SetPriorityGrouping             0x08001185   Thumb Code    26  stm32f4xx_hal_cortex.o(i.HAL_NVIC_SetPriorityGrouping)
    HAL_RCC_ClockConfig                      0x080011a9   Thumb Code   288  stm32f4xx_hal_rcc.o(i.HAL_RCC_ClockConfig)
    HAL_RCC_GetPCLK1Freq                     0x080012dd   Thumb Code    20  stm32f4xx_hal_rcc.o(i.HAL_RCC_GetPCLK1Freq)
    HAL_RCC_GetPCLK2Freq                     0x080012fd   Thumb Code    20  stm32f4xx_hal_rcc.o(i.HAL_RCC_GetPCLK2Freq)
    HAL_RCC_GetSysClockFreq                  0x0800131d   Thumb Code    88  stm32f4xx_hal_rcc.o(i.HAL_RCC_GetSysClockFreq)
    HAL_RCC_OscConfig                        0x08001381   Thumb Code   856  stm32f4xx_hal_rcc.o(i.HAL_RCC_OscConfig)
    HAL_SPI_Init                             0x080016ed   Thumb Code   188  stm32f4xx_hal_spi.o(i.HAL_SPI_Init)
    HAL_SPI_MspInit                          0x080017a9   Thumb Code    94  spi.o(i.HAL_SPI_MspInit)
    HAL_SYSTICK_Config                       0x08001815   Thumb Code    40  stm32f4xx_hal_cortex.o(i.HAL_SYSTICK_Config)
    HAL_TIMEx_BreakCallback                  0x0800183d   Thumb Code     2  stm32f4xx_hal_tim_ex.o(i.HAL_TIMEx_BreakCallback)
    HAL_TIMEx_CommutCallback                 0x0800183f   Thumb Code     2  stm32f4xx_hal_tim_ex.o(i.HAL_TIMEx_CommutCallback)
    HAL_TIMEx_MasterConfigSynchronization    0x08001841   Thumb Code   104  stm32f4xx_hal_tim_ex.o(i.HAL_TIMEx_MasterConfigSynchronization)
    HAL_TIM_Base_Init                        0x080018bd   Thumb Code    90  stm32f4xx_hal_tim.o(i.HAL_TIM_Base_Init)
    HAL_TIM_Base_MspInit                     0x08001919   Thumb Code    50  tim.o(i.HAL_TIM_Base_MspInit)
    HAL_TIM_Base_Start_IT                    0x08001955   Thumb Code    88  stm32f4xx_hal_tim.o(i.HAL_TIM_Base_Start_IT)
    HAL_TIM_Base_Stop_IT                     0x080019c1   Thumb Code    48  stm32f4xx_hal_tim.o(i.HAL_TIM_Base_Stop_IT)
    HAL_TIM_ConfigClockSource                0x080019f1   Thumb Code   220  stm32f4xx_hal_tim.o(i.HAL_TIM_ConfigClockSource)
    HAL_TIM_IC_CaptureCallback               0x08001acd   Thumb Code     2  stm32f4xx_hal_tim.o(i.HAL_TIM_IC_CaptureCallback)
    HAL_TIM_IRQHandler                       0x08001acf   Thumb Code   358  stm32f4xx_hal_tim.o(i.HAL_TIM_IRQHandler)
    HAL_TIM_OC_DelayElapsedCallback          0x08001c35   Thumb Code     2  stm32f4xx_hal_tim.o(i.HAL_TIM_OC_DelayElapsedCallback)
    HAL_TIM_PWM_PulseFinishedCallback        0x08001c37   Thumb Code     2  stm32f4xx_hal_tim.o(i.HAL_TIM_PWM_PulseFinishedCallback)
    HAL_TIM_PeriodElapsedCallback            0x08001c39   Thumb Code    28  command.o(i.HAL_TIM_PeriodElapsedCallback)
    HAL_TIM_TriggerCallback                  0x08001c5d   Thumb Code     2  stm32f4xx_hal_tim.o(i.HAL_TIM_TriggerCallback)
    HAL_UART_Init                            0x08001c5f   Thumb Code    98  stm32f4xx_hal_uart.o(i.HAL_UART_Init)
    HAL_UART_MspInit                         0x08001cc1   Thumb Code    92  usart.o(i.HAL_UART_MspInit)
    HAL_UART_Receive                         0x08001d29   Thumb Code   192  stm32f4xx_hal_uart.o(i.HAL_UART_Receive)
    HAL_UART_Transmit                        0x08001de9   Thumb Code   178  stm32f4xx_hal_uart.o(i.HAL_UART_Transmit)
    HardFault_Handler                        0x08001e9b   Thumb Code     2  stm32f4xx_it.o(i.HardFault_Handler)
    MX_GPIO_Init                             0x08001e9d   Thumb Code   224  gpio.o(i.MX_GPIO_Init)
    MX_SPI2_Init                             0x08001f89   Thumb Code    60  spi.o(i.MX_SPI2_Init)
    MX_TIM1_Init                             0x08001fcd   Thumb Code    96  tim.o(i.MX_TIM1_Init)
    MX_USART1_UART_Init                      0x08002035   Thumb Code    48  usart.o(i.MX_USART1_UART_Init)
    MemManage_Handler                        0x0800206d   Thumb Code     2  stm32f4xx_it.o(i.MemManage_Handler)
    NMI_Handler                              0x0800206f   Thumb Code     2  stm32f4xx_it.o(i.NMI_Handler)
    PendSV_Handler                           0x08002071   Thumb Code     2  stm32f4xx_it.o(i.PendSV_Handler)
    QueryDataFromFPGA_Polling                0x08002075   Thumb Code   118  com_fpga.o(i.QueryDataFromFPGA_Polling)
    ReadDataBus                              0x080020f5   Thumb Code     8  com_fpga.o(i.ReadDataBus)
    SVC_Handler                              0x08002101   Thumb Code     2  stm32f4xx_it.o(i.SVC_Handler)
    Soft_SPI_Init                            0x08002119   Thumb Code   196  softspi.o(i.Soft_SPI_Init)
    Soft_SPI_ReadBuffer                      0x080021e9   Thumb Code    60  softspi.o(i.Soft_SPI_ReadBuffer)
    Soft_SPI_TransferBuffer                  0x08002229   Thumb Code    64  softspi.o(i.Soft_SPI_TransferBuffer)
    Soft_SPI_TransferByte                    0x0800226d   Thumb Code   222  softspi.o(i.Soft_SPI_TransferByte)
    SysTick_Handler                          0x08002355   Thumb Code     4  stm32f4xx_it.o(i.SysTick_Handler)
    SystemClock_Config                       0x08002359   Thumb Code   136  main.o(i.SystemClock_Config)
    SystemInit                               0x080023e9   Thumb Code    12  system_stm32f4xx.o(i.SystemInit)
    TIM1_UP_TIM10_IRQHandler                 0x080023f9   Thumb Code     6  stm32f4xx_it.o(i.TIM1_UP_TIM10_IRQHandler)
    TIM_Base_SetConfig                       0x08002405   Thumb Code   122  stm32f4xx_hal_tim.o(i.TIM_Base_SetConfig)
    TIM_ETR_SetConfig                        0x0800249d   Thumb Code    20  stm32f4xx_hal_tim.o(i.TIM_ETR_SetConfig)
    UsageFault_Handler                       0x0800268d   Thumb Code     2  stm32f4xx_it.o(i.UsageFault_Handler)
    __0printf                                0x08002691   Thumb Code    22  printfa.o(i.__0printf)
    __1printf                                0x08002691   Thumb Code     0  printfa.o(i.__0printf)
    __2printf                                0x08002691   Thumb Code     0  printfa.o(i.__0printf)
    __c89printf                              0x08002691   Thumb Code     0  printfa.o(i.__0printf)
    printf                                   0x08002691   Thumb Code     0  printfa.o(i.__0printf)
    __hardfp_atof                            0x08002829   Thumb Code    44  atof.o(i.__hardfp_atof)
    __read_errno                             0x08002861   Thumb Code     6  errno.o(i.__read_errno)
    __scatterload_copy                       0x0800286d   Thumb Code    14  handlers.o(i.__scatterload_copy)
    __scatterload_null                       0x0800287b   Thumb Code     2  handlers.o(i.__scatterload_null)
    __scatterload_zeroinit                   0x0800287d   Thumb Code    14  handlers.o(i.__scatterload_zeroinit)
    __set_errno                              0x0800288d   Thumb Code     6  errno.o(i.__set_errno)
    _is_digit                                0x08002a1d   Thumb Code    14  scanf_fp.o(i._is_digit)
    ad9361_1rx1tx_channel_map                0x08003133   Thumb Code    28  ad9361.o(i.ad9361_1rx1tx_channel_map)
    ad9361_bbpll_recalc_rate                 0x0800339d   Thumb Code    76  ad9361.o(i.ad9361_bbpll_recalc_rate)
    ad9361_bbpll_round_rate                  0x080033e9   Thumb Code   120  ad9361.o(i.ad9361_bbpll_round_rate)
    ad9361_bbpll_set_rate                    0x08003465   Thumb Code   302  ad9361.o(i.ad9361_bbpll_set_rate)
    ad9361_bist_loopback                     0x080035c5   Thumb Code   144  ad9361.o(i.ad9361_bist_loopback)
    ad9361_bist_prbs                         0x08003669   Thumb Code    62  ad9361.o(i.ad9361_bist_prbs)
    ad9361_calculate_rf_clock_chain          0x08003755   Thumb Code   526  ad9361.o(i.ad9361_calculate_rf_clock_chain)
    ad9361_clk_factor_recalc_rate            0x08003aad   Thumb Code    22  ad9361.o(i.ad9361_clk_factor_recalc_rate)
    ad9361_clk_factor_round_rate             0x08003ac5   Thumb Code    84  ad9361.o(i.ad9361_clk_factor_round_rate)
    ad9361_clk_factor_set_rate               0x08003b35   Thumb Code    90  ad9361.o(i.ad9361_clk_factor_set_rate)
    ad9361_clk_mux_set_parent                0x08003bd1   Thumb Code    80  ad9361.o(i.ad9361_clk_mux_set_parent)
    ad9361_dig_tune                          0x08003d51   Thumb Code  1312  ad9361_conv.o(i.ad9361_dig_tune)
    ad9361_do_calib_run                      0x08004429   Thumb Code   134  ad9361.o(i.ad9361_do_calib_run)
    ad9361_en_dis_rx                         0x080044cd   Thumb Code    32  ad9361.o(i.ad9361_en_dis_rx)
    ad9361_en_dis_tx                         0x080044ed   Thumb Code    32  ad9361.o(i.ad9361_en_dis_tx)
    ad9361_ensm_force_state                  0x0800450d   Thumb Code   182  ad9361.o(i.ad9361_ensm_force_state)
    ad9361_ensm_restore_prev_state           0x08004661   Thumb Code   140  ad9361.o(i.ad9361_ensm_restore_prev_state)
    ad9361_ensm_set_state                    0x08004761   Thumb Code   604  ad9361.o(i.ad9361_ensm_set_state)
    ad9361_find_opt                          0x08004c15   Thumb Code    80  ad9361.o(i.ad9361_find_opt)
    ad9361_from_clk                          0x08004c65   Thumb Code     8  ad9361.o(i.ad9361_from_clk)
    ad9361_get_rx_fir_en_dis                 0x08005807   Thumb Code    18  ad9361_api.o(i.ad9361_get_rx_fir_en_dis)
    ad9361_get_rx_gain                       0x08005819   Thumb Code   182  ad9361.o(i.ad9361_get_rx_gain)
    ad9361_get_rx_gain_control_mode          0x08005925   Thumb Code    12  ad9361_api.o(i.ad9361_get_rx_gain_control_mode)
    ad9361_get_rx_lo_freq                    0x08005931   Thumb Code    24  ad9361_api.o(i.ad9361_get_rx_lo_freq)
    ad9361_get_rx_rf_bandwidth               0x08005949   Thumb Code    10  ad9361_api.o(i.ad9361_get_rx_rf_bandwidth)
    ad9361_get_rx_rf_gain                    0x08005955   Thumb Code    72  ad9361_api.o(i.ad9361_get_rx_rf_gain)
    ad9361_get_rx_sampling_freq              0x080059cd   Thumb Code    16  ad9361_api.o(i.ad9361_get_rx_sampling_freq)
    ad9361_get_tx_atten                      0x08005ab5   Thumb Code    38  ad9361.o(i.ad9361_get_tx_atten)
    ad9361_get_tx_attenuation                0x08005add   Thumb Code    60  ad9361_api.o(i.ad9361_get_tx_attenuation)
    ad9361_get_tx_fir_en_dis                 0x08005b49   Thumb Code    18  ad9361_api.o(i.ad9361_get_tx_fir_en_dis)
    ad9361_get_tx_lo_freq                    0x08005b5b   Thumb Code    24  ad9361_api.o(i.ad9361_get_tx_lo_freq)
    ad9361_get_tx_rf_bandwidth               0x08005b73   Thumb Code    10  ad9361_api.o(i.ad9361_get_tx_rf_bandwidth)
    ad9361_get_tx_sampling_freq              0x08005b7d   Thumb Code    18  ad9361_api.o(i.ad9361_get_tx_sampling_freq)
    ad9361_hdl_loopback                      0x08005c85   Thumb Code   140  ad9361_conv.o(i.ad9361_hdl_loopback)
    ad9361_init                              0x08005d11   Thumb Code  3128  ad9361_api.o(i.ad9361_init)
    ad9361_init_gain_tables                  0x08006a21   Thumb Code    74  ad9361.o(i.ad9361_init_gain_tables)
    ad9361_load_fir_filter_coef              0x08006ab5   Thumb Code   468  ad9361.o(i.ad9361_load_fir_filter_coef)
    ad9361_post_setup                        0x08006f7d   Thumb Code   276  ad9361_conv.o(i.ad9361_post_setup)
    ad9361_reset                             0x080071a5   Thumb Code   114  ad9361.o(i.ad9361_reset)
    ad9361_rf_port_setup                     0x0800733d   Thumb Code   100  ad9361.o(i.ad9361_rf_port_setup)
    ad9361_rfpll_dummy_recalc_rate           0x080073c1   Thumb Code    14  ad9361.o(i.ad9361_rfpll_dummy_recalc_rate)
    ad9361_rfpll_dummy_set_rate              0x080073cf   Thumb Code    16  ad9361.o(i.ad9361_rfpll_dummy_set_rate)
    ad9361_rfpll_int_recalc_rate             0x080073e1   Thumb Code   314  ad9361.o(i.ad9361_rfpll_int_recalc_rate)
    ad9361_rfpll_int_round_rate              0x08007541   Thumb Code    62  ad9361.o(i.ad9361_rfpll_int_round_rate)
    ad9361_rfpll_int_set_rate                0x080075a1   Thumb Code   550  ad9361.o(i.ad9361_rfpll_int_set_rate)
    ad9361_rfpll_recalc_rate                 0x080077fd   Thumb Code    82  ad9361.o(i.ad9361_rfpll_recalc_rate)
    ad9361_rfpll_round_rate                  0x0800784f   Thumb Code   114  ad9361.o(i.ad9361_rfpll_round_rate)
    ad9361_rfpll_set_rate                    0x080078c1   Thumb Code   236  ad9361.o(i.ad9361_rfpll_set_rate)
    ad9361_set_dcxo_tune                     0x08008a21   Thumb Code    70  ad9361.o(i.ad9361_set_dcxo_tune)
    ad9361_set_en_state_machine_mode         0x08008a89   Thumb Code   102  ad9361_api.o(i.ad9361_set_en_state_machine_mode)
    ad9361_set_ensm_mode                     0x08008af1   Thumb Code   106  ad9361.o(i.ad9361_set_ensm_mode)
    ad9361_set_gain_ctrl_mode                0x08008b5d   Thumb Code   200  ad9361.o(i.ad9361_set_gain_ctrl_mode)
    ad9361_set_rx_fir_config                 0x08008ca9   Thumb Code    38  ad9361_api.o(i.ad9361_set_rx_fir_config)
    ad9361_set_rx_fir_en_dis                 0x08008cd1   Thumb Code    48  ad9361_api.o(i.ad9361_set_rx_fir_en_dis)
    ad9361_set_rx_gain                       0x08008d01   Thumb Code   124  ad9361.o(i.ad9361_set_rx_gain)
    ad9361_set_rx_gain_control_mode          0x08008de1   Thumb Code    74  ad9361_api.o(i.ad9361_set_rx_gain_control_mode)
    ad9361_set_rx_lo_freq                    0x08008e5d   Thumb Code    28  ad9361_api.o(i.ad9361_set_rx_lo_freq)
    ad9361_set_rx_rf_bandwidth               0x08008e79   Thumb Code    36  ad9361_api.o(i.ad9361_set_rx_rf_bandwidth)
    ad9361_set_rx_rf_gain                    0x08008e9d   Thumb Code    70  ad9361_api.o(i.ad9361_set_rx_rf_gain)
    ad9361_set_rx_sampling_freq              0x08008f15   Thumb Code    50  ad9361_api.o(i.ad9361_set_rx_sampling_freq)
    ad9361_set_trx_clock_chain               0x08008f49   Thumb Code   388  ad9361.o(i.ad9361_set_trx_clock_chain)
    ad9361_set_trx_clock_chain_freq          0x08009119   Thumb Code    40  ad9361.o(i.ad9361_set_trx_clock_chain_freq)
    ad9361_set_tx_atten                      0x08009141   Thumb Code   158  ad9361.o(i.ad9361_set_tx_atten)
    ad9361_set_tx_attenuation                0x08009215   Thumb Code    88  ad9361_api.o(i.ad9361_set_tx_attenuation)
    ad9361_set_tx_fir_config                 0x0800929d   Thumb Code    34  ad9361_api.o(i.ad9361_set_tx_fir_config)
    ad9361_set_tx_fir_en_dis                 0x080092c1   Thumb Code    48  ad9361_api.o(i.ad9361_set_tx_fir_en_dis)
    ad9361_set_tx_lo_freq                    0x080092f1   Thumb Code    28  ad9361_api.o(i.ad9361_set_tx_lo_freq)
    ad9361_set_tx_rf_bandwidth               0x0800930d   Thumb Code    36  ad9361_api.o(i.ad9361_set_tx_rf_bandwidth)
    ad9361_set_tx_rf_port_output             0x08009331   Thumb Code    20  ad9361_api.o(i.ad9361_set_tx_rf_port_output)
    ad9361_set_tx_sampling_freq              0x08009345   Thumb Code    50  ad9361_api.o(i.ad9361_set_tx_sampling_freq)
    ad9361_setup                             0x08009379   Thumb Code  1972  ad9361.o(i.ad9361_setup)
    ad9361_spi_read                          0x08009b39   Thumb Code    20  ad9361.o(i.ad9361_spi_read)
    ad9361_spi_readm                         0x08009b4d   Thumb Code    74  ad9361.o(i.ad9361_spi_readm)
    ad9361_spi_write                         0x08009bad   Thumb Code    64  ad9361.o(i.ad9361_spi_write)
    ad9361_to_clk                            0x08009c7d   Thumb Code     8  ad9361.o(i.ad9361_to_clk)
    ad9361_tracking_control                  0x08009cb9   Thumb Code   184  ad9361.o(i.ad9361_tracking_control)
    ad9361_tx_mute                           0x0800a181   Thumb Code    94  ad9361.o(i.ad9361_tx_mute)
    ad9361_update_rf_bandwidth               0x0800a8ed   Thumb Code    98  ad9361.o(i.ad9361_update_rf_bandwidth)
    ad9361_validate_enable_fir               0x0800a951   Thumb Code   432  ad9361.o(i.ad9361_validate_enable_fir)
    ad9361_validate_rf_bw                    0x0800ac55   Thumb Code    30  ad9361.o(i.ad9361_validate_rf_bw)
    ad9361_validate_rfpll                    0x0800ac7d   Thumb Code    50  ad9361.o(i.ad9361_validate_rfpll)
    adc_init                                 0x0800ad89   Thumb Code    12  adc_core.o(i.adc_init)
    adc_read                                 0x0800ad99   Thumb Code     2  adc_core.o(i.adc_read)
    adc_write                                0x0800ad9b   Thumb Code     2  adc_core.o(i.adc_write)
    axiadc_idelay_set                        0x0800ad9d   Thumb Code    62  platform.o(i.axiadc_idelay_set)
    axiadc_init                              0x0800addb   Thumb Code    22  platform.o(i.axiadc_init)
    axiadc_post_setup                        0x0800adf1   Thumb Code     4  platform.o(i.axiadc_post_setup)
    axiadc_read                              0x0800adf5   Thumb Code    14  platform.o(i.axiadc_read)
    axiadc_set_pnsel                         0x0800ae03   Thumb Code   108  platform.o(i.axiadc_set_pnsel)
    axiadc_write                             0x0800ae6f   Thumb Code     6  platform.o(i.axiadc_write)
    cal_lo_diff                              0x0800ae75   Thumb Code   536  command.o(i.cal_lo_diff)
    clk_get_rate                             0x0800b1cd   Thumb Code   120  util.o(i.clk_get_rate)
    clk_prepare_enable                       0x0800b245   Thumb Code     4  util.o(i.clk_prepare_enable)
    clk_set_rate                             0x0800b249   Thumb Code   526  util.o(i.clk_set_rate)
    console_check_commands                   0x0800b459   Thumb Code   562  console.o(i.console_check_commands)
    console_get_command                      0x0800b6b1   Thumb Code    42  console.o(i.console_get_command)
    console_print                            0x0800b6dd   Thumb Code   412  console.o(i.console_print)
    dac_init                                 0x0800b885   Thumb Code     2  dac_core.o(i.dac_init)
    dac_start_sync                           0x0800b887   Thumb Code     2  dac_core.o(i.dac_start_sync)
    dac_stop                                 0x0800b889   Thumb Code     2  dac_core.o(i.dac_stop)
    dds_set_frequency                        0x0800b88d   Thumb Code    70  dac_core.o(i.dds_set_frequency)
    dds_set_phase                            0x0800b8d9   Thumb Code    64  dac_core.o(i.dds_set_phase)
    dds_set_scale                            0x0800b921   Thumb Code    96  dac_core.o(i.dds_set_scale)
    dds_tx2_tone2_scale                      0x0800b98d   Thumb Code    10  command.o(i.dds_tx2_tone2_scale)
    dds_update                               0x0800b9b5   Thumb Code    86  dac_core.o(i.dds_update)
    do_div                                   0x0800ba11   Thumb Code    22  util.o(i.do_div)
    find_first_bit                           0x0800ba27   Thumb Code    48  util.o(i.find_first_bit)
    fputc                                    0x0800ba59   Thumb Code    20  usart.o(i.fputc)
    free                                     0x0800ba71   Thumb Code    76  malloc.o(i.free)
    get_dds_tx1_tone1_freq                   0x0800bac1   Thumb Code    10  command.o(i.get_dds_tx1_tone1_freq)
    get_dds_tx1_tone1_phase                  0x0800bae9   Thumb Code    18  command.o(i.get_dds_tx1_tone1_phase)
    get_dds_tx1_tone1_scale                  0x0800bb19   Thumb Code    10  command.o(i.get_dds_tx1_tone1_scale)
    get_dds_tx1_tone2_freq                   0x0800bb41   Thumb Code    10  command.o(i.get_dds_tx1_tone2_freq)
    get_dds_tx1_tone2_phase                  0x0800bb69   Thumb Code    18  command.o(i.get_dds_tx1_tone2_phase)
    get_dds_tx1_tone2_scale                  0x0800bb99   Thumb Code    10  command.o(i.get_dds_tx1_tone2_scale)
    get_dds_tx2_tone1_freq                   0x0800bbc1   Thumb Code    10  command.o(i.get_dds_tx2_tone1_freq)
    get_dds_tx2_tone1_phase                  0x0800bbe9   Thumb Code    18  command.o(i.get_dds_tx2_tone1_phase)
    get_dds_tx2_tone1_scale                  0x0800bc19   Thumb Code    10  command.o(i.get_dds_tx2_tone1_scale)
    get_dds_tx2_tone2_freq                   0x0800bc41   Thumb Code    10  command.o(i.get_dds_tx2_tone2_freq)
    get_dds_tx2_tone2_phase                  0x0800bc69   Thumb Code    18  command.o(i.get_dds_tx2_tone2_phase)
    get_help                                 0x0800bc99   Thumb Code    36  command.o(i.get_help)
    get_lo_diff                              0x0800bce5   Thumb Code    18  command.o(i.get_lo_diff)
    get_register                             0x0800bd19   Thumb Code     6  command.o(i.get_register)
    get_rx1_gc_mode                          0x0800bd45   Thumb Code    26  command.o(i.get_rx1_gc_mode)
    get_rx1_rf_gain                          0x0800bd75   Thumb Code    24  command.o(i.get_rx1_rf_gain)
    get_rx2_gc_mode                          0x0800bda1   Thumb Code    26  command.o(i.get_rx2_gc_mode)
    get_rx2_rf_gain                          0x0800bdd1   Thumb Code    24  command.o(i.get_rx2_rf_gain)
    get_rx_fir_en                            0x0800bdfd   Thumb Code    24  command.o(i.get_rx_fir_en)
    get_rx_lo_freq                           0x0800be29   Thumb Code    38  command.o(i.get_rx_lo_freq)
    get_rx_rf_bandwidth                      0x0800be69   Thumb Code    22  command.o(i.get_rx_rf_bandwidth)
    get_rx_samp_freq                         0x0800be99   Thumb Code    22  command.o(i.get_rx_samp_freq)
    get_tx1_attenuation                      0x0800bec9   Thumb Code    24  command.o(i.get_tx1_attenuation)
    get_tx2_attenuation                      0x0800bef9   Thumb Code    24  command.o(i.get_tx2_attenuation)
    get_tx_fir_en                            0x0800bf29   Thumb Code    24  command.o(i.get_tx_fir_en)
    get_tx_lo_freq                           0x0800bf55   Thumb Code    38  command.o(i.get_tx_lo_freq)
    get_tx_rf_bandwidth                      0x0800bf95   Thumb Code    22  command.o(i.get_tx_rf_bandwidth)
    get_tx_samp_freq                         0x0800bfc5   Thumb Code    22  command.o(i.get_tx_samp_freq)
    gpio_data                                0x0800bff5   Thumb Code    56  platform.o(i.gpio_data)
    gpio_is_valid                            0x0800c03d   Thumb Code    12  platform.o(i.gpio_is_valid)
    gpio_set_value                           0x0800c049   Thumb Code     8  platform.o(i.gpio_set_value)
    ilog2                                    0x0800c051   Thumb Code   100  util.o(i.ilog2)
    int_sqrt                                 0x0800c0b5   Thumb Code    34  util.o(i.int_sqrt)
    int_to_str                               0x0800c0d9   Thumb Code    72  console.o(i.int_to_str)
    main                                     0x0800c139   Thumb Code   628  main.o(i.main)
    malloc                                   0x0800c541   Thumb Code    92  malloc.o(i.malloc)
    mdelay                                   0x0800c5ad   Thumb Code     4  platform.o(i.mdelay)
    query_led_state                          0x0800c5b1   Thumb Code    10  command.o(i.query_led_state)
    query_led_state_set                      0x0800c5d1   Thumb Code    62  command.o(i.query_led_state_set)
    register_clocks                          0x0800c649   Thumb Code   464  ad9361.o(i.register_clocks)
    rx_lo_down                               0x0800c91d   Thumb Code   114  command.o(i.rx_lo_down)
    rx_lo_up                                 0x0800c9bd   Thumb Code   112  command.o(i.rx_lo_up)
    set_dds_tx1_tone1_freq                   0x0800ca59   Thumb Code    64  command.o(i.set_dds_tx1_tone1_freq)
    set_dds_tx1_tone1_phase                  0x0800cab5   Thumb Code    96  command.o(i.set_dds_tx1_tone1_phase)
    set_dds_tx1_tone1_scale                  0x0800cb35   Thumb Code    66  command.o(i.set_dds_tx1_tone1_scale)
    set_dds_tx1_tone2_freq                   0x0800cb99   Thumb Code    64  command.o(i.set_dds_tx1_tone2_freq)
    set_dds_tx1_tone2_phase                  0x0800cbf5   Thumb Code    96  command.o(i.set_dds_tx1_tone2_phase)
    set_dds_tx1_tone2_scale                  0x0800cc75   Thumb Code    66  command.o(i.set_dds_tx1_tone2_scale)
    set_dds_tx2_tone1_freq                   0x0800ccd9   Thumb Code    64  command.o(i.set_dds_tx2_tone1_freq)
    set_dds_tx2_tone1_phase                  0x0800cd35   Thumb Code    96  command.o(i.set_dds_tx2_tone1_phase)
    set_dds_tx2_tone1_scale                  0x0800cdb5   Thumb Code    66  command.o(i.set_dds_tx2_tone1_scale)
    set_dds_tx2_tone2_freq                   0x0800ce19   Thumb Code    64  command.o(i.set_dds_tx2_tone2_freq)
    set_dds_tx2_tone2_phase                  0x0800ce75   Thumb Code    96  command.o(i.set_dds_tx2_tone2_phase)
    set_dds_tx2_tone2_scale                  0x0800cef5   Thumb Code    66  command.o(i.set_dds_tx2_tone2_scale)
    set_rx1_gc_mode                          0x0800d04d   Thumb Code    52  command.o(i.set_rx1_gc_mode)
    set_rx1_rf_gain                          0x0800d095   Thumb Code    52  command.o(i.set_rx1_rf_gain)
    set_rx2_gc_mode                          0x0800d0dd   Thumb Code    52  command.o(i.set_rx2_gc_mode)
    set_rx2_rf_gain                          0x0800d125   Thumb Code    52  command.o(i.set_rx2_rf_gain)
    set_rx_fir_en                            0x0800d16d   Thumb Code    50  command.o(i.set_rx_fir_en)
    set_rx_lo_freq                           0x0800d1b5   Thumb Code    78  command.o(i.set_rx_lo_freq)
    set_rx_rf_bandwidth                      0x0800d21d   Thumb Code    50  command.o(i.set_rx_rf_bandwidth)
    set_rx_samp_freq                         0x0800d269   Thumb Code    60  command.o(i.set_rx_samp_freq)
    set_tx1_attenuation                      0x0800d4b9   Thumb Code    52  command.o(i.set_tx1_attenuation)
    set_tx2_attenuation                      0x0800d505   Thumb Code    52  command.o(i.set_tx2_attenuation)
    set_tx_fir_en                            0x0800d551   Thumb Code    50  command.o(i.set_tx_fir_en)
    set_tx_lo_freq                           0x0800d599   Thumb Code    78  command.o(i.set_tx_lo_freq)
    set_tx_rf_bandwidth                      0x0800d601   Thumb Code    40  command.o(i.set_tx_rf_bandwidth)
    set_tx_samp_freq                         0x0800d62d   Thumb Code    60  command.o(i.set_tx_samp_freq)
    show_invalid_param_message               0x0800d681   Thumb Code    38  command.o(i.show_invalid_param_message)
    spi_write_then_read                      0x0800d6dd   Thumb Code    66  platform.o(i.spi_write_then_read)
    uart_read_char                           0x0800d725   Thumb Code    14  console.o(i.uart_read_char)
    uart_write_char                          0x0800d739   Thumb Code    18  console.o(i.uart_write_char)
    uart_write_string                        0x0800d751   Thumb Code    20  console.o(i.uart_write_string)
    udelay                                   0x0800d765   Thumb Code    18  platform.o(i.udelay)
    zmalloc                                  0x0800d777   Thumb Code    28  util.o(i.zmalloc)
    AHBPrescTable                            0x0800d792   Data          16  system_stm32f4xx.o(.constdata)
    APBPrescTable                            0x0800d7a2   Data           8  system_stm32f4xx.o(.constdata)
    cmd_no                                   0x0800f488   Data           1  command.o(.constdata)
    __ctype_categories                       0x0800f489   Data          64  ctype_c.o(.constdata)
    Region$$Table$$Base                      0x080101d0   Number         0  anon$$obj.o(Region$$Table)
    Region$$Table$$Limit                     0x080101f0   Number         0  anon$$obj.o(Region$$Table)
    cmd                                      0x20000000   Data           1  main.o(.data)
    param_no                                 0x20000001   Data           1  main.o(.data)
    invalid_cmd                              0x20000002   Data           1  main.o(.data)
    cmd_type                                 0x20000004   Data           4  main.o(.data)
    ad9361_phy                               0x20000008   Data           4  main.o(.data)
    default_init_param                       0x20000010   Data         520  main.o(.data)
    rx_fir_config                            0x20000218   Data         300  main.o(.data)
    tx_fir_config                            0x20000344   Data         300  main.o(.data)
    uwTickFreq                               0x20000470   Data           1  stm32f4xx_hal.o(.data)
    uwTickPrio                               0x20000474   Data           4  stm32f4xx_hal.o(.data)
    uwTick                                   0x20000478   Data           4  stm32f4xx_hal.o(.data)
    SystemCoreClock                          0x2000047c   Data           4  system_stm32f4xx.o(.data)
    adc_st                                   0x20000490   Data           1  adc_core.o(.data)
    led_state                                0x20000494   Data           1  command.o(.data)
    led_interrupt_en                         0x20000495   Data           1  command.o(.data)
    edge_dir                                 0x20000496   Data           1  command.o(.data)
    led_short_lock                           0x20000497   Data           1  command.o(.data)
    led_short_count                          0x20000498   Data           1  command.o(.data)
    rise_trig_time                           0x2000049c   Data           4  command.o(.data)
    fall_trig_time                           0x200004a0   Data           4  command.o(.data)
    cmd_list                                 0x200004a4   Data         960  command.o(.data)
    __stdout                                 0x20000878   Data           4  stdout.o(.data)
    __microlib_freelist                      0x2000087c   Data           4  mvars.o(.data)
    __microlib_freelist_initialised          0x20000880   Data           4  mvars.o(.data)
    param                                    0x20000888   Data          40  main.o(.bss)
    received_cmd                             0x200008b0   Data          30  main.o(.bss)
    hspi2                                    0x200008d0   Data          88  spi.o(.bss)
    htim1                                    0x20000928   Data          72  tim.o(.bss)
    huart1                                   0x20000970   Data          68  usart.o(.bss)
    dds_st                                   0x200009b4   Data         240  dac_core.o(.bss)
    __heap_base                              0x20000aa8   Data           0  startup_stm32f411xe.o(HEAP)
    __heap_limit                             0x20001aa8   Data           0  startup_stm32f411xe.o(HEAP)
    __initial_sp                             0x20001ea8   Data           0  startup_stm32f411xe.o(STACK)



==============================================================================

Memory Map of the image

  Image Entry point : 0x08000199

  Load Region LR_IROM1 (Base: 0x08000000, Size: 0x00010a78, Max: 0x00080000, ABSOLUTE, COMPRESSED[0x000105d0])

    Execution Region ER_IROM1 (Exec base: 0x08000000, Load base: 0x08000000, Size: 0x000101f0, Max: 0x00080000, ABSOLUTE)

    Exec Addr    Load Addr    Size         Type   Attr      Idx    E Section Name        Object

    0x08000000   0x08000000   0x00000198   Data   RO            3    RESET               startup_stm32f411xe.o
    0x08000198   0x08000198   0x00000000   Code   RO         5791  * .ARM.Collect$$$$00000000  mc_w.l(entry.o)
    0x08000198   0x08000198   0x00000004   Code   RO         6121    .ARM.Collect$$$$00000001  mc_w.l(entry2.o)
    0x0800019c   0x0800019c   0x00000004   Code   RO         6124    .ARM.Collect$$$$00000004  mc_w.l(entry5.o)
    0x080001a0   0x080001a0   0x00000000   Code   RO         6126    .ARM.Collect$$$$00000008  mc_w.l(entry7b.o)
    0x080001a0   0x080001a0   0x00000000   Code   RO         6128    .ARM.Collect$$$$0000000A  mc_w.l(entry8b.o)
    0x080001a0   0x080001a0   0x00000008   Code   RO         6129    .ARM.Collect$$$$0000000B  mc_w.l(entry9a.o)
    0x080001a8   0x080001a8   0x00000004   Code   RO         6136    .ARM.Collect$$$$0000000E  mc_w.l(entry12b.o)
    0x080001ac   0x080001ac   0x00000000   Code   RO         6131    .ARM.Collect$$$$0000000F  mc_w.l(entry10a.o)
    0x080001ac   0x080001ac   0x00000000   Code   RO         6133    .ARM.Collect$$$$00000011  mc_w.l(entry11a.o)
    0x080001ac   0x080001ac   0x00000004   Code   RO         6122    .ARM.Collect$$$$00002712  mc_w.l(entry2.o)
    0x080001b0   0x080001b0   0x00000024   Code   RO            4    .text               startup_stm32f411xe.o
    0x080001d4   0x080001d4   0x00000062   Code   RO         5794    .text               mc_w.l(uldiv.o)
    0x08000236   0x08000236   0x00000020   Code   RO         5796    .text               mc_w.l(llushr.o)
    0x08000256   0x08000256   0x00000024   Code   RO         5798    .text               mc_w.l(memcpya.o)
    0x0800027a   0x0800027a   0x00000024   Code   RO         5800    .text               mc_w.l(memseta.o)
    0x0800029e   0x0800029e   0x0000014e   Code   RO         6101    .text               mf_w.l(dadd.o)
    0x080003ec   0x080003ec   0x000000e4   Code   RO         6103    .text               mf_w.l(dmul.o)
    0x080004d0   0x080004d0   0x000000de   Code   RO         6105    .text               mf_w.l(ddiv.o)
    0x080005ae   0x080005ae   0x0000001a   Code   RO         6109    .text               mf_w.l(dfltui.o)
    0x080005c8   0x080005c8   0x00000018   Code   RO         6111    .text               mf_w.l(dfltul.o)
    0x080005e0   0x080005e0   0x0000003e   Code   RO         6113    .text               mf_w.l(dfixi.o)
    0x0800061e   0x0800061e   0x00000032   Code   RO         6115    .text               mf_w.l(dfixui.o)
    0x08000650   0x08000650   0x00000030   Code   RO         6117    .text               mf_w.l(dfixul.o)
    0x08000680   0x08000680   0x00000030   Code   RO         6119    .text               mf_w.l(cdcmple.o)
    0x080006b0   0x080006b0   0x0000002c   Code   RO         6138    .text               mc_w.l(uidiv.o)
    0x080006dc   0x080006dc   0x0000001e   Code   RO         6140    .text               mc_w.l(llshl.o)
    0x080006fa   0x080006fa   0x00000024   Code   RO         6142    .text               mc_w.l(llsshr.o)
    0x0800071e   0x0800071e   0x00000040   Code   RO         6157    .text               mc_w.l(_sgetc.o)
    0x0800075e   0x0800075e   0x00000002   PAD
    0x08000760   0x08000760   0x0000009c   Code   RO         6159    .text               mc_w.l(strtod.o)
    0x080007fc   0x080007fc   0x00000000   Code   RO         6161    .text               mc_w.l(iusefp.o)
    0x080007fc   0x080007fc   0x000000ba   Code   RO         6162    .text               mf_w.l(depilogue.o)
    0x080008b6   0x080008b6   0x00000002   PAD
    0x080008b8   0x080008b8   0x00000030   Code   RO         6164    .text               mf_w.l(cdrcmple.o)
    0x080008e8   0x080008e8   0x00000024   Code   RO         6166    .text               mc_w.l(init.o)
    0x0800090c   0x0800090c   0x0000000a   Code   RO         6168    .text               mc_w.l(isspace_c.o)
    0x08000916   0x08000916   0x00000002   PAD
    0x08000918   0x08000918   0x00000360   Code   RO         6172    .text               mc_w.l(scanf_fp.o)
    0x08000c78   0x08000c78   0x00000028   Code   RO         6176    .text               mc_w.l(ctype_c.o)
    0x08000ca0   0x08000ca0   0x00000038   Code   RO         6179    .text               mf_w.l(d2f.o)
    0x08000cd8   0x08000cd8   0x0000006e   Code   RO         6181    .text               mf_w.l(fepilogue.o)
    0x08000d46   0x08000d46   0x0000005e   Code   RO         6191    .text               mc_w.l(__dclz77c.o)
    0x08000da4   0x08000da4   0x00000002   Code   RO          389    i.BusFault_Handler  stm32f4xx_it.o
    0x08000da6   0x08000da6   0x00000002   Code   RO          390    i.DebugMon_Handler  stm32f4xx_it.o
    0x08000da8   0x08000da8   0x00000002   Code   RO         5522    i.ERR_PTR           util.o
    0x08000daa   0x08000daa   0x00000008   Code   RO          391    i.EXTI9_5_IRQHandler  stm32f4xx_it.o
    0x08000db2   0x08000db2   0x00000004   Code   RO           13    i.Error_Handler     main.o
    0x08000db6   0x08000db6   0x00000002   PAD
    0x08000db8   0x08000db8   0x00000024   Code   RO         1782    i.HAL_Delay         stm32f4xx_hal.o
    0x08000ddc   0x08000ddc   0x00000070   Code   RO         4738    i.HAL_GPIO_EXTI_Callback  command.o
    0x08000e4c   0x08000e4c   0x00000018   Code   RO         1231    i.HAL_GPIO_EXTI_IRQHandler  stm32f4xx_hal_gpio.o
    0x08000e64   0x08000e64   0x000001e0   Code   RO         1232    i.HAL_GPIO_Init     stm32f4xx_hal_gpio.o
    0x08001044   0x08001044   0x0000000a   Code   RO         1234    i.HAL_GPIO_ReadPin  stm32f4xx_hal_gpio.o
    0x0800104e   0x0800104e   0x00000010   Code   RO         1235    i.HAL_GPIO_TogglePin  stm32f4xx_hal_gpio.o
    0x0800105e   0x0800105e   0x0000000a   Code   RO         1236    i.HAL_GPIO_WritePin  stm32f4xx_hal_gpio.o
    0x08001068   0x08001068   0x0000000c   Code   RO         1788    i.HAL_GetTick       stm32f4xx_hal.o
    0x08001074   0x08001074   0x00000010   Code   RO         1794    i.HAL_IncTick       stm32f4xx_hal.o
    0x08001084   0x08001084   0x00000034   Code   RO         1795    i.HAL_Init          stm32f4xx_hal.o
    0x080010b8   0x080010b8   0x00000040   Code   RO         1796    i.HAL_InitTick      stm32f4xx_hal.o
    0x080010f8   0x080010f8   0x00000030   Code   RO          477    i.HAL_MspInit       stm32f4xx_hal_msp.o
    0x08001128   0x08001128   0x0000001a   Code   RO         1645    i.HAL_NVIC_EnableIRQ  stm32f4xx_hal_cortex.o
    0x08001142   0x08001142   0x00000002   PAD
    0x08001144   0x08001144   0x00000040   Code   RO         1651    i.HAL_NVIC_SetPriority  stm32f4xx_hal_cortex.o
    0x08001184   0x08001184   0x00000024   Code   RO         1652    i.HAL_NVIC_SetPriorityGrouping  stm32f4xx_hal_cortex.o
    0x080011a8   0x080011a8   0x00000134   Code   RO          824    i.HAL_RCC_ClockConfig  stm32f4xx_hal_rcc.o
    0x080012dc   0x080012dc   0x00000020   Code   RO          831    i.HAL_RCC_GetPCLK1Freq  stm32f4xx_hal_rcc.o
    0x080012fc   0x080012fc   0x00000020   Code   RO          832    i.HAL_RCC_GetPCLK2Freq  stm32f4xx_hal_rcc.o
    0x0800131c   0x0800131c   0x00000064   Code   RO          833    i.HAL_RCC_GetSysClockFreq  stm32f4xx_hal_rcc.o
    0x08001380   0x08001380   0x0000036c   Code   RO          836    i.HAL_RCC_OscConfig  stm32f4xx_hal_rcc.o
    0x080016ec   0x080016ec   0x000000bc   Code   RO          512    i.HAL_SPI_Init      stm32f4xx_hal_spi.o
    0x080017a8   0x080017a8   0x0000006c   Code   RO          254    i.HAL_SPI_MspInit   spi.o
    0x08001814   0x08001814   0x00000028   Code   RO         1656    i.HAL_SYSTICK_Config  stm32f4xx_hal_cortex.o
    0x0800183c   0x0800183c   0x00000002   Code   RO         2739    i.HAL_TIMEx_BreakCallback  stm32f4xx_hal_tim_ex.o
    0x0800183e   0x0800183e   0x00000002   Code   RO         2740    i.HAL_TIMEx_CommutCallback  stm32f4xx_hal_tim_ex.o
    0x08001840   0x08001840   0x0000007c   Code   RO         2758    i.HAL_TIMEx_MasterConfigSynchronization  stm32f4xx_hal_tim_ex.o
    0x080018bc   0x080018bc   0x0000005a   Code   RO         2035    i.HAL_TIM_Base_Init  stm32f4xx_hal_tim.o
    0x08001916   0x08001916   0x00000002   PAD
    0x08001918   0x08001918   0x0000003c   Code   RO          296    i.HAL_TIM_Base_MspInit  tim.o
    0x08001954   0x08001954   0x0000006c   Code   RO         2040    i.HAL_TIM_Base_Start_IT  stm32f4xx_hal_tim.o
    0x080019c0   0x080019c0   0x00000030   Code   RO         2043    i.HAL_TIM_Base_Stop_IT  stm32f4xx_hal_tim.o
    0x080019f0   0x080019f0   0x000000dc   Code   RO         2044    i.HAL_TIM_ConfigClockSource  stm32f4xx_hal_tim.o
    0x08001acc   0x08001acc   0x00000002   Code   RO         2069    i.HAL_TIM_IC_CaptureCallback  stm32f4xx_hal_tim.o
    0x08001ace   0x08001ace   0x00000166   Code   RO         2083    i.HAL_TIM_IRQHandler  stm32f4xx_hal_tim.o
    0x08001c34   0x08001c34   0x00000002   Code   RO         2086    i.HAL_TIM_OC_DelayElapsedCallback  stm32f4xx_hal_tim.o
    0x08001c36   0x08001c36   0x00000002   Code   RO         2113    i.HAL_TIM_PWM_PulseFinishedCallback  stm32f4xx_hal_tim.o
    0x08001c38   0x08001c38   0x00000024   Code   RO         4739    i.HAL_TIM_PeriodElapsedCallback  command.o
    0x08001c5c   0x08001c5c   0x00000002   Code   RO         2126    i.HAL_TIM_TriggerCallback  stm32f4xx_hal_tim.o
    0x08001c5e   0x08001c5e   0x00000062   Code   RO         3035    i.HAL_UART_Init     stm32f4xx_hal_uart.o
    0x08001cc0   0x08001cc0   0x00000068   Code   RO          338    i.HAL_UART_MspInit  usart.o
    0x08001d28   0x08001d28   0x000000c0   Code   RO         3038    i.HAL_UART_Receive  stm32f4xx_hal_uart.o
    0x08001de8   0x08001de8   0x000000b2   Code   RO         3043    i.HAL_UART_Transmit  stm32f4xx_hal_uart.o
    0x08001e9a   0x08001e9a   0x00000002   Code   RO          392    i.HardFault_Handler  stm32f4xx_it.o
    0x08001e9c   0x08001e9c   0x000000ec   Code   RO          229    i.MX_GPIO_Init      gpio.o
    0x08001f88   0x08001f88   0x00000044   Code   RO          255    i.MX_SPI2_Init      spi.o
    0x08001fcc   0x08001fcc   0x00000068   Code   RO          297    i.MX_TIM1_Init      tim.o
    0x08002034   0x08002034   0x00000038   Code   RO          339    i.MX_USART1_UART_Init  usart.o
    0x0800206c   0x0800206c   0x00000002   Code   RO          393    i.MemManage_Handler  stm32f4xx_it.o
    0x0800206e   0x0800206e   0x00000002   Code   RO          394    i.NMI_Handler       stm32f4xx_it.o
    0x08002070   0x08002070   0x00000002   Code   RO          395    i.PendSV_Handler    stm32f4xx_it.o
    0x08002072   0x08002072   0x00000002   PAD
    0x08002074   0x08002074   0x00000080   Code   RO         5658    i.QueryDataFromFPGA_Polling  com_fpga.o
    0x080020f4   0x080020f4   0x0000000c   Code   RO         5659    i.ReadDataBus       com_fpga.o
    0x08002100   0x08002100   0x00000002   Code   RO          396    i.SVC_Handler       stm32f4xx_it.o
    0x08002102   0x08002102   0x00000016   Code   RO         5724    i.Soft_SPI_Delay    softspi.o
    0x08002118   0x08002118   0x000000d0   Code   RO         5725    i.Soft_SPI_Init     softspi.o
    0x080021e8   0x080021e8   0x00000040   Code   RO         5726    i.Soft_SPI_ReadBuffer  softspi.o
    0x08002228   0x08002228   0x00000044   Code   RO         5728    i.Soft_SPI_TransferBuffer  softspi.o
    0x0800226c   0x0800226c   0x000000e8   Code   RO         5729    i.Soft_SPI_TransferByte  softspi.o
    0x08002354   0x08002354   0x00000004   Code   RO          397    i.SysTick_Handler   stm32f4xx_it.o
    0x08002358   0x08002358   0x00000090   Code   RO           14    i.SystemClock_Config  main.o
    0x080023e8   0x080023e8   0x00000010   Code   RO         3364    i.SystemInit        system_stm32f4xx.o
    0x080023f8   0x080023f8   0x0000000c   Code   RO          398    i.TIM1_UP_TIM10_IRQHandler  stm32f4xx_it.o
    0x08002404   0x08002404   0x00000098   Code   RO         2128    i.TIM_Base_SetConfig  stm32f4xx_hal_tim.o
    0x0800249c   0x0800249c   0x00000014   Code   RO         2139    i.TIM_ETR_SetConfig  stm32f4xx_hal_tim.o
    0x080024b0   0x080024b0   0x00000010   Code   RO         2140    i.TIM_ITRx_SetConfig  stm32f4xx_hal_tim.o
    0x080024c0   0x080024c0   0x00000022   Code   RO         2146    i.TIM_TI1_ConfigInputStage  stm32f4xx_hal_tim.o
    0x080024e2   0x080024e2   0x00000024   Code   RO         2148    i.TIM_TI2_ConfigInputStage  stm32f4xx_hal_tim.o
    0x08002506   0x08002506   0x00000002   PAD
    0x08002508   0x08002508   0x0000010c   Code   RO         3061    i.UART_SetConfig    stm32f4xx_hal_uart.o
    0x08002614   0x08002614   0x00000078   Code   RO         3064    i.UART_WaitOnFlagUntilTimeout  stm32f4xx_hal_uart.o
    0x0800268c   0x0800268c   0x00000002   Code   RO          399    i.UsageFault_Handler  stm32f4xx_it.o
    0x0800268e   0x0800268e   0x00000002   PAD
    0x08002690   0x08002690   0x00000020   Code   RO         6041    i.__0printf         mc_w.l(printfa.o)
    0x080026b0   0x080026b0   0x00000020   Code   RO         1658    i.__NVIC_SetPriority  stm32f4xx_hal_cortex.o
    0x080026d0   0x080026d0   0x00000026   Code   RO         3401    i.__ad9361_spi_readf  ad9361.o
    0x080026f6   0x080026f6   0x00000040   Code   RO         3402    i.__ad9361_spi_writef  ad9361.o
    0x08002736   0x08002736   0x00000064   Code   RO         3403    i.__ad9361_tx_quad_calib  ad9361.o
    0x0800279a   0x0800279a   0x00000002   PAD
    0x0800279c   0x0800279c   0x0000008c   Code   RO         3404    i.__ad9361_update_rf_bandwidth  ad9361.o
    0x08002828   0x08002828   0x00000038   Code   RO         5785    i.__hardfp_atof     m_wm.l(atof.o)
    0x08002860   0x08002860   0x0000000c   Code   RO         6147    i.__read_errno      mc_w.l(errno.o)
    0x0800286c   0x0800286c   0x0000000e   Code   RO         6185    i.__scatterload_copy  mc_w.l(handlers.o)
    0x0800287a   0x0800287a   0x00000002   Code   RO         6186    i.__scatterload_null  mc_w.l(handlers.o)
    0x0800287c   0x0800287c   0x0000000e   Code   RO         6187    i.__scatterload_zeroinit  mc_w.l(handlers.o)
    0x0800288a   0x0800288a   0x00000002   PAD
    0x0800288c   0x0800288c   0x0000000c   Code   RO         6148    i.__set_errno       mc_w.l(errno.o)
    0x08002898   0x08002898   0x00000184   Code   RO         6048    i._fp_digits        mc_w.l(printfa.o)
    0x08002a1c   0x08002a1c   0x0000000e   Code   RO         6174    i._is_digit         mc_w.l(scanf_fp.o)
    0x08002a2a   0x08002a2a   0x00000002   PAD
    0x08002a2c   0x08002a2c   0x000006b4   Code   RO         6049    i._printf_core      mc_w.l(printfa.o)
    0x080030e0   0x080030e0   0x00000024   Code   RO         6050    i._printf_post_padding  mc_w.l(printfa.o)
    0x08003104   0x08003104   0x0000002e   Code   RO         6051    i._printf_pre_padding  mc_w.l(printfa.o)
    0x08003132   0x08003132   0x0000001c   Code   RO         3405    i.ad9361_1rx1tx_channel_map  ad9361.o
    0x0800314e   0x0800314e   0x00000002   PAD
    0x08003150   0x08003150   0x00000098   Code   RO         3406    i.ad9361_auxadc_setup  ad9361.o
    0x080031e8   0x080031e8   0x000000fc   Code   RO         3408    i.ad9361_auxdac_set  ad9361.o
    0x080032e4   0x080032e4   0x000000b8   Code   RO         3409    i.ad9361_auxdac_setup  ad9361.o
    0x0800339c   0x0800339c   0x0000004c   Code   RO         3410    i.ad9361_bbpll_recalc_rate  ad9361.o
    0x080033e8   0x080033e8   0x0000007c   Code   RO         3411    i.ad9361_bbpll_round_rate  ad9361.o
    0x08003464   0x08003464   0x00000160   Code   RO         3412    i.ad9361_bbpll_set_rate  ad9361.o
    0x080035c4   0x080035c4   0x000000a4   Code   RO         3413    i.ad9361_bist_loopback  ad9361.o
    0x08003668   0x08003668   0x00000054   Code   RO         3414    i.ad9361_bist_prbs  ad9361.o
    0x080036bc   0x080036bc   0x00000098   Code   RO         3416    i.ad9361_calc_rfpll_int_divder  ad9361.o
    0x08003754   0x08003754   0x000002d4   Code   RO         3417    i.ad9361_calculate_rf_clock_chain  ad9361.o
    0x08003a28   0x08003a28   0x00000084   Code   RO         3418    i.ad9361_check_cal_done  ad9361.o
    0x08003aac   0x08003aac   0x00000016   Code   RO         3420    i.ad9361_clk_factor_recalc_rate  ad9361.o
    0x08003ac2   0x08003ac2   0x00000002   PAD
    0x08003ac4   0x08003ac4   0x00000070   Code   RO         3421    i.ad9361_clk_factor_round_rate  ad9361.o
    0x08003b34   0x08003b34   0x0000009c   Code   RO         3422    i.ad9361_clk_factor_set_rate  ad9361.o
    0x08003bd0   0x08003bd0   0x00000068   Code   RO         3423    i.ad9361_clk_mux_set_parent  ad9361.o
    0x08003c38   0x08003c38   0x00000118   Code   RO         3424    i.ad9361_clk_register  ad9361.o
    0x08003d50   0x08003d50   0x00000520   Code   RO         4561    i.ad9361_dig_tune   ad9361_conv.o
    0x08004270   0x08004270   0x00000110   Code   RO         4562    i.ad9361_dig_tune_iodelay  ad9361_conv.o
    0x08004380   0x08004380   0x000000a8   Code   RO         4563    i.ad9361_dig_tune_verbose_print  ad9361_conv.o
    0x08004428   0x08004428   0x000000a4   Code   RO         3425    i.ad9361_do_calib_run  ad9361.o
    0x080044cc   0x080044cc   0x00000020   Code   RO         3426    i.ad9361_en_dis_rx  ad9361.o
    0x080044ec   0x080044ec   0x00000020   Code   RO         3427    i.ad9361_en_dis_tx  ad9361.o
    0x0800450c   0x0800450c   0x00000154   Code   RO         3428    i.ad9361_ensm_force_state  ad9361.o
    0x08004660   0x08004660   0x00000100   Code   RO         3429    i.ad9361_ensm_restore_prev_state  ad9361.o
    0x08004760   0x08004760   0x000002fc   Code   RO         3430    i.ad9361_ensm_set_state  ad9361.o
    0x08004a5c   0x08004a5c   0x0000018c   Code   RO         3432    i.ad9361_fastlock_prepare  ad9361.o
    0x08004be8   0x08004be8   0x0000002c   Code   RO         3433    i.ad9361_fastlock_readval  ad9361.o
    0x08004c14   0x08004c14   0x00000050   Code   RO         3437    i.ad9361_find_opt   ad9361.o
    0x08004c64   0x08004c64   0x00000008   Code   RO         3438    i.ad9361_from_clk   ad9361.o
    0x08004c6c   0x08004c6c   0x0000078e   Code   RO         3439    i.ad9361_gc_setup   ad9361.o
    0x080053fa   0x080053fa   0x00000002   PAD
    0x080053fc   0x080053fc   0x00000234   Code   RO         3440    i.ad9361_gc_update  ad9361.o
    0x08005630   0x08005630   0x00000160   Code   RO         3445    i.ad9361_get_clk_scaler  ad9361.o
    0x08005790   0x08005790   0x00000076   Code   RO         3446    i.ad9361_get_full_table_gain  ad9361.o
    0x08005806   0x08005806   0x00000012   Code   RO         4116    i.ad9361_get_rx_fir_en_dis  ad9361_api.o
    0x08005818   0x08005818   0x0000010c   Code   RO         3447    i.ad9361_get_rx_gain  ad9361.o
    0x08005924   0x08005924   0x0000000c   Code   RO         4117    i.ad9361_get_rx_gain_control_mode  ad9361_api.o
    0x08005930   0x08005930   0x00000018   Code   RO         4118    i.ad9361_get_rx_lo_freq  ad9361_api.o
    0x08005948   0x08005948   0x0000000a   Code   RO         4121    i.ad9361_get_rx_rf_bandwidth  ad9361_api.o
    0x08005952   0x08005952   0x00000002   PAD
    0x08005954   0x08005954   0x00000078   Code   RO         4122    i.ad9361_get_rx_rf_gain  ad9361_api.o
    0x080059cc   0x080059cc   0x00000010   Code   RO         4126    i.ad9361_get_rx_sampling_freq  ad9361_api.o
    0x080059dc   0x080059dc   0x000000d8   Code   RO         3448    i.ad9361_get_split_table_gain  ad9361.o
    0x08005ab4   0x08005ab4   0x00000026   Code   RO         3451    i.ad9361_get_tx_atten  ad9361.o
    0x08005ada   0x08005ada   0x00000002   PAD
    0x08005adc   0x08005adc   0x0000006c   Code   RO         4129    i.ad9361_get_tx_attenuation  ad9361_api.o
    0x08005b48   0x08005b48   0x00000012   Code   RO         4132    i.ad9361_get_tx_fir_en_dis  ad9361_api.o
    0x08005b5a   0x08005b5a   0x00000018   Code   RO         4133    i.ad9361_get_tx_lo_freq  ad9361_api.o
    0x08005b72   0x08005b72   0x0000000a   Code   RO         4135    i.ad9361_get_tx_rf_bandwidth  ad9361_api.o
    0x08005b7c   0x08005b7c   0x00000012   Code   RO         4138    i.ad9361_get_tx_sampling_freq  ad9361_api.o
    0x08005b8e   0x08005b8e   0x00000002   PAD
    0x08005b90   0x08005b90   0x000000cc   Code   RO         3452    i.ad9361_gpo_setup  ad9361.o
    0x08005c5c   0x08005c5c   0x00000028   Code   RO         3453    i.ad9361_gt_tableindex  ad9361.o
    0x08005c84   0x08005c84   0x0000008c   Code   RO         4564    i.ad9361_hdl_loopback  ad9361_conv.o
    0x08005d10   0x08005d10   0x00000cfc   Code   RO         4139    i.ad9361_init       ad9361_api.o
    0x08006a0c   0x08006a0c   0x00000014   Code   RO         3454    i.ad9361_init_gain_info  ad9361.o
    0x08006a20   0x08006a20   0x0000004a   Code   RO         3455    i.ad9361_init_gain_tables  ad9361.o
    0x08006a6a   0x08006a6a   0x0000001e   Code   RO         3456    i.ad9361_int_loopback_fix_ch_cross  ad9361.o
    0x08006a88   0x08006a88   0x0000002a   Code   RO         4565    i.ad9361_iodelay_set  ad9361_conv.o
    0x08006ab2   0x08006ab2   0x00000002   PAD
    0x08006ab4   0x08006ab4   0x00000238   Code   RO         3457    i.ad9361_load_fir_filter_coef  ad9361.o
    0x08006cec   0x08006cec   0x000001a0   Code   RO         3458    i.ad9361_load_gt    ad9361.o
    0x08006e8c   0x08006e8c   0x000000d0   Code   RO         3459    i.ad9361_load_mixer_gm_subtable  ad9361.o
    0x08006f5c   0x08006f5c   0x00000020   Code   RO         4566    i.ad9361_midscale_iodelay  ad9361_conv.o
    0x08006f7c   0x08006f7c   0x00000118   Code   RO         4567    i.ad9361_post_setup  ad9361_conv.o
    0x08007094   0x08007094   0x000000e8   Code   RO         3462    i.ad9361_pp_port_setup  ad9361.o
    0x0800717c   0x0800717c   0x00000026   Code   RO         3464    i.ad9361_ref_div_sel  ad9361.o
    0x080071a2   0x080071a2   0x00000002   PAD
    0x080071a4   0x080071a4   0x000000bc   Code   RO         3465    i.ad9361_reset      ad9361.o
    0x08007260   0x08007260   0x000000dc   Code   RO         3466    i.ad9361_rf_dc_offset_calib  ad9361.o
    0x0800733c   0x0800733c   0x00000084   Code   RO         3467    i.ad9361_rf_port_setup  ad9361.o
    0x080073c0   0x080073c0   0x0000000e   Code   RO         3468    i.ad9361_rfpll_dummy_recalc_rate  ad9361.o
    0x080073ce   0x080073ce   0x00000010   Code   RO         3469    i.ad9361_rfpll_dummy_set_rate  ad9361.o
    0x080073de   0x080073de   0x00000002   PAD
    0x080073e0   0x080073e0   0x00000160   Code   RO         3470    i.ad9361_rfpll_int_recalc_rate  ad9361.o
    0x08007540   0x08007540   0x00000060   Code   RO         3471    i.ad9361_rfpll_int_round_rate  ad9361.o
    0x080075a0   0x080075a0   0x0000025c   Code   RO         3472    i.ad9361_rfpll_int_set_rate  ad9361.o
    0x080077fc   0x080077fc   0x00000052   Code   RO         3473    i.ad9361_rfpll_recalc_rate  ad9361.o
    0x0800784e   0x0800784e   0x00000072   Code   RO         3474    i.ad9361_rfpll_round_rate  ad9361.o
    0x080078c0   0x080078c0   0x0000010c   Code   RO         3475    i.ad9361_rfpll_set_rate  ad9361.o
    0x080079cc   0x080079cc   0x0000021c   Code   RO         3476    i.ad9361_rfpll_vco_init  ad9361.o
    0x08007be8   0x08007be8   0x000001f8   Code   RO         3478    i.ad9361_rssi_setup  ad9361.o
    0x08007de0   0x08007de0   0x00000054   Code   RO         3479    i.ad9361_run_calibration  ad9361.o
    0x08007e34   0x08007e34   0x000006fc   Code   RO         3480    i.ad9361_rx_adc_setup  ad9361.o
    0x08008530   0x08008530   0x00000140   Code   RO         3481    i.ad9361_rx_bb_analog_filter_calib  ad9361.o
    0x08008670   0x08008670   0x00000154   Code   RO         3482    i.ad9361_rx_tia_calib  ad9361.o
    0x080087c4   0x080087c4   0x0000025a   Code   RO         3483    i.ad9361_set_clk_scaler  ad9361.o
    0x08008a1e   0x08008a1e   0x00000002   PAD
    0x08008a20   0x08008a20   0x00000068   Code   RO         3484    i.ad9361_set_dcxo_tune  ad9361.o
    0x08008a88   0x08008a88   0x00000066   Code   RO         4144    i.ad9361_set_en_state_machine_mode  ad9361_api.o
    0x08008aee   0x08008aee   0x00000002   PAD
    0x08008af0   0x08008af0   0x0000006a   Code   RO         3485    i.ad9361_set_ensm_mode  ad9361.o
    0x08008b5a   0x08008b5a   0x00000002   PAD
    0x08008b5c   0x08008b5c   0x0000014c   Code   RO         3486    i.ad9361_set_gain_ctrl_mode  ad9361.o
    0x08008ca8   0x08008ca8   0x00000026   Code   RO         4147    i.ad9361_set_rx_fir_config  ad9361_api.o
    0x08008cce   0x08008cce   0x00000002   PAD
    0x08008cd0   0x08008cd0   0x00000030   Code   RO         4148    i.ad9361_set_rx_fir_en_dis  ad9361_api.o
    0x08008d00   0x08008d00   0x000000e0   Code   RO         3487    i.ad9361_set_rx_gain  ad9361.o
    0x08008de0   0x08008de0   0x0000007c   Code   RO         4149    i.ad9361_set_rx_gain_control_mode  ad9361_api.o
    0x08008e5c   0x08008e5c   0x0000001c   Code   RO         4150    i.ad9361_set_rx_lo_freq  ad9361_api.o
    0x08008e78   0x08008e78   0x00000024   Code   RO         4154    i.ad9361_set_rx_rf_bandwidth  ad9361_api.o
    0x08008e9c   0x08008e9c   0x00000078   Code   RO         4155    i.ad9361_set_rx_rf_gain  ad9361_api.o
    0x08008f14   0x08008f14   0x00000032   Code   RO         4158    i.ad9361_set_rx_sampling_freq  ad9361_api.o
    0x08008f46   0x08008f46   0x00000002   PAD
    0x08008f48   0x08008f48   0x000001d0   Code   RO         3488    i.ad9361_set_trx_clock_chain  ad9361.o
    0x08009118   0x08009118   0x00000028   Code   RO         3489    i.ad9361_set_trx_clock_chain_freq  ad9361.o
    0x08009140   0x08009140   0x000000d4   Code   RO         3490    i.ad9361_set_tx_atten  ad9361.o
    0x08009214   0x08009214   0x00000088   Code   RO         4163    i.ad9361_set_tx_attenuation  ad9361_api.o
    0x0800929c   0x0800929c   0x00000022   Code   RO         4165    i.ad9361_set_tx_fir_config  ad9361_api.o
    0x080092be   0x080092be   0x00000002   PAD
    0x080092c0   0x080092c0   0x00000030   Code   RO         4166    i.ad9361_set_tx_fir_en_dis  ad9361_api.o
    0x080092f0   0x080092f0   0x0000001c   Code   RO         4167    i.ad9361_set_tx_lo_freq  ad9361_api.o
    0x0800930c   0x0800930c   0x00000024   Code   RO         4170    i.ad9361_set_tx_rf_bandwidth  ad9361_api.o
    0x08009330   0x08009330   0x00000014   Code   RO         4171    i.ad9361_set_tx_rf_port_output  ad9361_api.o
    0x08009344   0x08009344   0x00000032   Code   RO         4172    i.ad9361_set_tx_sampling_freq  ad9361_api.o
    0x08009376   0x08009376   0x00000002   PAD
    0x08009378   0x08009378   0x000007c0   Code   RO         3491    i.ad9361_setup      ad9361.o
    0x08009b38   0x08009b38   0x00000014   Code   RO         3492    i.ad9361_spi_read   ad9361.o
    0x08009b4c   0x08009b4c   0x00000060   Code   RO         3493    i.ad9361_spi_readm  ad9361.o
    0x08009bac   0x08009bac   0x00000054   Code   RO         3494    i.ad9361_spi_write  ad9361.o
    0x08009c00   0x08009c00   0x0000007c   Code   RO         3495    i.ad9361_spi_writem  ad9361.o
    0x08009c7c   0x08009c7c   0x00000008   Code   RO         3497    i.ad9361_to_clk     ad9361.o
    0x08009c84   0x08009c84   0x00000032   Code   RO         3498    i.ad9361_to_refclk_scaler  ad9361.o
    0x08009cb6   0x08009cb6   0x00000002   PAD
    0x08009cb8   0x08009cb8   0x000000f4   Code   RO         3499    i.ad9361_tracking_control  ad9361.o
    0x08009dac   0x08009dac   0x00000190   Code   RO         3500    i.ad9361_trx_ext_lo_control  ad9361.o
    0x08009f3c   0x08009f3c   0x00000054   Code   RO         3501    i.ad9361_trx_vco_cal_control  ad9361.o
    0x08009f90   0x08009f90   0x000000c8   Code   RO         3502    i.ad9361_tx_bb_analog_filter_calib  ad9361.o
    0x0800a058   0x0800a058   0x00000128   Code   RO         3503    i.ad9361_tx_bb_second_filter_calib  ad9361.o
    0x0800a180   0x0800a180   0x00000064   Code   RO         3504    i.ad9361_tx_mute    ad9361.o
    0x0800a1e4   0x0800a1e4   0x0000042c   Code   RO         3505    i.ad9361_tx_quad_calib  ad9361.o
    0x0800a610   0x0800a610   0x0000009c   Code   RO         3506    i.ad9361_tx_quad_phase_search  ad9361.o
    0x0800a6ac   0x0800a6ac   0x00000078   Code   RO         3507    i.ad9361_txmon_control  ad9361.o
    0x0800a724   0x0800a724   0x000000a8   Code   RO         3508    i.ad9361_txmon_setup  ad9361.o
    0x0800a7cc   0x0800a7cc   0x00000120   Code   RO         3509    i.ad9361_txrx_synth_cp_calib  ad9361.o
    0x0800a8ec   0x0800a8ec   0x00000062   Code   RO         3510    i.ad9361_update_rf_bandwidth  ad9361.o
    0x0800a94e   0x0800a94e   0x00000002   PAD
    0x0800a950   0x0800a950   0x00000304   Code   RO         3511    i.ad9361_validate_enable_fir  ad9361.o
    0x0800ac54   0x0800ac54   0x00000028   Code   RO         3512    i.ad9361_validate_rf_bw  ad9361.o
    0x0800ac7c   0x0800ac7c   0x00000044   Code   RO         3513    i.ad9361_validate_rfpll  ad9361.o
    0x0800acc0   0x0800acc0   0x000000c8   Code   RO         3514    i.ad9361_validate_trx_clock_chain  ad9361.o
    0x0800ad88   0x0800ad88   0x00000010   Code   RO         4638    i.adc_init          adc_core.o
    0x0800ad98   0x0800ad98   0x00000002   Code   RO         4639    i.adc_read          adc_core.o
    0x0800ad9a   0x0800ad9a   0x00000002   Code   RO         4643    i.adc_write         adc_core.o
    0x0800ad9c   0x0800ad9c   0x0000003e   Code   RO         5403    i.axiadc_idelay_set  platform.o
    0x0800adda   0x0800adda   0x00000016   Code   RO         5404    i.axiadc_init       platform.o
    0x0800adf0   0x0800adf0   0x00000004   Code   RO         5405    i.axiadc_post_setup  platform.o
    0x0800adf4   0x0800adf4   0x0000000e   Code   RO         5406    i.axiadc_read       platform.o
    0x0800ae02   0x0800ae02   0x0000006c   Code   RO         5407    i.axiadc_set_pnsel  platform.o
    0x0800ae6e   0x0800ae6e   0x00000006   Code   RO         5408    i.axiadc_write      platform.o
    0x0800ae74   0x0800ae74   0x00000358   Code   RO         4740    i.cal_lo_diff       command.o
    0x0800b1cc   0x0800b1cc   0x00000078   Code   RO         5523    i.clk_get_rate      util.o
    0x0800b244   0x0800b244   0x00000004   Code   RO         5524    i.clk_prepare_enable  util.o
    0x0800b248   0x0800b248   0x0000020e   Code   RO         5525    i.clk_set_rate      util.o
    0x0800b456   0x0800b456   0x00000002   PAD
    0x0800b458   0x0800b458   0x00000258   Code   RO         5152    i.console_check_commands  console.o
    0x0800b6b0   0x0800b6b0   0x0000002a   Code   RO         5153    i.console_get_command  console.o
    0x0800b6da   0x0800b6da   0x00000002   PAD
    0x0800b6dc   0x0800b6dc   0x000001a8   Code   RO         5155    i.console_print     console.o
    0x0800b884   0x0800b884   0x00000002   Code   RO         5234    i.dac_init          dac_core.o
    0x0800b886   0x0800b886   0x00000002   Code   RO         5236    i.dac_start_sync    dac_core.o
    0x0800b888   0x0800b888   0x00000002   Code   RO         5237    i.dac_stop          dac_core.o
    0x0800b88a   0x0800b88a   0x00000002   PAD
    0x0800b88c   0x0800b88c   0x0000004c   Code   RO         5250    i.dds_set_frequency  dac_core.o
    0x0800b8d8   0x0800b8d8   0x00000048   Code   RO         5251    i.dds_set_phase     dac_core.o
    0x0800b920   0x0800b920   0x0000006c   Code   RO         5252    i.dds_set_scale     dac_core.o
    0x0800b98c   0x0800b98c   0x00000028   Code   RO         4741    i.dds_tx2_tone2_scale  command.o
    0x0800b9b4   0x0800b9b4   0x0000005c   Code   RO         5254    i.dds_update        dac_core.o
    0x0800ba10   0x0800ba10   0x00000016   Code   RO         5526    i.do_div            util.o
    0x0800ba26   0x0800ba26   0x00000030   Code   RO         5527    i.find_first_bit    util.o
    0x0800ba56   0x0800ba56   0x00000002   PAD
    0x0800ba58   0x0800ba58   0x00000018   Code   RO          340    i.fputc             usart.o
    0x0800ba70   0x0800ba70   0x00000050   Code   RO         6069    i.free              mc_w.l(malloc.o)
    0x0800bac0   0x0800bac0   0x00000028   Code   RO         4742    i.get_dds_tx1_tone1_freq  command.o
    0x0800bae8   0x0800bae8   0x00000030   Code   RO         4743    i.get_dds_tx1_tone1_phase  command.o
    0x0800bb18   0x0800bb18   0x00000028   Code   RO         4744    i.get_dds_tx1_tone1_scale  command.o
    0x0800bb40   0x0800bb40   0x00000028   Code   RO         4745    i.get_dds_tx1_tone2_freq  command.o
    0x0800bb68   0x0800bb68   0x00000030   Code   RO         4746    i.get_dds_tx1_tone2_phase  command.o
    0x0800bb98   0x0800bb98   0x00000028   Code   RO         4747    i.get_dds_tx1_tone2_scale  command.o
    0x0800bbc0   0x0800bbc0   0x00000028   Code   RO         4748    i.get_dds_tx2_tone1_freq  command.o
    0x0800bbe8   0x0800bbe8   0x00000030   Code   RO         4749    i.get_dds_tx2_tone1_phase  command.o
    0x0800bc18   0x0800bc18   0x00000028   Code   RO         4750    i.get_dds_tx2_tone1_scale  command.o
    0x0800bc40   0x0800bc40   0x00000028   Code   RO         4751    i.get_dds_tx2_tone2_freq  command.o
    0x0800bc68   0x0800bc68   0x00000030   Code   RO         4752    i.get_dds_tx2_tone2_phase  command.o
    0x0800bc98   0x0800bc98   0x0000004c   Code   RO         4753    i.get_help          command.o
    0x0800bce4   0x0800bce4   0x00000034   Code   RO         4754    i.get_lo_diff       command.o
    0x0800bd18   0x0800bd18   0x0000002c   Code   RO         4755    i.get_register      command.o
    0x0800bd44   0x0800bd44   0x00000030   Code   RO         4756    i.get_rx1_gc_mode   command.o
    0x0800bd74   0x0800bd74   0x0000002c   Code   RO         4757    i.get_rx1_rf_gain   command.o
    0x0800bda0   0x0800bda0   0x00000030   Code   RO         4758    i.get_rx2_gc_mode   command.o
    0x0800bdd0   0x0800bdd0   0x0000002c   Code   RO         4759    i.get_rx2_rf_gain   command.o
    0x0800bdfc   0x0800bdfc   0x0000002c   Code   RO         4760    i.get_rx_fir_en     command.o
    0x0800be28   0x0800be28   0x00000040   Code   RO         4761    i.get_rx_lo_freq    command.o
    0x0800be68   0x0800be68   0x00000030   Code   RO         4762    i.get_rx_rf_bandwidth  command.o
    0x0800be98   0x0800be98   0x00000030   Code   RO         4763    i.get_rx_samp_freq  command.o
    0x0800bec8   0x0800bec8   0x00000030   Code   RO         4764    i.get_tx1_attenuation  command.o
    0x0800bef8   0x0800bef8   0x00000030   Code   RO         4765    i.get_tx2_attenuation  command.o
    0x0800bf28   0x0800bf28   0x0000002c   Code   RO         4766    i.get_tx_fir_en     command.o
    0x0800bf54   0x0800bf54   0x00000040   Code   RO         4767    i.get_tx_lo_freq    command.o
    0x0800bf94   0x0800bf94   0x00000030   Code   RO         4768    i.get_tx_rf_bandwidth  command.o
    0x0800bfc4   0x0800bfc4   0x00000030   Code   RO         4769    i.get_tx_samp_freq  command.o
    0x0800bff4   0x0800bff4   0x00000048   Code   RO         5409    i.gpio_data         platform.o
    0x0800c03c   0x0800c03c   0x0000000c   Code   RO         5412    i.gpio_is_valid     platform.o
    0x0800c048   0x0800c048   0x00000008   Code   RO         5413    i.gpio_set_value    platform.o
    0x0800c050   0x0800c050   0x00000064   Code   RO         5528    i.ilog2             util.o
    0x0800c0b4   0x0800c0b4   0x00000022   Code   RO         5529    i.int_sqrt          util.o
    0x0800c0d6   0x0800c0d6   0x00000002   PAD
    0x0800c0d8   0x0800c0d8   0x00000060   Code   RO         5156    i.int_to_str        console.o
    0x0800c138   0x0800c138   0x00000408   Code   RO           15    i.main              main.o
    0x0800c540   0x0800c540   0x0000006c   Code   RO         6070    i.malloc            mc_w.l(malloc.o)
    0x0800c5ac   0x0800c5ac   0x00000004   Code   RO         5414    i.mdelay            platform.o
    0x0800c5b0   0x0800c5b0   0x00000020   Code   RO         4770    i.query_led_state   command.o
    0x0800c5d0   0x0800c5d0   0x00000078   Code   RO         4771    i.query_led_state_set  command.o
    0x0800c648   0x0800c648   0x000002d4   Code   RO         3515    i.register_clocks   ad9361.o
    0x0800c91c   0x0800c91c   0x000000a0   Code   RO         4772    i.rx_lo_down        command.o
    0x0800c9bc   0x0800c9bc   0x0000009c   Code   RO         4773    i.rx_lo_up          command.o
    0x0800ca58   0x0800ca58   0x0000005c   Code   RO         4774    i.set_dds_tx1_tone1_freq  command.o
    0x0800cab4   0x0800cab4   0x00000080   Code   RO         4775    i.set_dds_tx1_tone1_phase  command.o
    0x0800cb34   0x0800cb34   0x00000064   Code   RO         4776    i.set_dds_tx1_tone1_scale  command.o
    0x0800cb98   0x0800cb98   0x0000005c   Code   RO         4777    i.set_dds_tx1_tone2_freq  command.o
    0x0800cbf4   0x0800cbf4   0x00000080   Code   RO         4778    i.set_dds_tx1_tone2_phase  command.o
    0x0800cc74   0x0800cc74   0x00000064   Code   RO         4779    i.set_dds_tx1_tone2_scale  command.o
    0x0800ccd8   0x0800ccd8   0x0000005c   Code   RO         4780    i.set_dds_tx2_tone1_freq  command.o
    0x0800cd34   0x0800cd34   0x00000080   Code   RO         4781    i.set_dds_tx2_tone1_phase  command.o
    0x0800cdb4   0x0800cdb4   0x00000064   Code   RO         4782    i.set_dds_tx2_tone1_scale  command.o
    0x0800ce18   0x0800ce18   0x0000005c   Code   RO         4783    i.set_dds_tx2_tone2_freq  command.o
    0x0800ce74   0x0800ce74   0x00000080   Code   RO         4784    i.set_dds_tx2_tone2_phase  command.o
    0x0800cef4   0x0800cef4   0x00000064   Code   RO         4785    i.set_dds_tx2_tone2_scale  command.o
    0x0800cf58   0x0800cf58   0x000000f4   Code   RO         3516    i.set_full_table_gain  ad9361.o
    0x0800d04c   0x0800d04c   0x00000048   Code   RO         4786    i.set_rx1_gc_mode   command.o
    0x0800d094   0x0800d094   0x00000048   Code   RO         4787    i.set_rx1_rf_gain   command.o
    0x0800d0dc   0x0800d0dc   0x00000048   Code   RO         4788    i.set_rx2_gc_mode   command.o
    0x0800d124   0x0800d124   0x00000048   Code   RO         4789    i.set_rx2_rf_gain   command.o
    0x0800d16c   0x0800d16c   0x00000048   Code   RO         4790    i.set_rx_fir_en     command.o
    0x0800d1b4   0x0800d1b4   0x00000068   Code   RO         4791    i.set_rx_lo_freq    command.o
    0x0800d21c   0x0800d21c   0x0000004c   Code   RO         4792    i.set_rx_rf_bandwidth  command.o
    0x0800d268   0x0800d268   0x00000054   Code   RO         4793    i.set_rx_samp_freq  command.o
    0x0800d2bc   0x0800d2bc   0x000001fc   Code   RO         3517    i.set_split_table_gain  ad9361.o
    0x0800d4b8   0x0800d4b8   0x0000004c   Code   RO         4794    i.set_tx1_attenuation  command.o
    0x0800d504   0x0800d504   0x0000004c   Code   RO         4795    i.set_tx2_attenuation  command.o
    0x0800d550   0x0800d550   0x00000048   Code   RO         4796    i.set_tx_fir_en     command.o
    0x0800d598   0x0800d598   0x00000068   Code   RO         4797    i.set_tx_lo_freq    command.o
    0x0800d600   0x0800d600   0x0000002c   Code   RO         4798    i.set_tx_rf_bandwidth  command.o
    0x0800d62c   0x0800d62c   0x00000054   Code   RO         4799    i.set_tx_samp_freq  command.o
    0x0800d680   0x0800d680   0x0000005c   Code   RO         4800    i.show_invalid_param_message  command.o
    0x0800d6dc   0x0800d6dc   0x00000048   Code   RO         5418    i.spi_write_then_read  platform.o
    0x0800d724   0x0800d724   0x00000014   Code   RO         5158    i.uart_read_char    console.o
    0x0800d738   0x0800d738   0x00000018   Code   RO         5159    i.uart_write_char   console.o
    0x0800d750   0x0800d750   0x00000014   Code   RO         5160    i.uart_write_string  console.o
    0x0800d764   0x0800d764   0x00000012   Code   RO         5419    i.udelay            platform.o
    0x0800d776   0x0800d776   0x0000001c   Code   RO         5530    i.zmalloc           util.o
    0x0800d792   0x0800d792   0x00000010   Data   RO         3365    .constdata          system_stm32f4xx.o
    0x0800d7a2   0x0800d7a2   0x00000008   Data   RO         3366    .constdata          system_stm32f4xx.o
    0x0800d7aa   0x0800d7aa   0x00000002   PAD
    0x0800d7ac   0x0800d7ac   0x00001bb9   Data   RO         3520    .constdata          ad9361.o
    0x0800f365   0x0800f365   0x000000df   Data   RO         4178    .constdata          ad9361_api.o
    0x0800f444   0x0800f444   0x00000044   Data   RO         4568    .constdata          ad9361_conv.o
    0x0800f488   0x0800f488   0x00000001   Data   RO         4801    .constdata          command.o
    0x0800f489   0x0800f489   0x00000040   Data   RO         6177    .constdata          mc_w.l(ctype_c.o)
    0x0800f4c9   0x0800f4c9   0x00000003   PAD
    0x0800f4cc   0x0800f4cc   0x0000009f   Data   RO         3522    .conststring        ad9361.o
    0x0800f56b   0x0800f56b   0x00000001   PAD
    0x0800f56c   0x0800f56c   0x00000015   Data   RO         4179    .conststring        ad9361_api.o
    0x0800f581   0x0800f581   0x00000003   PAD
    0x0800f584   0x0800f584   0x00000c49   Data   RO         4802    .conststring        command.o
    0x080101cd   0x080101cd   0x00000003   PAD
    0x080101d0   0x080101d0   0x00000020   Data   RO         6183    Region$$Table       anon$$obj.o


    Execution Region RW_IRAM1 (Exec base: 0x20000000, Load base: 0x080101f0, Size: 0x00001ea8, Max: 0x00020000, ABSOLUTE, COMPRESSED[0x000003e0])

    Exec Addr    Load Addr    Size         Type   Attr      Idx    E Section Name        Object

    0x20000000   COMPRESSED   0x00000470   Data   RW           17    .data               main.o
    0x20000470   COMPRESSED   0x0000000c   Data   RW         1802    .data               stm32f4xx_hal.o
    0x2000047c   COMPRESSED   0x00000004   Data   RW         3367    .data               system_stm32f4xx.o
    0x20000480   COMPRESSED   0x00000010   Data   RW         4180    .data               ad9361_api.o
    0x20000490   COMPRESSED   0x00000001   Data   RW         4644    .data               adc_core.o
    0x20000491   COMPRESSED   0x00000003   PAD
    0x20000494   COMPRESSED   0x000003d0   Data   RW         4803    .data               command.o
    0x20000864   COMPRESSED   0x00000011   Data   RW         5161    .data               console.o
    0x20000875   COMPRESSED   0x00000001   Data   RW         5731    .data               softspi.o
    0x20000876   COMPRESSED   0x00000002   PAD
    0x20000878   COMPRESSED   0x00000004   Data   RW         6137    .data               mc_w.l(stdout.o)
    0x2000087c   COMPRESSED   0x00000004   Data   RW         6144    .data               mc_w.l(mvars.o)
    0x20000880   COMPRESSED   0x00000004   Data   RW         6145    .data               mc_w.l(mvars.o)
    0x20000884   COMPRESSED   0x00000004   Data   RW         6149    .data               mc_w.l(errno.o)
    0x20000888        -       0x00000046   Zero   RW           16    .bss                main.o
    0x200008ce   COMPRESSED   0x00000002   PAD
    0x200008d0        -       0x00000058   Zero   RW          256    .bss                spi.o
    0x20000928        -       0x00000048   Zero   RW          298    .bss                tim.o
    0x20000970        -       0x00000044   Zero   RW          341    .bss                usart.o
    0x200009b4        -       0x000000f0   Zero   RW         5255    .bss                dac_core.o
    0x20000aa4   COMPRESSED   0x00000004   PAD
    0x20000aa8        -       0x00001000   Zero   RW            2    HEAP                startup_stm32f411xe.o
    0x20001aa8        -       0x00000400   Zero   RW            1    STACK               startup_stm32f411xe.o


==============================================================================

Image component sizes


      Code (inc. data)   RO Data    RW Data    ZI Data      Debug   Object Name

     26766       4990       7256          0          0     168975   ad9361.o
      4600        452        244         16          0      33695   ad9361_api.o
      2246        194         68          0          0       9963   ad9361_conv.o
        20          4          0          1          0       5228   adc_core.o
       140         14          0          0          0       1918   com_fpga.o
      5296       2040       3146        976          0      45975   command.o
      1226         86          0         17          0       7387   console.o
       354         32          0          0        240       5209   dac_core.o
       236         12          0          0          0       1035   gpio.o
      1180        412          0       1136         70     501603   main.o
       402         22          0          0          0       8285   platform.o
       594         30          0          1          0       5700   softspi.o
       176         22          0          0         88       1749   spi.o
        36          8        408          0       5120        852   startup_stm32f411xe.o
       180         28          0         12          0       9389   stm32f4xx_hal.o
       198         14          0          0          0      34043   stm32f4xx_hal_cortex.o
       540         40          0          0          0       4195   stm32f4xx_hal_gpio.o
        48          6          0          0          0        886   stm32f4xx_hal_msp.o
      1348         76          0          0          0       5328   stm32f4xx_hal_rcc.o
       188          0          0          0          0       1227   stm32f4xx_hal_spi.o
      1090         50          0          0          0      10976   stm32f4xx_hal_tim.o
       128         20          0          0          0       2513   stm32f4xx_hal_tim_ex.o
       856         10          0          0          0       5527   stm32f4xx_hal_uart.o
        40          6          0          0          0       5278   stm32f4xx_it.o
        16          4         24          4          0       1175   system_stm32f4xx.o
       164         18          0          0         72       1758   tim.o
       184         24          0          0         68       3674   usart.o
       884         40          0          0          0       6592   util.o

    ----------------------------------------------------------------------
     49196       8654      11187       2168       5664     890135   Object Totals
         0          0         32          0          0          0   (incl. Generated)
        60          0          9          5          6          0   (incl. Padding)

    ----------------------------------------------------------------------

      Code (inc. data)   RO Data    RW Data    ZI Data      Debug   Library Member Name

        56         12          0          0          0        132   atof.o
        94          0          0          0          0          0   __dclz77c.o
        64          0          0          0          0         84   _sgetc.o
        40          6         64          0          0         68   ctype_c.o
         0          0          0          0          0          0   entry.o
         0          0          0          0          0          0   entry10a.o
         0          0          0          0          0          0   entry11a.o
         4          0          0          0          0          0   entry12b.o
         8          4          0          0          0          0   entry2.o
         4          0          0          0          0          0   entry5.o
         0          0          0          0          0          0   entry7b.o
         0          0          0          0          0          0   entry8b.o
         8          4          0          0          0          0   entry9a.o
        24         12          0          4          0        136   errno.o
        30          0          0          0          0          0   handlers.o
        36          8          0          0          0         68   init.o
        10          0          0          0          0         68   isspace_c.o
         0          0          0          0          0          0   iusefp.o
        30          0          0          0          0         68   llshl.o
        36          0          0          0          0         68   llsshr.o
        32          0          0          0          0         68   llushr.o
       188         20          0          0          0        160   malloc.o
        36          0          0          0          0         68   memcpya.o
        36          0          0          0          0        108   memseta.o
         0          0          0          8          0          0   mvars.o
      2218         90          0          0          0        464   printfa.o
       878         12          0          0          0        216   scanf_fp.o
         0          0          0          4          0          0   stdout.o
       156         12          0          0          0        120   strtod.o
        44          0          0          0          0         80   uidiv.o
        98          0          0          0          0         92   uldiv.o
        48          0          0          0          0         68   cdcmple.o
        48          0          0          0          0         68   cdrcmple.o
        56          0          0          0          0         88   d2f.o
       334          0          0          0          0        148   dadd.o
       222          0          0          0          0        100   ddiv.o
       186          0          0          0          0        176   depilogue.o
        62          0          0          0          0         80   dfixi.o
        50          0          0          0          0         76   dfixui.o
        48          0          0          0          0         68   dfixul.o
        26          0          0          0          0         76   dfltui.o
        24          0          0          0          0         76   dfltul.o
       228          0          0          0          0         96   dmul.o
       110          0          0          0          0        168   fepilogue.o

    ----------------------------------------------------------------------
      5582        180         67         16          0       3356   Library Totals
        10          0          3          0          0          0   (incl. Padding)

    ----------------------------------------------------------------------

      Code (inc. data)   RO Data    RW Data    ZI Data      Debug   Library Name

        56         12          0          0          0        132   m_wm.l
      4074        168         64         16          0       1936   mc_w.l
      1442          0          0          0          0       1288   mf_w.l

    ----------------------------------------------------------------------
      5582        180         67         16          0       3356   Library Totals

    ----------------------------------------------------------------------

==============================================================================


      Code (inc. data)   RO Data    RW Data    ZI Data      Debug   

     54778       8834      11254       2184       5664     862011   Grand Totals
     54778       8834      11254        992       5664     862011   ELF Image Totals (compressed)
     54778       8834      11254        992          0          0   ROM Totals

==============================================================================

    Total RO  Size (Code + RO Data)                66032 (  64.48kB)
    Total RW  Size (RW Data + ZI Data)              7848 (   7.66kB)
    Total ROM Size (Code + RO Data + RW Data)      67024 (  65.45kB)

==============================================================================

