Component: ARM Compiler 5.06 update 7 (build 960) Tool: armlink [4d3601]

==============================================================================

Section Cross References

    startup_stm32f411xe.o(RESET) refers to startup_stm32f411xe.o(STACK) for __initial_sp
    startup_stm32f411xe.o(RESET) refers to startup_stm32f411xe.o(.text) for Reset_Handler
    startup_stm32f411xe.o(RESET) refers to stm32f4xx_it.o(i.NMI_Handler) for NMI_Handler
    startup_stm32f411xe.o(RESET) refers to stm32f4xx_it.o(i.HardFault_Handler) for HardFault_Handler
    startup_stm32f411xe.o(RESET) refers to stm32f4xx_it.o(i.MemManage_Handler) for MemManage_Handler
    startup_stm32f411xe.o(RESET) refers to stm32f4xx_it.o(i.BusFault_Handler) for BusFault_Handler
    startup_stm32f411xe.o(RESET) refers to stm32f4xx_it.o(i.UsageFault_Handler) for UsageFault_Handler
    startup_stm32f411xe.o(RESET) refers to stm32f4xx_it.o(i.SVC_Handler) for SVC_Handler
    startup_stm32f411xe.o(RESET) refers to stm32f4xx_it.o(i.DebugMon_Handler) for DebugMon_Handler
    startup_stm32f411xe.o(RESET) refers to stm32f4xx_it.o(i.PendSV_Handler) for PendSV_Handler
    startup_stm32f411xe.o(RESET) refers to stm32f4xx_it.o(i.SysTick_Handler) for SysTick_Handler
    startup_stm32f411xe.o(.text) refers to system_stm32f4xx.o(i.SystemInit) for SystemInit
    startup_stm32f411xe.o(.text) refers to entry.o(.ARM.Collect$$$$00000000) for __main
    main.o(i.SystemClock_Config) refers to memseta.o(.text) for __aeabi_memclr4
    main.o(i.SystemClock_Config) refers to stm32f4xx_hal_rcc.o(i.HAL_RCC_OscConfig) for HAL_RCC_OscConfig
    main.o(i.SystemClock_Config) refers to stm32f4xx_hal_rcc.o(i.HAL_RCC_ClockConfig) for HAL_RCC_ClockConfig
    main.o(i.main) refers to stm32f4xx_hal.o(i.HAL_Init) for HAL_Init
    main.o(i.main) refers to main.o(i.SystemClock_Config) for SystemClock_Config
    main.o(i.main) refers to gpio.o(i.MX_GPIO_Init) for MX_GPIO_Init
    main.o(i.main) refers to spi.o(i.MX_SPI1_Init) for MX_SPI1_Init
    main.o(i.main) refers to spi.o(i.MX_SPI2_Init) for MX_SPI2_Init
    main.o(i.main) refers to usart.o(i.MX_USART1_UART_Init) for MX_USART1_UART_Init
    main.o(i.main) refers to printfa.o(i.__0printf) for __2printf
    main.o(i.main) refers to ad9361_api.o(i.ad9361_init) for ad9361_init
    main.o(i.main) refers to stm32f4xx_hal.o(i.HAL_Delay) for HAL_Delay
    main.o(i.main) refers to main.o(.data) for .data
    gpio.o(i.MX_GPIO_Init) refers to memseta.o(.text) for __aeabi_memclr4
    gpio.o(i.MX_GPIO_Init) refers to stm32f4xx_hal_gpio.o(i.HAL_GPIO_WritePin) for HAL_GPIO_WritePin
    gpio.o(i.MX_GPIO_Init) refers to stm32f4xx_hal_gpio.o(i.HAL_GPIO_Init) for HAL_GPIO_Init
    spi.o(i.HAL_SPI_MspDeInit) refers to stm32f4xx_hal_gpio.o(i.HAL_GPIO_DeInit) for HAL_GPIO_DeInit
    spi.o(i.HAL_SPI_MspInit) refers to memseta.o(.text) for __aeabi_memclr4
    spi.o(i.HAL_SPI_MspInit) refers to stm32f4xx_hal_gpio.o(i.HAL_GPIO_Init) for HAL_GPIO_Init
    spi.o(i.MX_SPI1_Init) refers to stm32f4xx_hal_spi.o(i.HAL_SPI_Init) for HAL_SPI_Init
    spi.o(i.MX_SPI1_Init) refers to main.o(i.Error_Handler) for Error_Handler
    spi.o(i.MX_SPI1_Init) refers to spi.o(.bss) for .bss
    spi.o(i.MX_SPI2_Init) refers to stm32f4xx_hal_spi.o(i.HAL_SPI_Init) for HAL_SPI_Init
    spi.o(i.MX_SPI2_Init) refers to main.o(i.Error_Handler) for Error_Handler
    spi.o(i.MX_SPI2_Init) refers to spi.o(.bss) for .bss
    usart.o(i.HAL_UART_MspDeInit) refers to stm32f4xx_hal_gpio.o(i.HAL_GPIO_DeInit) for HAL_GPIO_DeInit
    usart.o(i.HAL_UART_MspInit) refers to memseta.o(.text) for __aeabi_memclr4
    usart.o(i.HAL_UART_MspInit) refers to stm32f4xx_hal_gpio.o(i.HAL_GPIO_Init) for HAL_GPIO_Init
    usart.o(i.MX_USART1_UART_Init) refers to stm32f4xx_hal_uart.o(i.HAL_UART_Init) for HAL_UART_Init
    usart.o(i.MX_USART1_UART_Init) refers to main.o(i.Error_Handler) for Error_Handler
    usart.o(i.MX_USART1_UART_Init) refers to usart.o(.bss) for .bss
    usart.o(i.fputc) refers to stm32f4xx_hal_uart.o(i.HAL_UART_Transmit) for HAL_UART_Transmit
    usart.o(i.fputc) refers to usart.o(.bss) for .bss
    stm32f4xx_it.o(i.SysTick_Handler) refers to stm32f4xx_hal.o(i.HAL_IncTick) for HAL_IncTick
    stm32f4xx_hal_spi.o(i.HAL_SPI_Abort) refers to stm32f4xx_hal_dma.o(i.HAL_DMA_Abort) for HAL_DMA_Abort
    stm32f4xx_hal_spi.o(i.HAL_SPI_Abort) refers to system_stm32f4xx.o(.data) for SystemCoreClock
    stm32f4xx_hal_spi.o(i.HAL_SPI_Abort) refers to stm32f4xx_hal_spi.o(i.SPI_AbortTx_ISR) for SPI_AbortTx_ISR
    stm32f4xx_hal_spi.o(i.HAL_SPI_Abort) refers to stm32f4xx_hal_spi.o(i.SPI_AbortRx_ISR) for SPI_AbortRx_ISR
    stm32f4xx_hal_spi.o(i.HAL_SPI_Abort_IT) refers to stm32f4xx_hal_dma.o(i.HAL_DMA_Abort_IT) for HAL_DMA_Abort_IT
    stm32f4xx_hal_spi.o(i.HAL_SPI_Abort_IT) refers to stm32f4xx_hal_spi.o(i.HAL_SPI_AbortCpltCallback) for HAL_SPI_AbortCpltCallback
    stm32f4xx_hal_spi.o(i.HAL_SPI_Abort_IT) refers to system_stm32f4xx.o(.data) for SystemCoreClock
[...]
    i.MemManage_Handler                      0x0800194c   Section        0  stm32f4xx_it.o(i.MemManage_Handler)
    i.NMI_Handler                            0x0800194e   Section        0  stm32f4xx_it.o(i.NMI_Handler)
    i.PendSV_Handler                         0x08001950   Section        0  stm32f4xx_it.o(i.PendSV_Handler)
    i.SPI_EndRxTransaction                   0x08001952   Section        0  stm32f4xx_hal_spi.o(i.SPI_EndRxTransaction)
    SPI_EndRxTransaction                     0x08001953   Thumb Code    92  stm32f4xx_hal_spi.o(i.SPI_EndRxTransaction)
    i.SPI_EndRxTxTransaction                 0x080019b0   Section        0  stm32f4xx_hal_spi.o(i.SPI_EndRxTxTransaction)
    SPI_EndRxTxTransaction                   0x080019b1   Thumb Code    80  stm32f4xx_hal_spi.o(i.SPI_EndRxTxTransaction)
    i.SPI_WaitFlagStateUntilTimeout          0x08001a08   Section        0  stm32f4xx_hal_spi.o(i.SPI_WaitFlagStateUntilTimeout)
    SPI_WaitFlagStateUntilTimeout            0x08001a09   Thumb Code   180  stm32f4xx_hal_spi.o(i.SPI_WaitFlagStateUntilTimeout)
    i.SVC_Handler                            0x08001ac0   Section        0  stm32f4xx_it.o(i.SVC_Handler)
    i.SysTick_Handler                        0x08001ac2   Section        0  stm32f4xx_it.o(i.SysTick_Handler)
    i.SystemClock_Config                     0x08001ac8   Section        0  main.o(i.SystemClock_Config)
    i.SystemInit                             0x08001b58   Section        0  system_stm32f4xx.o(i.SystemInit)
    i.UART_SetConfig                         0x08001b68   Section        0  stm32f4xx_hal_uart.o(i.UART_SetConfig)
    UART_SetConfig                           0x08001b69   Thumb Code   258  stm32f4xx_hal_uart.o(i.UART_SetConfig)
    i.UART_WaitOnFlagUntilTimeout            0x08001c74   Section        0  stm32f4xx_hal_uart.o(i.UART_WaitOnFlagUntilTimeout)
    UART_WaitOnFlagUntilTimeout              0x08001c75   Thumb Code   120  stm32f4xx_hal_uart.o(i.UART_WaitOnFlagUntilTimeout)
    i.UsageFault_Handler                     0x08001cec   Section        0  stm32f4xx_it.o(i.UsageFault_Handler)
    i.__0printf                              0x08001cf0   Section        0  printfa.o(i.__0printf)
    i.__NVIC_SetPriority                     0x08001d10   Section        0  stm32f4xx_hal_cortex.o(i.__NVIC_SetPriority)
    __NVIC_SetPriority                       0x08001d11   Thumb Code    32  stm32f4xx_hal_cortex.o(i.__NVIC_SetPriority)
    i.__ad9361_spi_readf                     0x08001d30   Section        0  ad9361.o(i.__ad9361_spi_readf)
    __ad9361_spi_readf                       0x08001d31   Thumb Code    38  ad9361.o(i.__ad9361_spi_readf)
    i.__ad9361_spi_writef                    0x08001d56   Section        0  ad9361.o(i.__ad9361_spi_writef)
    __ad9361_spi_writef                      0x08001d57   Thumb Code    64  ad9361.o(i.__ad9361_spi_writef)
    i.__ad9361_tx_quad_calib                 0x08001d96   Section        0  ad9361.o(i.__ad9361_tx_quad_calib)
    __ad9361_tx_quad_calib                   0x08001d97   Thumb Code   100  ad9361.o(i.__ad9361_tx_quad_calib)
    i.__ad9361_update_rf_bandwidth           0x08001dfc   Section        0  ad9361.o(i.__ad9361_update_rf_bandwidth)
    __ad9361_update_rf_bandwidth             0x08001dfd   Thumb Code   118  ad9361.o(i.__ad9361_update_rf_bandwidth)
    i.__scatterload_copy                     0x08001e88   Section       14  handlers.o(i.__scatterload_copy)
    i.__scatterload_null                     0x08001e96   Section        2  handlers.o(i.__scatterload_null)
    i.__scatterload_zeroinit                 0x08001e98   Section       14  handlers.o(i.__scatterload_zeroinit)
    i._fp_digits                             0x08001ea8   Section        0  printfa.o(i._fp_digits)
    _fp_digits                               0x08001ea9   Thumb Code   366  printfa.o(i._fp_digits)
    i._printf_core                           0x0800202c   Section        0  printfa.o(i._printf_core)
    _printf_core                             0x0800202d   Thumb Code  1704  printfa.o(i._printf_core)
    i._printf_post_padding                   0x080026e0   Section        0  printfa.o(i._printf_post_padding)
    _printf_post_padding                     0x080026e1   Thumb Code    36  printfa.o(i._printf_post_padding)
    i._printf_pre_padding                    0x08002704   Section        0  printfa.o(i._printf_pre_padding)
    _printf_pre_padding                      0x08002705   Thumb Code    46  printfa.o(i._printf_pre_padding)
    i.ad9361_auxadc_setup                    0x08002734   Section        0  ad9361.o(i.ad9361_auxadc_setup)
    ad9361_auxadc_setup                      0x08002735   Thumb Code   138  ad9361.o(i.ad9361_auxadc_setup)
    i.ad9361_auxdac_set                      0x080027cc   Section        0  ad9361.o(i.ad9361_auxdac_set)
    ad9361_auxdac_set                        0x080027cd   Thumb Code   224  ad9361.o(i.ad9361_auxdac_set)
    i.ad9361_auxdac_setup                    0x080028c8   Section        0  ad9361.o(i.ad9361_auxdac_setup)
    ad9361_auxdac_setup                      0x080028c9   Thumb Code   176  ad9361.o(i.ad9361_auxdac_setup)
    i.ad9361_bbpll_recalc_rate               0x08002980   Section        0  ad9361.o(i.ad9361_bbpll_recalc_rate)
    i.ad9361_bbpll_round_rate                0x080029cc   Section        0  ad9361.o(i.ad9361_bbpll_round_rate)
    i.ad9361_bbpll_set_rate                  0x08002a48   Section        0  ad9361.o(i.ad9361_bbpll_set_rate)
    i.ad9361_bist_loopback                   0x08002ba8   Section        0  ad9361.o(i.ad9361_bist_loopback)
    i.ad9361_bist_prbs                       0x08002c4c   Section        0  ad9361.o(i.ad9361_bist_prbs)
    i.ad9361_calc_rfpll_int_divder           0x08002ca0   Section        0  ad9361.o(i.ad9361_calc_rfpll_int_divder)
    ad9361_calc_rfpll_int_divder             0x08002ca1   Thumb Code   142  ad9361.o(i.ad9361_calc_rfpll_int_divder)
    i.ad9361_calculate_rf_clock_chain        0x08002d38   Section        0  ad9361.o(i.ad9361_calculate_rf_clock_chain)
    i.ad9361_check_cal_done                  0x0800300c   Section        0  ad9361.o(i.ad9361_check_cal_done)
    ad9361_check_cal_done                    0x0800300d   Thumb Code    90  ad9361.o(i.ad9361_check_cal_done)
    i.ad9361_clk_factor_recalc_rate          0x08003090   Section        0  ad9361.o(i.ad9361_clk_factor_recalc_rate)
    i.ad9361_clk_factor_round_rate           0x080030a8   Section        0  ad9361.o(i.ad9361_clk_factor_round_rate)
    i.ad9361_clk_factor_set_rate             0x08003118   Section        0  ad9361.o(i.ad9361_clk_factor_set_rate)
    i.ad9361_clk_mux_set_parent              0x080031b4   Section        0  ad9361.o(i.ad9361_clk_mux_set_parent)
    i.ad9361_clk_register                    0x0800321c   Section        0  ad9361.o(i.ad9361_clk_register)
    ad9361_clk_register                      0x0800321d   Thumb Code   214  ad9361.o(i.ad9361_clk_register)
    i.ad9361_dig_tune                        0x08003334   Section        0  ad9361_conv.o(i.ad9361_dig_tune)
    i.ad9361_dig_tune_iodelay                0x08003854   Section        0  ad9361_conv.o(i.ad9361_dig_tune_iodelay)
    ad9361_dig_tune_iodelay                  0x08003855   Thumb Code   198  ad9361_conv.o(i.ad9361_dig_tune_iodelay)
    i.ad9361_dig_tune_verbose_print          0x08003964   Section        0  ad9361_conv.o(i.ad9361_dig_tune_verbose_print)
    ad9361_dig_tune_verbose_print            0x08003965   Thumb Code   118  ad9361_conv.o(i.ad9361_dig_tune_verbose_print)
    i.ad9361_do_calib_run                    0x08003a0c   Section        0  ad9361.o(i.ad9361_do_calib_run)
    i.ad9361_en_dis_rx                       0x08003ab0   Section        0  ad9361.o(i.ad9361_en_dis_rx)
    i.ad9361_en_dis_tx                       0x08003ad0   Section        0  ad9361.o(i.ad9361_en_dis_tx)
    i.ad9361_ensm_force_state                0x08003af0   Section        0  ad9361.o(i.ad9361_ensm_force_state)
    i.ad9361_ensm_restore_prev_state         0x08003c44   Section        0  ad9361.o(i.ad9361_ensm_restore_prev_state)
    i.ad9361_ensm_set_state                  0x08003d44   Section        0  ad9361.o(i.ad9361_ensm_set_state)
    i.ad9361_fastlock_prepare                0x08004040   Section        0  ad9361.o(i.ad9361_fastlock_prepare)
    ad9361_fastlock_prepare                  0x08004041   Thumb Code   336  ad9361.o(i.ad9361_fastlock_prepare)
    i.ad9361_fastlock_readval                0x080041cc   Section        0  ad9361.o(i.ad9361_fastlock_readval)
    ad9361_fastlock_readval                  0x080041cd   Thumb Code    44  ad9361.o(i.ad9361_fastlock_readval)
    i.ad9361_find_opt                        0x080041f8   Section        0  ad9361.o(i.ad9361_find_opt)
    i.ad9361_from_clk                        0x08004248   Section        0  ad9361.o(i.ad9361_from_clk)
    i.ad9361_gc_setup                        0x08004250   Section        0  ad9361.o(i.ad9361_gc_setup)
    ad9361_gc_setup                          0x08004251   Thumb Code  1934  ad9361.o(i.ad9361_gc_setup)
    i.ad9361_gc_update                       0x080049e0   Section        0  ad9361.o(i.ad9361_gc_update)
    ad9361_gc_update                         0x080049e1   Thumb Code   542  ad9361.o(i.ad9361_gc_update)
    i.ad9361_get_clk_scaler                  0x08004c14   Section        0  ad9361.o(i.ad9361_get_clk_scaler)
    ad9361_get_clk_scaler                    0x08004c15   Thumb Code   352  ad9361.o(i.ad9361_get_clk_scaler)
    i.ad9361_get_tx_atten                    0x08004d74   Section        0  ad9361.o(i.ad9361_get_tx_atten)
    i.ad9361_gpo_setup                       0x08004d9c   Section        0  ad9361.o(i.ad9361_gpo_setup)
    ad9361_gpo_setup                         0x08004d9d   Thumb Code   192  ad9361.o(i.ad9361_gpo_setup)
    i.ad9361_gt_tableindex                   0x08004e68   Section        0  ad9361.o(i.ad9361_gt_tableindex)
    ad9361_gt_tableindex                     0x08004e69   Thumb Code    32  ad9361.o(i.ad9361_gt_tableindex)
    i.ad9361_hdl_loopback                    0x08004e90   Section        0  ad9361_conv.o(i.ad9361_hdl_loopback)
    i.ad9361_init                            0x08004f1c   Section        0  ad9361_api.o(i.ad9361_init)
    i.ad9361_init_gain_info                  0x08005bf4   Section        0  ad9361.o(i.ad9361_init_gain_info)
    ad9361_init_gain_info                    0x08005bf5   Thumb Code    20  ad9361.o(i.ad9361_init_gain_info)
    i.ad9361_init_gain_tables                0x08005c08   Section        0  ad9361.o(i.ad9361_init_gain_tables)
    i.ad9361_int_loopback_fix_ch_cross       0x08005c52   Section        0  ad9361.o(i.ad9361_int_loopback_fix_ch_cross)
    ad9361_int_loopback_fix_ch_cross         0x08005c53   Thumb Code    30  ad9361.o(i.ad9361_int_loopback_fix_ch_cross)
    i.ad9361_iodelay_set                     0x08005c70   Section        0  ad9361_conv.o(i.ad9361_iodelay_set)
    ad9361_iodelay_set                       0x08005c71   Thumb Code    42  ad9361_conv.o(i.ad9361_iodelay_set)
    i.ad9361_load_gt                         0x08005c9c   Section        0  ad9361.o(i.ad9361_load_gt)
    ad9361_load_gt                           0x08005c9d   Thumb Code   348  ad9361.o(i.ad9361_load_gt)
    i.ad9361_load_mixer_gm_subtable          0x08005e3c   Section        0  ad9361.o(i.ad9361_load_mixer_gm_subtable)
    ad9361_load_mixer_gm_subtable            0x08005e3d   Thumb Code   190  ad9361.o(i.ad9361_load_mixer_gm_subtable)
    i.ad9361_midscale_iodelay                0x08005f0c   Section        0  ad9361_conv.o(i.ad9361_midscale_iodelay)
    ad9361_midscale_iodelay                  0x08005f0d   Thumb Code    32  ad9361_conv.o(i.ad9361_midscale_iodelay)
    i.ad9361_post_setup                      0x08005f2c   Section        0  ad9361_conv.o(i.ad9361_post_setup)
    i.ad9361_pp_port_setup                   0x08006044   Section        0  ad9361.o(i.ad9361_pp_port_setup)
    ad9361_pp_port_setup                     0x08006045   Thumb Code   220  ad9361.o(i.ad9361_pp_port_setup)
    i.ad9361_ref_div_sel                     0x0800612c   Section        0  ad9361.o(i.ad9361_ref_div_sel)
    ad9361_ref_div_sel                       0x0800612d   Thumb Code    38  ad9361.o(i.ad9361_ref_div_sel)
    i.ad9361_reset                           0x08006154   Section        0  ad9361.o(i.ad9361_reset)
    i.ad9361_rf_dc_offset_calib              0x08006210   Section        0  ad9361.o(i.ad9361_rf_dc_offset_calib)
    ad9361_rf_dc_offset_calib                0x08006211   Thumb Code   188  ad9361.o(i.ad9361_rf_dc_offset_calib)
    i.ad9361_rf_port_setup                   0x080062ec   Section        0  ad9361.o(i.ad9361_rf_port_setup)
    i.ad9361_rfpll_dummy_recalc_rate         0x08006370   Section        0  ad9361.o(i.ad9361_rfpll_dummy_recalc_rate)
    i.ad9361_rfpll_dummy_set_rate            0x0800637e   Section        0  ad9361.o(i.ad9361_rfpll_dummy_set_rate)
    i.ad9361_rfpll_int_recalc_rate           0x08006390   Section        0  ad9361.o(i.ad9361_rfpll_int_recalc_rate)
    i.ad9361_rfpll_int_round_rate            0x080064f0   Section        0  ad9361.o(i.ad9361_rfpll_int_round_rate)
    i.ad9361_rfpll_int_set_rate              0x08006550   Section        0  ad9361.o(i.ad9361_rfpll_int_set_rate)
    i.ad9361_rfpll_recalc_rate               0x080067ac   Section        0  ad9361.o(i.ad9361_rfpll_recalc_rate)
    i.ad9361_rfpll_round_rate                0x080067fe   Section        0  ad9361.o(i.ad9361_rfpll_round_rate)
    i.ad9361_rfpll_set_rate                  0x08006870   Section        0  ad9361.o(i.ad9361_rfpll_set_rate)
    i.ad9361_rfpll_vco_init                  0x0800697c   Section        0  ad9361.o(i.ad9361_rfpll_vco_init)
    ad9361_rfpll_vco_init                    0x0800697d   Thumb Code   440  ad9361.o(i.ad9361_rfpll_vco_init)
    i.ad9361_rssi_setup                      0x08006b98   Section        0  ad9361.o(i.ad9361_rssi_setup)
    ad9361_rssi_setup                        0x08006b99   Thumb Code   464  ad9361.o(i.ad9361_rssi_setup)
    i.ad9361_run_calibration                 0x08006d90   Section        0  ad9361.o(i.ad9361_run_calibration)
    ad9361_run_calibration                   0x08006d91   Thumb Code    54  ad9361.o(i.ad9361_run_calibration)
    i.ad9361_rx_adc_setup                    0x08006de4   Section        0  ad9361.o(i.ad9361_rx_adc_setup)
    ad9361_rx_adc_setup                      0x08006de5   Thumb Code  1778  ad9361.o(i.ad9361_rx_adc_setup)
    i.ad9361_rx_bb_analog_filter_calib       0x080074e0   Section        0  ad9361.o(i.ad9361_rx_bb_analog_filter_calib)
    ad9361_rx_bb_analog_filter_calib         0x080074e1   Thumb Code   262  ad9361.o(i.ad9361_rx_bb_analog_filter_calib)
    i.ad9361_rx_tia_calib                    0x08007620   Section        0  ad9361.o(i.ad9361_rx_tia_calib)
    ad9361_rx_tia_calib                      0x08007621   Thumb Code   290  ad9361.o(i.ad9361_rx_tia_calib)
    i.ad9361_set_clk_scaler                  0x08007774   Section        0  ad9361.o(i.ad9361_set_clk_scaler)
    ad9361_set_clk_scaler                    0x08007775   Thumb Code   602  ad9361.o(i.ad9361_set_clk_scaler)
    i.ad9361_set_dcxo_tune                   0x080079d0   Section        0  ad9361.o(i.ad9361_set_dcxo_tune)
    i.ad9361_set_ensm_mode                   0x08007a38   Section        0  ad9361.o(i.ad9361_set_ensm_mode)
    i.ad9361_set_trx_clock_chain             0x08007aa4   Section        0  ad9361.o(i.ad9361_set_trx_clock_chain)
    i.ad9361_set_trx_clock_chain_freq        0x08007c74   Section        0  ad9361.o(i.ad9361_set_trx_clock_chain_freq)
    i.ad9361_set_tx_atten                    0x08007c9c   Section        0  ad9361.o(i.ad9361_set_tx_atten)
    i.ad9361_setup                           0x08007d70   Section        0  ad9361.o(i.ad9361_setup)
    i.ad9361_spi_read                        0x08008530   Section        0  ad9361.o(i.ad9361_spi_read)
    i.ad9361_spi_readm                       0x08008544   Section        0  ad9361.o(i.ad9361_spi_readm)
    i.ad9361_spi_write                       0x080085a4   Section        0  ad9361.o(i.ad9361_spi_write)
    i.ad9361_spi_writem                      0x080085f8   Section        0  ad9361.o(i.ad9361_spi_writem)
    ad9361_spi_writem                        0x080085f9   Thumb Code   102  ad9361.o(i.ad9361_spi_writem)
    i.ad9361_to_clk                          0x08008674   Section        0  ad9361.o(i.ad9361_to_clk)
    i.ad9361_to_refclk_scaler                0x0800867c   Section        0  ad9361.o(i.ad9361_to_refclk_scaler)
    ad9361_to_refclk_scaler                  0x0800867d   Thumb Code    50  ad9361.o(i.ad9361_to_refclk_scaler)
    i.ad9361_tracking_control                0x080086b0   Section        0  ad9361.o(i.ad9361_tracking_control)
    i.ad9361_trx_ext_lo_control              0x080087a4   Section        0  ad9361.o(i.ad9361_trx_ext_lo_control)
    ad9361_trx_ext_lo_control                0x080087a5   Thumb Code   364  ad9361.o(i.ad9361_trx_ext_lo_control)
    i.ad9361_trx_vco_cal_control             0x08008934   Section        0  ad9361.o(i.ad9361_trx_vco_cal_control)
    ad9361_trx_vco_cal_control               0x08008935   Thumb Code    58  ad9361.o(i.ad9361_trx_vco_cal_control)
    i.ad9361_tx_bb_analog_filter_calib       0x08008988   Section        0  ad9361.o(i.ad9361_tx_bb_analog_filter_calib)
    ad9361_tx_bb_analog_filter_calib         0x08008989   Thumb Code   150  ad9361.o(i.ad9361_tx_bb_analog_filter_calib)
    i.ad9361_tx_bb_second_filter_calib       0x08008a50   Section        0  ad9361.o(i.ad9361_tx_bb_second_filter_calib)
    ad9361_tx_bb_second_filter_calib         0x08008a51   Thumb Code   246  ad9361.o(i.ad9361_tx_bb_second_filter_calib)
    i.ad9361_tx_mute                         0x08008b78   Section        0  ad9361.o(i.ad9361_tx_mute)
    i.ad9361_tx_quad_calib                   0x08008bdc   Section        0  ad9361.o(i.ad9361_tx_quad_calib)
    ad9361_tx_quad_calib                     0x08008bdd   Thumb Code   810  ad9361.o(i.ad9361_tx_quad_calib)
    i.ad9361_tx_quad_phase_search            0x08009008   Section        0  ad9361.o(i.ad9361_tx_quad_phase_search)
    ad9361_tx_quad_phase_search              0x08009009   Thumb Code   148  ad9361.o(i.ad9361_tx_quad_phase_search)
    i.ad9361_txmon_control                   0x080090a4   Section        0  ad9361.o(i.ad9361_txmon_control)
    ad9361_txmon_control                     0x080090a5   Thumb Code    94  ad9361.o(i.ad9361_txmon_control)
    i.ad9361_txmon_setup                     0x0800911c   Section        0  ad9361.o(i.ad9361_txmon_setup)
    ad9361_txmon_setup                       0x0800911d   Thumb Code   160  ad9361.o(i.ad9361_txmon_setup)
    i.ad9361_txrx_synth_cp_calib             0x080091c4   Section        0  ad9361.o(i.ad9361_txrx_synth_cp_calib)
    ad9361_txrx_synth_cp_calib               0x080091c5   Thumb Code   242  ad9361.o(i.ad9361_txrx_synth_cp_calib)
    i.ad9361_validate_rf_bw                  0x080092e4   Section        0  ad9361.o(i.ad9361_validate_rf_bw)
    i.ad9361_validate_rfpll                  0x0800930c   Section        0  ad9361.o(i.ad9361_validate_rfpll)
    i.ad9361_validate_trx_clock_chain        0x08009350   Section        0  ad9361.o(i.ad9361_validate_trx_clock_chain)
    ad9361_validate_trx_clock_chain          0x08009351   Thumb Code   138  ad9361.o(i.ad9361_validate_trx_clock_chain)
    i.adc_init                               0x08009418   Section        0  adc_core.o(i.adc_init)
    i.adc_read                               0x08009428   Section        0  adc_core.o(i.adc_read)
    i.adc_write                              0x0800942a   Section        0  adc_core.o(i.adc_write)
    i.axiadc_idelay_set                      0x0800942c   Section        0  platform.o(i.axiadc_idelay_set)
    i.axiadc_init                            0x0800946a   Section        0  platform.o(i.axiadc_init)
    i.axiadc_post_setup                      0x08009480   Section        0  platform.o(i.axiadc_post_setup)
    i.axiadc_read                            0x08009484   Section        0  platform.o(i.axiadc_read)
    i.axiadc_set_pnsel                       0x08009492   Section        0  platform.o(i.axiadc_set_pnsel)
    i.axiadc_write                           0x080094fe   Section        0  platform.o(i.axiadc_write)
    i.clk_get_rate                           0x08009504   Section        0  util.o(i.clk_get_rate)
    i.clk_prepare_enable                     0x0800957c   Section        0  util.o(i.clk_prepare_enable)
    i.clk_set_rate                           0x08009580   Section        0  util.o(i.clk_set_rate)
    i.dac_init                               0x0800978e   Section        0  dac_core.o(i.dac_init)
    i.do_div                                 0x08009790   Section        0  util.o(i.do_div)
    i.find_first_bit                         0x080097a6   Section        0  util.o(i.find_first_bit)
    i.fputc                                  0x080097d8   Section        0  usart.o(i.fputc)
    i.free                                   0x080097f0   Section        0  malloc.o(i.free)
    i.gpio_data                              0x08009840   Section        0  platform.o(i.gpio_data)
    i.gpio_is_valid                          0x08009888   Section        0  platform.o(i.gpio_is_valid)
    i.gpio_set_value                         0x08009894   Section        0  platform.o(i.gpio_set_value)
    i.ilog2                                  0x0800989c   Section        0  util.o(i.ilog2)
    i.int_sqrt                               0x08009900   Section        0  util.o(i.int_sqrt)
    i.main                                   0x08009924   Section        0  main.o(i.main)
    i.malloc                                 0x080099b4   Section        0  malloc.o(i.malloc)
    i.mdelay                                 0x08009a20   Section        0  platform.o(i.mdelay)
    i.register_clocks                        0x08009a24   Section        0  ad9361.o(i.register_clocks)
    i.spi_write_then_read                    0x08009cf8   Section        0  platform.o(i.spi_write_then_read)
    i.udelay                                 0x08009da0   Section        0  platform.o(i.udelay)
    i.zmalloc                                0x08009db2   Section        0  util.o(i.zmalloc)
    .constdata                               0x08009dce   Section       16  system_stm32f4xx.o(.constdata)
    .constdata                               0x08009dde   Section        8  system_stm32f4xx.o(.constdata)
    .constdata                               0x08009de8   Section     7097  ad9361.o(.constdata)
    tia_table                                0x08009de8   Data           2  ad9361.o(.constdata)
    SynthLUT_FDD                             0x08009dea   Data        2226  ad9361.o(.constdata)
    SynthLUT_TDD                             0x0800a69c   Data        2226  ad9361.o(.constdata)
    full_gain_table                          0x0800af4e   Data         693  ad9361.o(.constdata)
    split_gain_table                         0x0800b203   Data         369  ad9361.o(.constdata)
    gm_st_gain                               0x0800b374   Data          16  ad9361.o(.constdata)
    gm_st_ctrl                               0x0800b384   Data          16  ad9361.o(.constdata)
    lna_table                                0x0800b394   Data          12  ad9361.o(.constdata)
    mixer_table                              0x0800b3a0   Data          48  ad9361.o(.constdata)
    gain_step_calib_reg_val                  0x0800b3d0   Data          80  ad9361.o(.constdata)
    __func__                                 0x0800b420   Data          13  ad9361.o(.constdata)
    __func__                                 0x0800b42d   Data          21  ad9361.o(.constdata)
    __func__                                 0x0800b442   Data          17  ad9361.o(.constdata)
    __func__                                 0x0800b453   Data          17  ad9361.o(.constdata)
    __func__                                 0x0800b464   Data          23  ad9361.o(.constdata)
    __func__                                 0x0800b47b   Data          15  ad9361.o(.constdata)
    __func__                                 0x0800b48a   Data          30  ad9361.o(.constdata)
    __func__                                 0x0800b4a8   Data          20  ad9361.o(.constdata)
    __func__                                 0x0800b4bc   Data          22  ad9361.o(.constdata)
    __func__                                 0x0800b4d2   Data          20  ad9361.o(.constdata)
    __func__                                 0x0800b4e6   Data          20  ad9361.o(.constdata)
    __func__                                 0x0800b4fa   Data          33  ad9361.o(.constdata)
    __func__                                 0x0800b51b   Data          33  ad9361.o(.constdata)
    __func__                                 0x0800b53c   Data          33  ad9361.o(.constdata)
    __func__                                 0x0800b55d   Data          27  ad9361.o(.constdata)
    __func__                                 0x0800b578   Data          26  ad9361.o(.constdata)
    __func__                                 0x0800b592   Data          26  ad9361.o(.constdata)
    __func__                                 0x0800b5ac   Data          29  ad9361.o(.constdata)
    __func__                                 0x0800b5c9   Data          28  ad9361.o(.constdata)
    __func__                                 0x0800b5e5   Data          21  ad9361.o(.constdata)
    __func__                                 0x0800b5fa   Data          24  ad9361.o(.constdata)
    __func__                                 0x0800b612   Data          27  ad9361.o(.constdata)
    __func__                                 0x0800b62d   Data          26  ad9361.o(.constdata)
    __func__                                 0x0800b647   Data          26  ad9361.o(.constdata)
    __func__                                 0x0800b661   Data          26  ad9361.o(.constdata)
    __func__                                 0x0800b67b   Data          21  ad9361.o(.constdata)
    __func__                                 0x0800b690   Data          19  ad9361.o(.constdata)
    __func__                                 0x0800b6a3   Data          21  ad9361.o(.constdata)
    __func__                                 0x0800b6b8   Data          21  ad9361.o(.constdata)
    __func__                                 0x0800b6cd   Data          21  ad9361.o(.constdata)
    __func__                                 0x0800b6e2   Data          16  ad9361.o(.constdata)
    __func__                                 0x0800b6f2   Data          18  ad9361.o(.constdata)
    __func__                                 0x0800b704   Data          20  ad9361.o(.constdata)
    __func__                                 0x0800b718   Data          20  ad9361.o(.constdata)
    __func__                                 0x0800b72c   Data          23  ad9361.o(.constdata)
    __func__                                 0x0800b743   Data          17  ad9361.o(.constdata)
    __func__                                 0x0800b754   Data          18  ad9361.o(.constdata)
    __func__                                 0x0800b766   Data          32  ad9361.o(.constdata)
    __func__                                 0x0800b786   Data          27  ad9361.o(.constdata)
    __func__                                 0x0800b7a1   Data          32  ad9361.o(.constdata)
    __func__                                 0x0800b7e0   Data          21  ad9361.o(.constdata)
    __func__                                 0x0800b7f5   Data          22  ad9361.o(.constdata)
    __func__                                 0x0800b80b   Data          24  ad9361.o(.constdata)
    __func__                                 0x0800b823   Data          23  ad9361.o(.constdata)
    __func__                                 0x0800b83a   Data          21  ad9361.o(.constdata)
    __func__                                 0x0800b84f   Data          11  ad9361.o(.constdata)
    __func__                                 0x0800b85a   Data          13  ad9361.o(.constdata)
    __func__                                 0x0800b867   Data          20  ad9361.o(.constdata)
    __func__                                 0x0800b87b   Data          30  ad9361.o(.constdata)
    __func__                                 0x0800b899   Data          28  ad9361.o(.constdata)
    __func__                                 0x0800b8b5   Data          27  ad9361.o(.constdata)
    __func__                                 0x0800b8d0   Data          29  ad9361.o(.constdata)
    __func__                                 0x0800b8ed   Data          27  ad9361.o(.constdata)
    __func__                                 0x0800b908   Data          22  ad9361.o(.constdata)
    __func__                                 0x0800b91e   Data          29  ad9361.o(.constdata)
    __func__                                 0x0800b93b   Data          28  ad9361.o(.constdata)
    __func__                                 0x0800b957   Data          26  ad9361.o(.constdata)
    __func__                                 0x0800b971   Data          22  ad9361.o(.constdata)
    __func__                                 0x0800b987   Data          26  ad9361.o(.constdata)
    .constdata                               0x0800b9a1   Section      223  ad9361_api.o(.constdata)
    __func__                                 0x0800b9a1   Data          12  ad9361_api.o(.constdata)
    __func__                                 0x0800b9ad   Data          22  ad9361_api.o(.constdata)
    __func__                                 0x0800b9c3   Data          22  ad9361_api.o(.constdata)
    __func__                                 0x0800b9d9   Data          25  ad9361_api.o(.constdata)
    __func__                                 0x0800b9f2   Data          19  ad9361_api.o(.constdata)
    __func__                                 0x0800ba05   Data          32  ad9361_api.o(.constdata)
    __func__                                 0x0800ba25   Data          26  ad9361_api.o(.constdata)
    __func__                                 0x0800ba3f   Data          26  ad9361_api.o(.constdata)
    __func__                                 0x0800ba59   Data          25  ad9361_api.o(.constdata)
    __func__                                 0x0800ba72   Data          14  ad9361_api.o(.constdata)
    .constdata                               0x0800ba80   Section       68  ad9361_conv.o(.constdata)
    __func__                                 0x0800ba80   Data          37  ad9361_conv.o(.constdata)
    __func__                                 0x0800baa5   Data          16  ad9361_conv.o(.constdata)
    .conststring                             0x0800bac4   Section       87  ad9361.o(.conststring)
    .conststring                             0x0800bb1c   Section       21  ad9361_api.o(.conststring)
    .data                                    0x20000000   Section      528  main.o(.data)
    .data                                    0x20000210   Section       12  stm32f4xx_hal.o(.data)
    .data                                    0x2000021c   Section        4  system_stm32f4xx.o(.data)
    .data                                    0x20000220   Section       16  ad9361_api.o(.data)
    axiadc_chip_info_tbl                     0x20000220   Data          16  ad9361_api.o(.data)
    .data                                    0x20000230   Section        1  adc_core.o(.data)
    .data                                    0x20000234   Section        4  stdout.o(.data)
    .data                                    0x20000238   Section        4  mvars.o(.data)
    .data                                    0x2000023c   Section        4  mvars.o(.data)
    .bss                                     0x20000240   Section      176  spi.o(.bss)
    .bss                                     0x200002f0   Section       68  usart.o(.bss)
    HEAP                                     0x20000338   Section     4096  startup_stm32f411xe.o(HEAP)
    STACK                                    0x20001338   Section     1024  startup_stm32f411xe.o(STACK)

    Global Symbols

    Symbol Name                              Value     Ov Type        Size  Object(Section)

    BuildAttributes$$THM_ISAv4$E$P$D$K$B$S$7EM$VFPi3$EXTD16$VFPS$VFMA$PE$A:L22UL41UL21$X:L11$S22US41US21$IEEE1$IW$USESV6$~STKCKD$USESV7$~SHL$OTIME$ROPI$IEEEJ$EBA8$MICROLIB$REQ8$PRES8$EABIv2 0x00000000   Number         0  anon$$obj.o ABSOLUTE
    __ARM_use_no_argv                        0x00000000   Number         0  main.o ABSOLUTE
    _printf_a                                0x00000000   Number         0  stubs.o ABSOLUTE
    _printf_c                                0x00000000   Number         0  stubs.o ABSOLUTE
    _printf_charcount                        0x00000000   Number         0  stubs.o ABSOLUTE
    _printf_d                                0x00000000   Number         0  stubs.o ABSOLUTE
    _printf_e                                0x00000000   Number         0  stubs.o ABSOLUTE
    _printf_f                                0x00000000   Number         0  stubs.o ABSOLUTE
    _printf_flags                            0x00000000   Number         0  stubs.o ABSOLUTE
    _printf_fp_dec                           0x00000000   Number         0  stubs.o ABSOLUTE
    _printf_fp_hex                           0x00000000   Number         0  stubs.o ABSOLUTE
    _printf_g                                0x00000000   Number         0  stubs.o ABSOLUTE
    _printf_i                                0x00000000   Number         0  stubs.o ABSOLUTE
    _printf_int_dec                          0x00000000   Number         0  stubs.o ABSOLUTE
    _printf_l                                0x00000000   Number         0  stubs.o ABSOLUTE
    _printf_lc                               0x00000000   Number         0  stubs.o ABSOLUTE
    _printf_ll                               0x00000000   Number         0  stubs.o ABSOLUTE
    _printf_lld                              0x00000000   Number         0  stubs.o ABSOLUTE
    _printf_lli                              0x00000000   Number         0  stubs.o ABSOLUTE
    _printf_llo                              0x00000000   Number         0  stubs.o ABSOLUTE
    _printf_llu                              0x00000000   Number         0  stubs.o ABSOLUTE
    _printf_llx                              0x00000000   Number         0  stubs.o ABSOLUTE
    _printf_longlong_dec                     0x00000000   Number         0  stubs.o ABSOLUTE
    _printf_longlong_hex                     0x00000000   Number         0  stubs.o ABSOLUTE
    _printf_longlong_oct                     0x00000000   Number         0  stubs.o ABSOLUTE
    _printf_ls                               0x00000000   Number         0  stubs.o ABSOLUTE
    _printf_mbtowc                           0x00000000   Number         0  stubs.o ABSOLUTE
    _printf_n                                0x00000000   Number         0  stubs.o ABSOLUTE
    _printf_o                                0x00000000   Number         0  stubs.o ABSOLUTE
    _printf_p                                0x00000000   Number         0  stubs.o ABSOLUTE
    _printf_percent                          0x00000000   Number         0  stubs.o ABSOLUTE
    _printf_pre_padding                      0x00000000   Number         0  stubs.o ABSOLUTE
    _printf_return_value                     0x00000000   Number         0  stubs.o ABSOLUTE
    _printf_s                                0x00000000   Number         0  stubs.o ABSOLUTE
    _printf_sizespec                         0x00000000   Number         0  stubs.o ABSOLUTE
    _printf_str                              0x00000000   Number         0  stubs.o ABSOLUTE
    _printf_truncate_signed                  0x00000000   Number         0  stubs.o ABSOLUTE
    _printf_truncate_unsigned                0x00000000   Number         0  stubs.o ABSOLUTE
    _printf_u                                0x00000000   Number         0  stubs.o ABSOLUTE
    _printf_wc                               0x00000000   Number         0  stubs.o ABSOLUTE
    _printf_wctomb                           0x00000000   Number         0  stubs.o ABSOLUTE
    _printf_widthprec                        0x00000000   Number         0  stubs.o ABSOLUTE
    _printf_x                                0x00000000   Number         0  stubs.o ABSOLUTE
    __arm_fini_                               - Undefined Weak Reference
    __cpp_initialize__aeabi_                  - Undefined Weak Reference
    __cxa_finalize                            - Undefined Weak Reference
    _clock_init                               - Undefined Weak Reference
    _microlib_exit                            - Undefined Weak Reference
    _scanf_longlong                           - Undefined Weak Reference
    _scanf_string                             - Undefined Weak Reference
    __Vectors_Size                           0x00000198   Number         0  startup_stm32f411xe.o ABSOLUTE
    __Vectors                                0x08000000   Data           4  startup_stm32f411xe.o(RESET)
    __Vectors_End                            0x08000198   Data           0  startup_stm32f411xe.o(RESET)
    __main                                   0x08000199   Thumb Code     0  entry.o(.ARM.Collect$$$$00000000)
    _main_stk                                0x08000199   Thumb Code     0  entry2.o(.ARM.Collect$$$$00000001)
    _main_scatterload                        0x0800019d   Thumb Code     0  entry5.o(.ARM.Collect$$$$00000004)
    __main_after_scatterload                 0x080001a1   Thumb Code     0  entry5.o(.ARM.Collect$$$$00000004)
    _main_clock                              0x080001a1   Thumb Code     0  entry7b.o(.ARM.Collect$$$$00000008)
    _main_cpp_init                           0x080001a1   Thumb Code     0  entry8b.o(.ARM.Collect$$$$0000000A)
    _main_init                               0x080001a1   Thumb Code     0  entry9a.o(.ARM.Collect$$$$0000000B)
    __rt_lib_shutdown_fini                   0x080001a9   Thumb Code     0  entry12b.o(.ARM.Collect$$$$0000000E)
    __rt_final_cpp                           0x080001ad   Thumb Code     0  entry10a.o(.ARM.Collect$$$$0000000F)
    __rt_final_exit                          0x080001ad   Thumb Code     0  entry11a.o(.ARM.Collect$$$$00000011)
    Reset_Handler                            0x080001b1   Thumb Code     8  startup_stm32f411xe.o(.text)
    ADC_IRQHandler                           0x080001cb   Thumb Code     0  startup_stm32f411xe.o(.text)
    DMA1_Stream0_IRQHandler                  0x080001cb   Thumb Code     0  startup_stm32f411xe.o(.text)
    DMA1_Stream1_IRQHandler                  0x080001cb   Thumb Code     0  startup_stm32f411xe.o(.text)
    DMA1_Stream2_IRQHandler                  0x080001cb   Thumb Code     0  startup_stm32f411xe.o(.text)
    DMA1_Stream3_IRQHandler                  0x080001cb   Thumb Code     0  startup_stm32f411xe.o(.text)
    DMA1_Stream4_IRQHandler                  0x080001cb   Thumb Code     0  startup_stm32f411xe.o(.text)
    DMA1_Stream5_IRQHandler                  0x080001cb   Thumb Code     0  startup_stm32f411xe.o(.text)
    DMA1_Stream6_IRQHandler                  0x080001cb   Thumb Code     0  startup_stm32f411xe.o(.text)
    DMA1_Stream7_IRQHandler                  0x080001cb   Thumb Code     0  startup_stm32f411xe.o(.text)
    DMA2_Stream0_IRQHandler                  0x080001cb   Thumb Code     0  startup_stm32f411xe.o(.text)
    DMA2_Stream1_IRQHandler                  0x080001cb   Thumb Code     0  startup_stm32f411xe.o(.text)
    DMA2_Stream2_IRQHandler                  0x080001cb   Thumb Code     0  startup_stm32f411xe.o(.text)
    DMA2_Stream3_IRQHandler                  0x080001cb   Thumb Code     0  startup_stm32f411xe.o(.text)
    DMA2_Stream4_IRQHandler                  0x080001cb   Thumb Code     0  startup_stm32f411xe.o(.text)
    DMA2_Stream5_IRQHandler                  0x080001cb   Thumb Code     0  startup_stm32f411xe.o(.text)
    DMA2_Stream6_IRQHandler                  0x080001cb   Thumb Code     0  startup_stm32f411xe.o(.text)
    DMA2_Stream7_IRQHandler                  0x080001cb   Thumb Code     0  startup_stm32f411xe.o(.text)
    EXTI0_IRQHandler                         0x080001cb   Thumb Code     0  startup_stm32f411xe.o(.text)
    EXTI15_10_IRQHandler                     0x080001cb   Thumb Code     0  startup_stm32f411xe.o(.text)
    EXTI1_IRQHandler                         0x080001cb   Thumb Code     0  startup_stm32f411xe.o(.text)
    EXTI2_IRQHandler                         0x080001cb   Thumb Code     0  startup_stm32f411xe.o(.text)
    EXTI3_IRQHandler                         0x080001cb   Thumb Code     0  startup_stm32f411xe.o(.text)
    EXTI4_IRQHandler                         0x080001cb   Thumb Code     0  startup_stm32f411xe.o(.text)
    EXTI9_5_IRQHandler                       0x080001cb   Thumb Code     0  startup_stm32f411xe.o(.text)
    FLASH_IRQHandler                         0x080001cb   Thumb Code     0  startup_stm32f411xe.o(.text)
    FPU_IRQHandler                           0x080001cb   Thumb Code     0  startup_stm32f411xe.o(.text)
    I2C1_ER_IRQHandler                       0x080001cb   Thumb Code     0  startup_stm32f411xe.o(.text)
    I2C1_EV_IRQHandler                       0x080001cb   Thumb Code     0  startup_stm32f411xe.o(.text)
    I2C2_ER_IRQHandler                       0x080001cb   Thumb Code     0  startup_stm32f411xe.o(.text)
    I2C2_EV_IRQHandler                       0x080001cb   Thumb Code     0  startup_stm32f411xe.o(.text)
    I2C3_ER_IRQHandler                       0x080001cb   Thumb Code     0  startup_stm32f411xe.o(.text)
    I2C3_EV_IRQHandler                       0x080001cb   Thumb Code     0  startup_stm32f411xe.o(.text)
    OTG_FS_IRQHandler                        0x080001cb   Thumb Code     0  startup_stm32f411xe.o(.text)
    OTG_FS_WKUP_IRQHandler                   0x080001cb   Thumb Code     0  startup_stm32f411xe.o(.text)
    PVD_IRQHandler                           0x080001cb   Thumb Code     0  startup_stm32f411xe.o(.text)
    RCC_IRQHandler                           0x080001cb   Thumb Code     0  startup_stm32f411xe.o(.text)
    RTC_Alarm_IRQHandler                     0x080001cb   Thumb Code     0  startup_stm32f411xe.o(.text)
    RTC_WKUP_IRQHandler                      0x080001cb   Thumb Code     0  startup_stm32f411xe.o(.text)
    SDIO_IRQHandler                          0x080001cb   Thumb Code     0  startup_stm32f411xe.o(.text)
    SPI1_IRQHandler                          0x080001cb   Thumb Code     0  startup_stm32f411xe.o(.text)
    SPI2_IRQHandler                          0x080001cb   Thumb Code     0  startup_stm32f411xe.o(.text)
    SPI3_IRQHandler                          0x080001cb   Thumb Code     0  startup_stm32f411xe.o(.text)
    SPI4_IRQHandler                          0x080001cb   Thumb Code     0  startup_stm32f411xe.o(.text)
    SPI5_IRQHandler                          0x080001cb   Thumb Code     0  startup_stm32f411xe.o(.text)
    TAMP_STAMP_IRQHandler                    0x080001cb   Thumb Code     0  startup_stm32f411xe.o(.text)
    TIM1_BRK_TIM9_IRQHandler                 0x080001cb   Thumb Code     0  startup_stm32f411xe.o(.text)
    TIM1_CC_IRQHandler                       0x080001cb   Thumb Code     0  startup_stm32f411xe.o(.text)
    TIM1_TRG_COM_TIM11_IRQHandler            0x080001cb   Thumb Code     0  startup_stm32f411xe.o(.text)
    TIM1_UP_TIM10_IRQHandler                 0x080001cb   Thumb Code     0  startup_stm32f411xe.o(.text)
    TIM2_IRQHandler                          0x080001cb   Thumb Code     0  startup_stm32f411xe.o(.text)
    TIM3_IRQHandler                          0x080001cb   Thumb Code     0  startup_stm32f411xe.o(.text)
    TIM4_IRQHandler                          0x080001cb   Thumb Code     0  startup_stm32f411xe.o(.text)
    TIM5_IRQHandler                          0x080001cb   Thumb Code     0  startup_stm32f411xe.o(.text)
    USART1_IRQHandler                        0x080001cb   Thumb Code     0  startup_stm32f411xe.o(.text)
    USART2_IRQHandler                        0x080001cb   Thumb Code     0  startup_stm32f411xe.o(.text)
    USART6_IRQHandler                        0x080001cb   Thumb Code     0  startup_stm32f411xe.o(.text)
    WWDG_IRQHandler                          0x080001cb   Thumb Code     0  startup_stm32f411xe.o(.text)
    __aeabi_uldivmod                         0x080001d5   Thumb Code    98  uldiv.o(.text)
    __aeabi_llsr                             0x08000237   Thumb Code    32  llushr.o(.text)
    _ll_ushift_r                             0x08000237   Thumb Code     0  llushr.o(.text)
    __aeabi_memcpy                           0x08000257   Thumb Code    36  memcpya.o(.text)
    __aeabi_memcpy4                          0x08000257   Thumb Code     0  memcpya.o(.text)
    __aeabi_memcpy8                          0x08000257   Thumb Code     0  memcpya.o(.text)
    __aeabi_memset                           0x0800027b   Thumb Code    14  memseta.o(.text)
    __aeabi_memset4                          0x0800027b   Thumb Code     0  memseta.o(.text)
    __aeabi_memset8                          0x0800027b   Thumb Code     0  memseta.o(.text)
    __aeabi_memclr                           0x08000289   Thumb Code     4  memseta.o(.text)
    __aeabi_memclr4                          0x08000289   Thumb Code     0  memseta.o(.text)
    __aeabi_memclr8                          0x08000289   Thumb Code     0  memseta.o(.text)
    _memset$wrapper                          0x0800028d   Thumb Code    18  memseta.o(.text)
    __aeabi_dadd                             0x0800029f   Thumb Code   322  dadd.o(.text)
    __aeabi_dsub                             0x080003e1   Thumb Code     6  dadd.o(.text)
    __aeabi_drsub                            0x080003e7   Thumb Code     6  dadd.o(.text)
    __aeabi_dmul                             0x080003ed   Thumb Code   228  dmul.o(.text)
    __aeabi_d2ulz                            0x080004d1   Thumb Code    48  dfixul.o(.text)
    __aeabi_uidiv                            0x08000501   Thumb Code     0  uidiv.o(.text)
    __aeabi_uidivmod                         0x08000501   Thumb Code    44  uidiv.o(.text)
    __aeabi_llsl                             0x0800052d   Thumb Code    30  llshl.o(.text)
    _ll_shift_l                              0x0800052d   Thumb Code     0  llshl.o(.text)
    __aeabi_lasr                             0x0800054b   Thumb Code    36  llsshr.o(.text)
    _ll_sshift_r                             0x0800054b   Thumb Code     0  llsshr.o(.text)
    __I$use$fp                               0x0800056f   Thumb Code     0  iusefp.o(.text)
    _double_round                            0x0800056f   Thumb Code    30  depilogue.o(.text)
    _double_epilogue                         0x0800058d   Thumb Code   156  depilogue.o(.text)
    __aeabi_ddiv                             0x08000629   Thumb Code   222  ddiv.o(.text)
    __aeabi_cdrcmple                         0x08000709   Thumb Code    48  cdrcmple.o(.text)
    __scatterload                            0x08000739   Thumb Code    28  init.o(.text)
    __scatterload_rt2                        0x08000739   Thumb Code     0  init.o(.text)
    __decompress                             0x0800075d   Thumb Code     0  __dczerorl2.o(.text)
    __decompress1                            0x0800075d   Thumb Code    86  __dczerorl2.o(.text)
    BusFault_Handler                         0x080007b3   Thumb Code     2  stm32f4xx_it.o(i.BusFault_Handler)
    DebugMon_Handler                         0x080007b5   Thumb Code     2  stm32f4xx_it.o(i.DebugMon_Handler)
    ERR_PTR                                  0x080007b7   Thumb Code     2  util.o(i.ERR_PTR)
    Error_Handler                            0x080007b9   Thumb Code     4  main.o(i.Error_Handler)
    HAL_Delay                                0x080007bd   Thumb Code    32  stm32f4xx_hal.o(i.HAL_Delay)
    HAL_GPIO_Init                            0x080007e1   Thumb Code   446  stm32f4xx_hal_gpio.o(i.HAL_GPIO_Init)
    HAL_GPIO_WritePin                        0x080009c1   Thumb Code    10  stm32f4xx_hal_gpio.o(i.HAL_GPIO_WritePin)
    HAL_GetTick                              0x080009cd   Thumb Code     6  stm32f4xx_hal.o(i.HAL_GetTick)
    HAL_IncTick                              0x080009d9   Thumb Code    12  stm32f4xx_hal.o(i.HAL_IncTick)
    HAL_Init                                 0x080009e9   Thumb Code    48  stm32f4xx_hal.o(i.HAL_Init)
    HAL_InitTick                             0x08000a1d   Thumb Code    54  stm32f4xx_hal.o(i.HAL_InitTick)
    HAL_MspInit                              0x08000a5d   Thumb Code    42  stm32f4xx_hal_msp.o(i.HAL_MspInit)
    HAL_NVIC_SetPriority                     0x08000a8d   Thumb Code    60  stm32f4xx_hal_cortex.o(i.HAL_NVIC_SetPriority)
    HAL_NVIC_SetPriorityGrouping             0x08000acd   Thumb Code    26  stm32f4xx_hal_cortex.o(i.HAL_NVIC_SetPriorityGrouping)
    HAL_RCC_ClockConfig                      0x08000af1   Thumb Code   288  stm32f4xx_hal_rcc.o(i.HAL_RCC_ClockConfig)
    HAL_RCC_GetPCLK1Freq                     0x08000c25   Thumb Code    20  stm32f4xx_hal_rcc.o(i.HAL_RCC_GetPCLK1Freq)
    HAL_RCC_GetPCLK2Freq                     0x08000c45   Thumb Code    20  stm32f4xx_hal_rcc.o(i.HAL_RCC_GetPCLK2Freq)
    HAL_RCC_GetSysClockFreq                  0x08000c65   Thumb Code    88  stm32f4xx_hal_rcc.o(i.HAL_RCC_GetSysClockFreq)
    HAL_RCC_OscConfig                        0x08000cc9   Thumb Code   856  stm32f4xx_hal_rcc.o(i.HAL_RCC_OscConfig)
    HAL_SPI_Init                             0x08001035   Thumb Code   188  stm32f4xx_hal_spi.o(i.HAL_SPI_Init)
    HAL_SPI_MspInit                          0x080010f1   Thumb Code   154  spi.o(i.HAL_SPI_MspInit)
    HAL_SPI_Receive                          0x080011a1   Thumb Code   346  stm32f4xx_hal_spi.o(i.HAL_SPI_Receive)
    HAL_SPI_Transmit                         0x080012fb   Thumb Code   358  stm32f4xx_hal_spi.o(i.HAL_SPI_Transmit)
    HAL_SPI_TransmitReceive                  0x08001461   Thumb Code   482  stm32f4xx_hal_spi.o(i.HAL_SPI_TransmitReceive)
    HAL_SYSTICK_Config                       0x08001643   Thumb Code    40  stm32f4xx_hal_cortex.o(i.HAL_SYSTICK_Config)
    HAL_UART_Init                            0x0800166b   Thumb Code    98  stm32f4xx_hal_uart.o(i.HAL_UART_Init)
    HAL_UART_MspInit                         0x080016cd   Thumb Code    92  usart.o(i.HAL_UART_MspInit)
    HAL_UART_Transmit                        0x08001735   Thumb Code   178  stm32f4xx_hal_uart.o(i.HAL_UART_Transmit)
    HardFault_Handler                        0x080017e7   Thumb Code     2  stm32f4xx_it.o(i.HardFault_Handler)
    MX_GPIO_Init                             0x080017e9   Thumb Code   152  gpio.o(i.MX_GPIO_Init)
    MX_SPI1_Init                             0x0800188d   Thumb Code    60  spi.o(i.MX_SPI1_Init)
    MX_SPI2_Init                             0x080018d1   Thumb Code    60  spi.o(i.MX_SPI2_Init)
    MX_USART1_UART_Init                      0x08001915   Thumb Code    48  usart.o(i.MX_USART1_UART_Init)
    MemManage_Handler                        0x0800194d   Thumb Code     2  stm32f4xx_it.o(i.MemManage_Handler)
    NMI_Handler                              0x0800194f   Thumb Code     2  stm32f4xx_it.o(i.NMI_Handler)
    PendSV_Handler                           0x08001951   Thumb Code     2  stm32f4xx_it.o(i.PendSV_Handler)
    SVC_Handler                              0x08001ac1   Thumb Code     2  stm32f4xx_it.o(i.SVC_Handler)
    SysTick_Handler                          0x08001ac3   Thumb Code     4  stm32f4xx_it.o(i.SysTick_Handler)
    SystemClock_Config                       0x08001ac9   Thumb Code   136  main.o(i.SystemClock_Config)
    SystemInit                               0x08001b59   Thumb Code    12  system_stm32f4xx.o(i.SystemInit)
    UsageFault_Handler                       0x08001ced   Thumb Code     2  stm32f4xx_it.o(i.UsageFault_Handler)
    __0printf                                0x08001cf1   Thumb Code    22  printfa.o(i.__0printf)
    __1printf                                0x08001cf1   Thumb Code     0  printfa.o(i.__0printf)
    __2printf                                0x08001cf1   Thumb Code     0  printfa.o(i.__0printf)
    __c89printf                              0x08001cf1   Thumb Code     0  printfa.o(i.__0printf)
    printf                                   0x08001cf1   Thumb Code     0  printfa.o(i.__0printf)
    __scatterload_copy                       0x08001e89   Thumb Code    14  handlers.o(i.__scatterload_copy)
    __scatterload_null                       0x08001e97   Thumb Code     2  handlers.o(i.__scatterload_null)
    __scatterload_zeroinit                   0x08001e99   Thumb Code    14  handlers.o(i.__scatterload_zeroinit)
    ad9361_bbpll_recalc_rate                 0x08002981   Thumb Code    76  ad9361.o(i.ad9361_bbpll_recalc_rate)
    ad9361_bbpll_round_rate                  0x080029cd   Thumb Code   120  ad9361.o(i.ad9361_bbpll_round_rate)
    ad9361_bbpll_set_rate                    0x08002a49   Thumb Code   302  ad9361.o(i.ad9361_bbpll_set_rate)
    ad9361_bist_loopback                     0x08002ba9   Thumb Code   144  ad9361.o(i.ad9361_bist_loopback)
    ad9361_bist_prbs                         0x08002c4d   Thumb Code    62  ad9361.o(i.ad9361_bist_prbs)
    ad9361_calculate_rf_clock_chain          0x08002d39   Thumb Code   526  ad9361.o(i.ad9361_calculate_rf_clock_chain)
    ad9361_clk_factor_recalc_rate            0x08003091   Thumb Code    22  ad9361.o(i.ad9361_clk_factor_recalc_rate)
    ad9361_clk_factor_round_rate             0x080030a9   Thumb Code    84  ad9361.o(i.ad9361_clk_factor_round_rate)
    ad9361_clk_factor_set_rate               0x08003119   Thumb Code    90  ad9361.o(i.ad9361_clk_factor_set_rate)
    ad9361_clk_mux_set_parent                0x080031b5   Thumb Code    80  ad9361.o(i.ad9361_clk_mux_set_parent)
    ad9361_dig_tune                          0x08003335   Thumb Code  1312  ad9361_conv.o(i.ad9361_dig_tune)
    ad9361_do_calib_run                      0x08003a0d   Thumb Code   134  ad9361.o(i.ad9361_do_calib_run)
    ad9361_en_dis_rx                         0x08003ab1   Thumb Code    32  ad9361.o(i.ad9361_en_dis_rx)
    ad9361_en_dis_tx                         0x08003ad1   Thumb Code    32  ad9361.o(i.ad9361_en_dis_tx)
    ad9361_ensm_force_state                  0x08003af1   Thumb Code   182  ad9361.o(i.ad9361_ensm_force_state)
    ad9361_ensm_restore_prev_state           0x08003c45   Thumb Code   140  ad9361.o(i.ad9361_ensm_restore_prev_state)
    ad9361_ensm_set_state                    0x08003d45   Thumb Code   604  ad9361.o(i.ad9361_ensm_set_state)
    ad9361_find_opt                          0x080041f9   Thumb Code    80  ad9361.o(i.ad9361_find_opt)
    ad9361_from_clk                          0x08004249   Thumb Code     8  ad9361.o(i.ad9361_from_clk)
    ad9361_get_tx_atten                      0x08004d75   Thumb Code    38  ad9361.o(i.ad9361_get_tx_atten)
    ad9361_hdl_loopback                      0x08004e91   Thumb Code   140  ad9361_conv.o(i.ad9361_hdl_loopback)
    ad9361_init                              0x08004f1d   Thumb Code  3118  ad9361_api.o(i.ad9361_init)
    ad9361_init_gain_tables                  0x08005c09   Thumb Code    74  ad9361.o(i.ad9361_init_gain_tables)
    ad9361_post_setup                        0x08005f2d   Thumb Code   276  ad9361_conv.o(i.ad9361_post_setup)
    ad9361_reset                             0x08006155   Thumb Code   114  ad9361.o(i.ad9361_reset)
    ad9361_rf_port_setup                     0x080062ed   Thumb Code   100  ad9361.o(i.ad9361_rf_port_setup)
    ad9361_rfpll_dummy_recalc_rate           0x08006371   Thumb Code    14  ad9361.o(i.ad9361_rfpll_dummy_recalc_rate)
    ad9361_rfpll_dummy_set_rate              0x0800637f   Thumb Code    16  ad9361.o(i.ad9361_rfpll_dummy_set_rate)
    ad9361_rfpll_int_recalc_rate             0x08006391   Thumb Code   314  ad9361.o(i.ad9361_rfpll_int_recalc_rate)
    ad9361_rfpll_int_round_rate              0x080064f1   Thumb Code    62  ad9361.o(i.ad9361_rfpll_int_round_rate)
    ad9361_rfpll_int_set_rate                0x08006551   Thumb Code   550  ad9361.o(i.ad9361_rfpll_int_set_rate)
    ad9361_rfpll_recalc_rate                 0x080067ad   Thumb Code    82  ad9361.o(i.ad9361_rfpll_recalc_rate)
    ad9361_rfpll_round_rate                  0x080067ff   Thumb Code   114  ad9361.o(i.ad9361_rfpll_round_rate)
    ad9361_rfpll_set_rate                    0x08006871   Thumb Code   236  ad9361.o(i.ad9361_rfpll_set_rate)
    ad9361_set_dcxo_tune                     0x080079d1   Thumb Code    70  ad9361.o(i.ad9361_set_dcxo_tune)
    ad9361_set_ensm_mode                     0x08007a39   Thumb Code   106  ad9361.o(i.ad9361_set_ensm_mode)
    ad9361_set_trx_clock_chain               0x08007aa5   Thumb Code   388  ad9361.o(i.ad9361_set_trx_clock_chain)
    ad9361_set_trx_clock_chain_freq          0x08007c75   Thumb Code    40  ad9361.o(i.ad9361_set_trx_clock_chain_freq)
    ad9361_set_tx_atten                      0x08007c9d   Thumb Code   158  ad9361.o(i.ad9361_set_tx_atten)
    ad9361_setup                             0x08007d71   Thumb Code  1972  ad9361.o(i.ad9361_setup)
    ad9361_spi_read                          0x08008531   Thumb Code    20  ad9361.o(i.ad9361_spi_read)
    ad9361_spi_readm                         0x08008545   Thumb Code    74  ad9361.o(i.ad9361_spi_readm)
    ad9361_spi_write                         0x080085a5   Thumb Code    64  ad9361.o(i.ad9361_spi_write)
    ad9361_to_clk                            0x08008675   Thumb Code     8  ad9361.o(i.ad9361_to_clk)
    ad9361_tracking_control                  0x080086b1   Thumb Code   184  ad9361.o(i.ad9361_tracking_control)
    ad9361_tx_mute                           0x08008b79   Thumb Code    94  ad9361.o(i.ad9361_tx_mute)
    ad9361_validate_rf_bw                    0x080092e5   Thumb Code    30  ad9361.o(i.ad9361_validate_rf_bw)
    ad9361_validate_rfpll                    0x0800930d   Thumb Code    50  ad9361.o(i.ad9361_validate_rfpll)
    adc_init                                 0x08009419   Thumb Code    12  adc_core.o(i.adc_init)
    adc_read                                 0x08009429   Thumb Code     2  adc_core.o(i.adc_read)
    adc_write                                0x0800942b   Thumb Code     2  adc_core.o(i.adc_write)
    axiadc_idelay_set                        0x0800942d   Thumb Code    62  platform.o(i.axiadc_idelay_set)
    axiadc_init                              0x0800946b   Thumb Code    22  platform.o(i.axiadc_init)
    axiadc_post_setup                        0x08009481   Thumb Code     4  platform.o(i.axiadc_post_setup)
    axiadc_read                              0x08009485   Thumb Code    14  platform.o(i.axiadc_read)
    axiadc_set_pnsel                         0x08009493   Thumb Code   108  platform.o(i.axiadc_set_pnsel)
    axiadc_write                             0x080094ff   Thumb Code     6  platform.o(i.axiadc_write)
    clk_get_rate                             0x08009505   Thumb Code   120  util.o(i.clk_get_rate)
    clk_prepare_enable                       0x0800957d   Thumb Code     4  util.o(i.clk_prepare_enable)
    clk_set_rate                             0x08009581   Thumb Code   526  util.o(i.clk_set_rate)
    dac_init                                 0x0800978f   Thumb Code     2  dac_core.o(i.dac_init)
    do_div                                   0x08009791   Thumb Code    22  util.o(i.do_div)
    find_first_bit                           0x080097a7   Thumb Code    48  util.o(i.find_first_bit)
    fputc                                    0x080097d9   Thumb Code    20  usart.o(i.fputc)
    free                                     0x080097f1   Thumb Code    76  malloc.o(i.free)
    gpio_data                                0x08009841   Thumb Code    56  platform.o(i.gpio_data)
    gpio_is_valid                            0x08009889   Thumb Code    12  platform.o(i.gpio_is_valid)
    gpio_set_value                           0x08009895   Thumb Code     8  platform.o(i.gpio_set_value)
    ilog2                                    0x0800989d   Thumb Code   100  util.o(i.ilog2)
    int_sqrt                                 0x08009901   Thumb Code    34  util.o(i.int_sqrt)
    main                                     0x08009925   Thumb Code    90  main.o(i.main)
    malloc                                   0x080099b5   Thumb Code    92  malloc.o(i.malloc)
    mdelay                                   0x08009a21   Thumb Code     4  platform.o(i.mdelay)
    register_clocks                          0x08009a25   Thumb Code   464  ad9361.o(i.register_clocks)
    spi_write_then_read                      0x08009cf9   Thumb Code   104  platform.o(i.spi_write_then_read)
    udelay                                   0x08009da1   Thumb Code    18  platform.o(i.udelay)
    zmalloc                                  0x08009db3   Thumb Code    28  util.o(i.zmalloc)
    AHBPrescTable                            0x08009dce   Data          16  system_stm32f4xx.o(.constdata)
    APBPrescTable                            0x08009dde   Data           8  system_stm32f4xx.o(.constdata)
    Region$$Table$$Base                      0x0800bb34   Number         0  anon$$obj.o(Region$$Table)
    Region$$Table$$Limit                     0x0800bb54   Number         0  anon$$obj.o(Region$$Table)
    ad9361_phy                               0x20000000   Data           4  main.o(.data)
    default_init_param                       0x20000008   Data         520  main.o(.data)
    uwTickFreq                               0x20000210   Data           1  stm32f4xx_hal.o(.data)
    uwTickPrio                               0x20000214   Data           4  stm32f4xx_hal.o(.data)
    uwTick                                   0x20000218   Data           4  stm32f4xx_hal.o(.data)
    SystemCoreClock                          0x2000021c   Data           4  system_stm32f4xx.o(.data)
    adc_st                                   0x20000230   Data           1  adc_core.o(.data)
    __stdout                                 0x20000234   Data           4  stdout.o(.data)
    __microlib_freelist                      0x20000238   Data           4  mvars.o(.data)
    __microlib_freelist_initialised          0x2000023c   Data           4  mvars.o(.data)
    hspi1                                    0x20000240   Data          88  spi.o(.bss)
    hspi2                                    0x20000298   Data          88  spi.o(.bss)
    huart1                                   0x200002f0   Data          68  usart.o(.bss)
    __heap_base                              0x20000338   Data           0  startup_stm32f411xe.o(HEAP)
    __heap_limit                             0x20001338   Data           0  startup_stm32f411xe.o(HEAP)
    __initial_sp                             0x20001738   Data           0  startup_stm32f411xe.o(STACK)



==============================================================================

Memory Map of the image

  Image Entry point : 0x08000199

  Load Region LR_IROM1 (Base: 0x08000000, Size: 0x0000bd94, Max: 0x00080000, ABSOLUTE, COMPRESSED[0x0000bc38])

    Execution Region ER_IROM1 (Exec base: 0x08000000, Load base: 0x08000000, Size: 0x0000bb54, Max: 0x00080000, ABSOLUTE)

    Exec Addr    Load Addr    Size         Type   Attr      Idx    E Section Name        Object

    0x08000000   0x08000000   0x00000198   Data   RO            3    RESET               startup_stm32f411xe.o
    0x08000198   0x08000198   0x00000000   Code   RO         4588  * .ARM.Collect$$$$00000000  mc_w.l(entry.o)
    0x08000198   0x08000198   0x00000004   Code   RO         4920    .ARM.Collect$$$$00000001  mc_w.l(entry2.o)
    0x0800019c   0x0800019c   0x00000004   Code   RO         4923    .ARM.Collect$$$$00000004  mc_w.l(entry5.o)
    0x080001a0   0x080001a0   0x00000000   Code   RO         4925    .ARM.Collect$$$$00000008  mc_w.l(entry7b.o)
    0x080001a0   0x080001a0   0x00000000   Code   RO         4927    .ARM.Collect$$$$0000000A  mc_w.l(entry8b.o)
    0x080001a0   0x080001a0   0x00000008   Code   RO         4928    .ARM.Collect$$$$0000000B  mc_w.l(entry9a.o)
    0x080001a8   0x080001a8   0x00000004   Code   RO         4935    .ARM.Collect$$$$0000000E  mc_w.l(entry12b.o)
    0x080001ac   0x080001ac   0x00000000   Code   RO         4930    .ARM.Collect$$$$0000000F  mc_w.l(entry10a.o)
    0x080001ac   0x080001ac   0x00000000   Code   RO         4932    .ARM.Collect$$$$00000011  mc_w.l(entry11a.o)
    0x080001ac   0x080001ac   0x00000004   Code   RO         4921    .ARM.Collect$$$$00002712  mc_w.l(entry2.o)
    0x080001b0   0x080001b0   0x00000024   Code   RO            4    .text               startup_stm32f411xe.o
    0x080001d4   0x080001d4   0x00000062   Code   RO         4597    .text               mc_w.l(uldiv.o)
    0x08000236   0x08000236   0x00000020   Code   RO         4599    .text               mc_w.l(llushr.o)
    0x08000256   0x08000256   0x00000024   Code   RO         4601    .text               mc_w.l(memcpya.o)
    0x0800027a   0x0800027a   0x00000024   Code   RO         4603    .text               mc_w.l(memseta.o)
    0x0800029e   0x0800029e   0x0000014e   Code   RO         4904    .text               mf_w.l(dadd.o)
    0x080003ec   0x080003ec   0x000000e4   Code   RO         4906    .text               mf_w.l(dmul.o)
    0x080004d0   0x080004d0   0x00000030   Code   RO         4916    .text               mf_w.l(dfixul.o)
    0x08000500   0x08000500   0x0000002c   Code   RO         4947    .text               mc_w.l(uidiv.o)
    0x0800052c   0x0800052c   0x0000001e   Code   RO         4949    .text               mc_w.l(llshl.o)
    0x0800054a   0x0800054a   0x00000024   Code   RO         4951    .text               mc_w.l(llsshr.o)
    0x0800056e   0x0800056e   0x00000000   Code   RO         4970    .text               mc_w.l(iusefp.o)
    0x0800056e   0x0800056e   0x000000ba   Code   RO         4971    .text               mf_w.l(depilogue.o)
    0x08000628   0x08000628   0x000000de   Code   RO         4973    .text               mf_w.l(ddiv.o)
    0x08000706   0x08000706   0x00000002   PAD
    0x08000708   0x08000708   0x00000030   Code   RO         4975    .text               mf_w.l(cdrcmple.o)
    0x08000738   0x08000738   0x00000024   Code   RO         4977    .text               mc_w.l(init.o)
    0x0800075c   0x0800075c   0x00000056   Code   RO         5006    .text               mc_w.l(__dczerorl2.o)
    0x080007b2   0x080007b2   0x00000002   Code   RO          335    i.BusFault_Handler  stm32f4xx_it.o
    0x080007b4   0x080007b4   0x00000002   Code   RO          336    i.DebugMon_Handler  stm32f4xx_it.o
    0x080007b6   0x080007b6   0x00000002   Code   RO         4455    i.ERR_PTR           util.o
    0x080007b8   0x080007b8   0x00000004   Code   RO           13    i.Error_Handler     main.o
    0x080007bc   0x080007bc   0x00000024   Code   RO         1715    i.HAL_Delay         stm32f4xx_hal.o
    0x080007e0   0x080007e0   0x000001e0   Code   RO         1165    i.HAL_GPIO_Init     stm32f4xx_hal_gpio.o
    0x080009c0   0x080009c0   0x0000000a   Code   RO         1169    i.HAL_GPIO_WritePin  stm32f4xx_hal_gpio.o
    0x080009ca   0x080009ca   0x00000002   PAD
    0x080009cc   0x080009cc   0x0000000c   Code   RO         1721    i.HAL_GetTick       stm32f4xx_hal.o
    0x080009d8   0x080009d8   0x00000010   Code   RO         1727    i.HAL_IncTick       stm32f4xx_hal.o
    0x080009e8   0x080009e8   0x00000034   Code   RO         1728    i.HAL_Init          stm32f4xx_hal.o
    0x08000a1c   0x08000a1c   0x00000040   Code   RO         1729    i.HAL_InitTick      stm32f4xx_hal.o
    0x08000a5c   0x08000a5c   0x00000030   Code   RO          410    i.HAL_MspInit       stm32f4xx_hal_msp.o
    0x08000a8c   0x08000a8c   0x00000040   Code   RO         1584    i.HAL_NVIC_SetPriority  stm32f4xx_hal_cortex.o
    0x08000acc   0x08000acc   0x00000024   Code   RO         1585    i.HAL_NVIC_SetPriorityGrouping  stm32f4xx_hal_cortex.o
    0x08000af0   0x08000af0   0x00000134   Code   RO          757    i.HAL_RCC_ClockConfig  stm32f4xx_hal_rcc.o
    0x08000c24   0x08000c24   0x00000020   Code   RO          764    i.HAL_RCC_GetPCLK1Freq  stm32f4xx_hal_rcc.o
    0x08000c44   0x08000c44   0x00000020   Code   RO          765    i.HAL_RCC_GetPCLK2Freq  stm32f4xx_hal_rcc.o
    0x08000c64   0x08000c64   0x00000064   Code   RO          766    i.HAL_RCC_GetSysClockFreq  stm32f4xx_hal_rcc.o
    0x08000cc8   0x08000cc8   0x0000036c   Code   RO          769    i.HAL_RCC_OscConfig  stm32f4xx_hal_rcc.o
    0x08001034   0x08001034   0x000000bc   Code   RO          445    i.HAL_SPI_Init      stm32f4xx_hal_spi.o
    0x080010f0   0x080010f0   0x000000b0   Code   RO          236    i.HAL_SPI_MspInit   spi.o
    0x080011a0   0x080011a0   0x0000015a   Code   RO          448    i.HAL_SPI_Receive   stm32f4xx_hal_spi.o
    0x080012fa   0x080012fa   0x00000166   Code   RO          453    i.HAL_SPI_Transmit  stm32f4xx_hal_spi.o
    0x08001460   0x08001460   0x000001e2   Code   RO          454    i.HAL_SPI_TransmitReceive  stm32f4xx_hal_spi.o
    0x08001642   0x08001642   0x00000028   Code   RO         1589    i.HAL_SYSTICK_Config  stm32f4xx_hal_cortex.o
    0x0800166a   0x0800166a   0x00000062   Code   RO         2031    i.HAL_UART_Init     stm32f4xx_hal_uart.o
    0x080016cc   0x080016cc   0x00000068   Code   RO          284    i.HAL_UART_MspInit  usart.o
    0x08001734   0x08001734   0x000000b2   Code   RO         2039    i.HAL_UART_Transmit  stm32f4xx_hal_uart.o
    0x080017e6   0x080017e6   0x00000002   Code   RO          337    i.HardFault_Handler  stm32f4xx_it.o
    0x080017e8   0x080017e8   0x000000a4   Code   RO          211    i.MX_GPIO_Init      gpio.o
    0x0800188c   0x0800188c   0x00000044   Code   RO          237    i.MX_SPI1_Init      spi.o
    0x080018d0   0x080018d0   0x00000044   Code   RO          238    i.MX_SPI2_Init      spi.o
    0x08001914   0x08001914   0x00000038   Code   RO          285    i.MX_USART1_UART_Init  usart.o
    0x0800194c   0x0800194c   0x00000002   Code   RO          338    i.MemManage_Handler  stm32f4xx_it.o
    0x0800194e   0x0800194e   0x00000002   Code   RO          339    i.NMI_Handler       stm32f4xx_it.o
    0x08001950   0x08001950   0x00000002   Code   RO          340    i.PendSV_Handler    stm32f4xx_it.o
    0x08001952   0x08001952   0x0000005c   Code   RO          482    i.SPI_EndRxTransaction  stm32f4xx_hal_spi.o
    0x080019ae   0x080019ae   0x00000002   PAD
    0x080019b0   0x080019b0   0x00000058   Code   RO          483    i.SPI_EndRxTxTransaction  stm32f4xx_hal_spi.o
    0x08001a08   0x08001a08   0x000000b8   Code   RO          488    i.SPI_WaitFlagStateUntilTimeout  stm32f4xx_hal_spi.o
    0x08001ac0   0x08001ac0   0x00000002   Code   RO          341    i.SVC_Handler       stm32f4xx_it.o
    0x08001ac2   0x08001ac2   0x00000004   Code   RO          342    i.SysTick_Handler   stm32f4xx_it.o
    0x08001ac6   0x08001ac6   0x00000002   PAD
    0x08001ac8   0x08001ac8   0x00000090   Code   RO           14    i.SystemClock_Config  main.o
    0x08001b58   0x08001b58   0x00000010   Code   RO         2360    i.SystemInit        system_stm32f4xx.o
    0x08001b68   0x08001b68   0x0000010c   Code   RO         2057    i.UART_SetConfig    stm32f4xx_hal_uart.o
    0x08001c74   0x08001c74   0x00000078   Code   RO         2060    i.UART_WaitOnFlagUntilTimeout  stm32f4xx_hal_uart.o
    0x08001cec   0x08001cec   0x00000002   Code   RO          343    i.UsageFault_Handler  stm32f4xx_it.o
    0x08001cee   0x08001cee   0x00000002   PAD
    0x08001cf0   0x08001cf0   0x00000020   Code   RO         4844    i.__0printf         mc_w.l(printfa.o)
    0x08001d10   0x08001d10   0x00000020   Code   RO         1591    i.__NVIC_SetPriority  stm32f4xx_hal_cortex.o
    0x08001d30   0x08001d30   0x00000026   Code   RO         2397    i.__ad9361_spi_readf  ad9361.o
    0x08001d56   0x08001d56   0x00000040   Code   RO         2398    i.__ad9361_spi_writef  ad9361.o
    0x08001d96   0x08001d96   0x00000064   Code   RO         2399    i.__ad9361_tx_quad_calib  ad9361.o
    0x08001dfa   0x08001dfa   0x00000002   PAD
    0x08001dfc   0x08001dfc   0x0000008c   Code   RO         2400    i.__ad9361_update_rf_bandwidth  ad9361.o
    0x08001e88   0x08001e88   0x0000000e   Code   RO         5000    i.__scatterload_copy  mc_w.l(handlers.o)
    0x08001e96   0x08001e96   0x00000002   Code   RO         5001    i.__scatterload_null  mc_w.l(handlers.o)
    0x08001e98   0x08001e98   0x0000000e   Code   RO         5002    i.__scatterload_zeroinit  mc_w.l(handlers.o)
    0x08001ea6   0x08001ea6   0x00000002   PAD
    0x08001ea8   0x08001ea8   0x00000184   Code   RO         4851    i._fp_digits        mc_w.l(printfa.o)
    0x0800202c   0x0800202c   0x000006b4   Code   RO         4852    i._printf_core      mc_w.l(printfa.o)
    0x080026e0   0x080026e0   0x00000024   Code   RO         4853    i._printf_post_padding  mc_w.l(printfa.o)
    0x08002704   0x08002704   0x0000002e   Code   RO         4854    i._printf_pre_padding  mc_w.l(printfa.o)
    0x08002732   0x08002732   0x00000002   PAD
    0x08002734   0x08002734   0x00000098   Code   RO         2402    i.ad9361_auxadc_setup  ad9361.o
    0x080027cc   0x080027cc   0x000000fc   Code   RO         2404    i.ad9361_auxdac_set  ad9361.o
    0x080028c8   0x080028c8   0x000000b8   Code   RO         2405    i.ad9361_auxdac_setup  ad9361.o
    0x08002980   0x08002980   0x0000004c   Code   RO         2406    i.ad9361_bbpll_recalc_rate  ad9361.o
    0x080029cc   0x080029cc   0x0000007c   Code   RO         2407    i.ad9361_bbpll_round_rate  ad9361.o
    0x08002a48   0x08002a48   0x00000160   Code   RO         2408    i.ad9361_bbpll_set_rate  ad9361.o
    0x08002ba8   0x08002ba8   0x000000a4   Code   RO         2409    i.ad9361_bist_loopback  ad9361.o
    0x08002c4c   0x08002c4c   0x00000054   Code   RO         2410    i.ad9361_bist_prbs  ad9361.o
    0x08002ca0   0x08002ca0   0x00000098   Code   RO         2412    i.ad9361_calc_rfpll_int_divder  ad9361.o
    0x08002d38   0x08002d38   0x000002d4   Code   RO         2413    i.ad9361_calculate_rf_clock_chain  ad9361.o
    0x0800300c   0x0800300c   0x00000084   Code   RO         2414    i.ad9361_check_cal_done  ad9361.o
    0x08003090   0x08003090   0x00000016   Code   RO         2416    i.ad9361_clk_factor_recalc_rate  ad9361.o
    0x080030a6   0x080030a6   0x00000002   PAD
    0x080030a8   0x080030a8   0x00000070   Code   RO         2417    i.ad9361_clk_factor_round_rate  ad9361.o
    0x08003118   0x08003118   0x0000009c   Code   RO         2418    i.ad9361_clk_factor_set_rate  ad9361.o
    0x080031b4   0x080031b4   0x00000068   Code   RO         2419    i.ad9361_clk_mux_set_parent  ad9361.o
    0x0800321c   0x0800321c   0x00000118   Code   RO         2420    i.ad9361_clk_register  ad9361.o
    0x08003334   0x08003334   0x00000520   Code   RO         3557    i.ad9361_dig_tune   ad9361_conv.o
    0x08003854   0x08003854   0x00000110   Code   RO         3558    i.ad9361_dig_tune_iodelay  ad9361_conv.o
    0x08003964   0x08003964   0x000000a8   Code   RO         3559    i.ad9361_dig_tune_verbose_print  ad9361_conv.o
    0x08003a0c   0x08003a0c   0x000000a4   Code   RO         2421    i.ad9361_do_calib_run  ad9361.o
    0x08003ab0   0x08003ab0   0x00000020   Code   RO         2422    i.ad9361_en_dis_rx  ad9361.o
    0x08003ad0   0x08003ad0   0x00000020   Code   RO         2423    i.ad9361_en_dis_tx  ad9361.o
    0x08003af0   0x08003af0   0x00000154   Code   RO         2424    i.ad9361_ensm_force_state  ad9361.o
    0x08003c44   0x08003c44   0x00000100   Code   RO         2425    i.ad9361_ensm_restore_prev_state  ad9361.o
    0x08003d44   0x08003d44   0x000002fc   Code   RO         2426    i.ad9361_ensm_set_state  ad9361.o
    0x08004040   0x08004040   0x0000018c   Code   RO         2428    i.ad9361_fastlock_prepare  ad9361.o
    0x080041cc   0x080041cc   0x0000002c   Code   RO         2429    i.ad9361_fastlock_readval  ad9361.o
    0x080041f8   0x080041f8   0x00000050   Code   RO         2433    i.ad9361_find_opt   ad9361.o
    0x08004248   0x08004248   0x00000008   Code   RO         2434    i.ad9361_from_clk   ad9361.o
    0x08004250   0x08004250   0x0000078e   Code   RO         2435    i.ad9361_gc_setup   ad9361.o
    0x080049de   0x080049de   0x00000002   PAD
    0x080049e0   0x080049e0   0x00000234   Code   RO         2436    i.ad9361_gc_update  ad9361.o
    0x08004c14   0x08004c14   0x00000160   Code   RO         2441    i.ad9361_get_clk_scaler  ad9361.o
    0x08004d74   0x08004d74   0x00000026   Code   RO         2447    i.ad9361_get_tx_atten  ad9361.o
    0x08004d9a   0x08004d9a   0x00000002   PAD
    0x08004d9c   0x08004d9c   0x000000cc   Code   RO         2448    i.ad9361_gpo_setup  ad9361.o
    0x08004e68   0x08004e68   0x00000028   Code   RO         2449    i.ad9361_gt_tableindex  ad9361.o
    0x08004e90   0x08004e90   0x0000008c   Code   RO         3560    i.ad9361_hdl_loopback  ad9361_conv.o
    0x08004f1c   0x08004f1c   0x00000cd8   Code   RO         3135    i.ad9361_init       ad9361_api.o
    0x08005bf4   0x08005bf4   0x00000014   Code   RO         2450    i.ad9361_init_gain_info  ad9361.o
    0x08005c08   0x08005c08   0x0000004a   Code   RO         2451    i.ad9361_init_gain_tables  ad9361.o
    0x08005c52   0x08005c52   0x0000001e   Code   RO         2452    i.ad9361_int_loopback_fix_ch_cross  ad9361.o
    0x08005c70   0x08005c70   0x0000002a   Code   RO         3561    i.ad9361_iodelay_set  ad9361_conv.o
    0x08005c9a   0x08005c9a   0x00000002   PAD
    0x08005c9c   0x08005c9c   0x000001a0   Code   RO         2454    i.ad9361_load_gt    ad9361.o
    0x08005e3c   0x08005e3c   0x000000d0   Code   RO         2455    i.ad9361_load_mixer_gm_subtable  ad9361.o
    0x08005f0c   0x08005f0c   0x00000020   Code   RO         3562    i.ad9361_midscale_iodelay  ad9361_conv.o
    0x08005f2c   0x08005f2c   0x00000118   Code   RO         3563    i.ad9361_post_setup  ad9361_conv.o
    0x08006044   0x08006044   0x000000e8   Code   RO         2458    i.ad9361_pp_port_setup  ad9361.o
    0x0800612c   0x0800612c   0x00000026   Code   RO         2460    i.ad9361_ref_div_sel  ad9361.o
    0x08006152   0x08006152   0x00000002   PAD
    0x08006154   0x08006154   0x000000bc   Code   RO         2461    i.ad9361_reset      ad9361.o
    0x08006210   0x08006210   0x000000dc   Code   RO         2462    i.ad9361_rf_dc_offset_calib  ad9361.o
    0x080062ec   0x080062ec   0x00000084   Code   RO         2463    i.ad9361_rf_port_setup  ad9361.o
    0x08006370   0x08006370   0x0000000e   Code   RO         2464    i.ad9361_rfpll_dummy_recalc_rate  ad9361.o
    0x0800637e   0x0800637e   0x00000010   Code   RO         2465    i.ad9361_rfpll_dummy_set_rate  ad9361.o
    0x0800638e   0x0800638e   0x00000002   PAD
    0x08006390   0x08006390   0x00000160   Code   RO         2466    i.ad9361_rfpll_int_recalc_rate  ad9361.o
    0x080064f0   0x080064f0   0x00000060   Code   RO         2467    i.ad9361_rfpll_int_round_rate  ad9361.o
    0x08006550   0x08006550   0x0000025c   Code   RO         2468    i.ad9361_rfpll_int_set_rate  ad9361.o
    0x080067ac   0x080067ac   0x00000052   Code   RO         2469    i.ad9361_rfpll_recalc_rate  ad9361.o
    0x080067fe   0x080067fe   0x00000072   Code   RO         2470    i.ad9361_rfpll_round_rate  ad9361.o
    0x08006870   0x08006870   0x0000010c   Code   RO         2471    i.ad9361_rfpll_set_rate  ad9361.o
    0x0800697c   0x0800697c   0x0000021c   Code   RO         2472    i.ad9361_rfpll_vco_init  ad9361.o
    0x08006b98   0x08006b98   0x000001f8   Code   RO         2474    i.ad9361_rssi_setup  ad9361.o
    0x08006d90   0x08006d90   0x00000054   Code   RO         2475    i.ad9361_run_calibration  ad9361.o
    0x08006de4   0x08006de4   0x000006fc   Code   RO         2476    i.ad9361_rx_adc_setup  ad9361.o
    0x080074e0   0x080074e0   0x00000140   Code   RO         2477    i.ad9361_rx_bb_analog_filter_calib  ad9361.o
    0x08007620   0x08007620   0x00000154   Code   RO         2478    i.ad9361_rx_tia_calib  ad9361.o
    0x08007774   0x08007774   0x0000025a   Code   RO         2479    i.ad9361_set_clk_scaler  ad9361.o
    0x080079ce   0x080079ce   0x00000002   PAD
    0x080079d0   0x080079d0   0x00000068   Code   RO         2480    i.ad9361_set_dcxo_tune  ad9361.o
    0x08007a38   0x08007a38   0x0000006a   Code   RO         2481    i.ad9361_set_ensm_mode  ad9361.o
    0x08007aa2   0x08007aa2   0x00000002   PAD
    0x08007aa4   0x08007aa4   0x000001d0   Code   RO         2484    i.ad9361_set_trx_clock_chain  ad9361.o
    0x08007c74   0x08007c74   0x00000028   Code   RO         2485    i.ad9361_set_trx_clock_chain_freq  ad9361.o
    0x08007c9c   0x08007c9c   0x000000d4   Code   RO         2486    i.ad9361_set_tx_atten  ad9361.o
    0x08007d70   0x08007d70   0x000007c0   Code   RO         2487    i.ad9361_setup      ad9361.o
    0x08008530   0x08008530   0x00000014   Code   RO         2488    i.ad9361_spi_read   ad9361.o
    0x08008544   0x08008544   0x00000060   Code   RO         2489    i.ad9361_spi_readm  ad9361.o
    0x080085a4   0x080085a4   0x00000054   Code   RO         2490    i.ad9361_spi_write  ad9361.o
    0x080085f8   0x080085f8   0x0000007c   Code   RO         2491    i.ad9361_spi_writem  ad9361.o
    0x08008674   0x08008674   0x00000008   Code   RO         2493    i.ad9361_to_clk     ad9361.o
    0x0800867c   0x0800867c   0x00000032   Code   RO         2494    i.ad9361_to_refclk_scaler  ad9361.o
    0x080086ae   0x080086ae   0x00000002   PAD
    0x080086b0   0x080086b0   0x000000f4   Code   RO         2495    i.ad9361_tracking_control  ad9361.o
    0x080087a4   0x080087a4   0x00000190   Code   RO         2496    i.ad9361_trx_ext_lo_control  ad9361.o
    0x08008934   0x08008934   0x00000054   Code   RO         2497    i.ad9361_trx_vco_cal_control  ad9361.o
    0x08008988   0x08008988   0x000000c8   Code   RO         2498    i.ad9361_tx_bb_analog_filter_calib  ad9361.o
    0x08008a50   0x08008a50   0x00000128   Code   RO         2499    i.ad9361_tx_bb_second_filter_calib  ad9361.o
    0x08008b78   0x08008b78   0x00000064   Code   RO         2500    i.ad9361_tx_mute    ad9361.o
    0x08008bdc   0x08008bdc   0x0000042c   Code   RO         2501    i.ad9361_tx_quad_calib  ad9361.o
    0x08009008   0x08009008   0x0000009c   Code   RO         2502    i.ad9361_tx_quad_phase_search  ad9361.o
    0x080090a4   0x080090a4   0x00000078   Code   RO         2503    i.ad9361_txmon_control  ad9361.o
    0x0800911c   0x0800911c   0x000000a8   Code   RO         2504    i.ad9361_txmon_setup  ad9361.o
    0x080091c4   0x080091c4   0x00000120   Code   RO         2505    i.ad9361_txrx_synth_cp_calib  ad9361.o
    0x080092e4   0x080092e4   0x00000028   Code   RO         2508    i.ad9361_validate_rf_bw  ad9361.o
    0x0800930c   0x0800930c   0x00000044   Code   RO         2509    i.ad9361_validate_rfpll  ad9361.o
    0x08009350   0x08009350   0x000000c8   Code   RO         2510    i.ad9361_validate_trx_clock_chain  ad9361.o
    0x08009418   0x08009418   0x00000010   Code   RO         3634    i.adc_init          adc_core.o
    0x08009428   0x08009428   0x00000002   Code   RO         3635    i.adc_read          adc_core.o
    0x0800942a   0x0800942a   0x00000002   Code   RO         3639    i.adc_write         adc_core.o
    0x0800942c   0x0800942c   0x0000003e   Code   RO         4336    i.axiadc_idelay_set  platform.o
    0x0800946a   0x0800946a   0x00000016   Code   RO         4337    i.axiadc_init       platform.o
    0x08009480   0x08009480   0x00000004   Code   RO         4338    i.axiadc_post_setup  platform.o
    0x08009484   0x08009484   0x0000000e   Code   RO         4339    i.axiadc_read       platform.o
    0x08009492   0x08009492   0x0000006c   Code   RO         4340    i.axiadc_set_pnsel  platform.o
    0x080094fe   0x080094fe   0x00000006   Code   RO         4341    i.axiadc_write      platform.o
    0x08009504   0x08009504   0x00000078   Code   RO         4456    i.clk_get_rate      util.o
    0x0800957c   0x0800957c   0x00000004   Code   RO         4457    i.clk_prepare_enable  util.o
    0x08009580   0x08009580   0x0000020e   Code   RO         4458    i.clk_set_rate      util.o
    0x0800978e   0x0800978e   0x00000002   Code   RO         4167    i.dac_init          dac_core.o
    0x08009790   0x08009790   0x00000016   Code   RO         4459    i.do_div            util.o
    0x080097a6   0x080097a6   0x00000030   Code   RO         4460    i.find_first_bit    util.o
    0x080097d6   0x080097d6   0x00000002   PAD
    0x080097d8   0x080097d8   0x00000018   Code   RO          286    i.fputc             usart.o
    0x080097f0   0x080097f0   0x00000050   Code   RO         4872    i.free              mc_w.l(malloc.o)
    0x08009840   0x08009840   0x00000048   Code   RO         4342    i.gpio_data         platform.o
    0x08009888   0x08009888   0x0000000c   Code   RO         4345    i.gpio_is_valid     platform.o
    0x08009894   0x08009894   0x00000008   Code   RO         4346    i.gpio_set_value    platform.o
    0x0800989c   0x0800989c   0x00000064   Code   RO         4461    i.ilog2             util.o
    0x08009900   0x08009900   0x00000022   Code   RO         4462    i.int_sqrt          util.o
    0x08009922   0x08009922   0x00000002   PAD
    0x08009924   0x08009924   0x00000090   Code   RO           15    i.main              main.o
    0x080099b4   0x080099b4   0x0000006c   Code   RO         4873    i.malloc            mc_w.l(malloc.o)
    0x08009a20   0x08009a20   0x00000004   Code   RO         4347    i.mdelay            platform.o
    0x08009a24   0x08009a24   0x000002d4   Code   RO         2511    i.register_clocks   ad9361.o
    0x08009cf8   0x08009cf8   0x000000a8   Code   RO         4351    i.spi_write_then_read  platform.o
    0x08009da0   0x08009da0   0x00000012   Code   RO         4352    i.udelay            platform.o
    0x08009db2   0x08009db2   0x0000001c   Code   RO         4463    i.zmalloc           util.o
    0x08009dce   0x08009dce   0x00000010   Data   RO         2361    .constdata          system_stm32f4xx.o
    0x08009dde   0x08009dde   0x00000008   Data   RO         2362    .constdata          system_stm32f4xx.o
    0x08009de6   0x08009de6   0x00000002   PAD
    0x08009de8   0x08009de8   0x00001bb9   Data   RO         2516    .constdata          ad9361.o
    0x0800b9a1   0x0800b9a1   0x000000df   Data   RO         3174    .constdata          ad9361_api.o
    0x0800ba80   0x0800ba80   0x00000044   Data   RO         3564    .constdata          ad9361_conv.o
    0x0800bac4   0x0800bac4   0x00000057   Data   RO         2518    .conststring        ad9361.o
    0x0800bb1b   0x0800bb1b   0x00000001   PAD
    0x0800bb1c   0x0800bb1c   0x00000015   Data   RO         3175    .conststring        ad9361_api.o
    0x0800bb31   0x0800bb31   0x00000003   PAD
    0x0800bb34   0x0800bb34   0x00000020   Data   RO         4998    Region$$Table       anon$$obj.o


    Execution Region RW_IRAM1 (Exec base: 0x20000000, Load base: 0x0800bb54, Size: 0x00001738, Max: 0x00020000, ABSOLUTE, COMPRESSED[0x000000e4])

    Exec Addr    Load Addr    Size         Type   Attr      Idx    E Section Name        Object

    0x20000000   COMPRESSED   0x00000210   Data   RW           16    .data               main.o
    0x20000210   COMPRESSED   0x0000000c   Data   RW         1735    .data               stm32f4xx_hal.o
    0x2000021c   COMPRESSED   0x00000004   Data   RW         2363    .data               system_stm32f4xx.o
    0x20000220   COMPRESSED   0x00000010   Data   RW         3176    .data               ad9361_api.o
    0x20000230   COMPRESSED   0x00000001   Data   RW         3640    .data               adc_core.o
    0x20000231   COMPRESSED   0x00000003   PAD
    0x20000234   COMPRESSED   0x00000004   Data   RW         4596    .data               mc_w.l(stdout.o)
    0x20000238   COMPRESSED   0x00000004   Data   RW         4953    .data               mc_w.l(mvars.o)
    0x2000023c   COMPRESSED   0x00000004   Data   RW         4954    .data               mc_w.l(mvars.o)
    0x20000240        -       0x000000b0   Zero   RW          239    .bss                spi.o
    0x200002f0        -       0x00000044   Zero   RW          287    .bss                usart.o
    0x20000334   COMPRESSED   0x00000004   PAD
    0x20000338        -       0x00001000   Zero   RW            2    HEAP                startup_stm32f411xe.o
    0x20001338        -       0x00000400   Zero   RW            1    STACK               startup_stm32f411xe.o


==============================================================================

Image component sizes


      Code (inc. data)   RO Data    RW Data    ZI Data      Debug   Object Name

     23390       3836       7184          0          0     159744   ad9361.o
      3288        174        244         16          0      18907   ad9361_api.o
      2246        194         68          0          0       9871   ad9361_conv.o
        20          4          0          1          0       5176   adc_core.o
         2          0          0          0          0        503   dac_core.o
       164         12          0          0          0        983   gpio.o
       292         62          0        528          0     467092   main.o
       498         80          0          0          0       8313   platform.o
       312         38          0          0        176       2422   spi.o
        36          8        408          0       5120        840   startup_stm32f411xe.o
       180         28          0         12          0       9313   stm32f4xx_hal.o
       172         14          0          0          0      33298   stm32f4xx_hal_cortex.o
       490         34          0          0          0       2188   stm32f4xx_hal_gpio.o
        48          6          0          0          0        866   stm32f4xx_hal_msp.o
      1348         76          0          0          0       5276   stm32f4xx_hal_rcc.o
      1738         12          0          0          0       8526   stm32f4xx_hal_spi.o
       664         10          0          0          0       4232   stm32f4xx_hal_uart.o
        20          0          0          0          0       4226   stm32f4xx_it.o
        16          4         24          4          0       1147   system_stm32f4xx.o
       184         24          0          0         68       3634   usart.o
       884         40          0          0          0       6500   util.o

    ----------------------------------------------------------------------
     36024       4656       7966        564       5368     753057   Object Totals
         0          0         32          0          0          0   (incl. Generated)
        32          0          6          3          4          0   (incl. Padding)

    ----------------------------------------------------------------------

      Code (inc. data)   RO Data    RW Data    ZI Data      Debug   Library Member Name

        86          0          0          0          0          0   __dczerorl2.o
         0          0          0          0          0          0   entry.o
         0          0          0          0          0          0   entry10a.o
         0          0          0          0          0          0   entry11a.o
         4          0          0          0          0          0   entry12b.o
         8          4          0          0          0          0   entry2.o
         4          0          0          0          0          0   entry5.o
         0          0          0          0          0          0   entry7b.o
         0          0          0          0          0          0   entry8b.o
         8          4          0          0          0          0   entry9a.o
        30          0          0          0          0          0   handlers.o
        36          8          0          0          0         68   init.o
         0          0          0          0          0          0   iusefp.o
        30          0          0          0          0         68   llshl.o
        36          0          0          0          0         68   llsshr.o
        32          0          0          0          0         68   llushr.o
       188         20          0          0          0        160   malloc.o
        36          0          0          0          0         68   memcpya.o
        36          0          0          0          0        108   memseta.o
         0          0          0          8          0          0   mvars.o
      2218         90          0          0          0        464   printfa.o
         0          0          0          4          0          0   stdout.o
        44          0          0          0          0         80   uidiv.o
        98          0          0          0          0         92   uldiv.o
        48          0          0          0          0         68   cdrcmple.o
       334          0          0          0          0        148   dadd.o
       222          0          0          0          0        100   ddiv.o
       186          0          0          0          0        176   depilogue.o
        48          0          0          0          0         68   dfixul.o
       228          0          0          0          0         96   dmul.o

    ----------------------------------------------------------------------
      3966        126          0         12          0       1900   Library Totals
         6          0          0          0          0          0   (incl. Padding)

    ----------------------------------------------------------------------

      Code (inc. data)   RO Data    RW Data    ZI Data      Debug   Library Name

      2894        126          0         12          0       1244   mc_w.l
      1066          0          0          0          0        656   mf_w.l

    ----------------------------------------------------------------------
      3966        126          0         12          0       1900   Library Totals

    ----------------------------------------------------------------------

==============================================================================


      Code (inc. data)   RO Data    RW Data    ZI Data      Debug   

     39990       4782       7966        576       5368     738153   Grand Totals
     39990       4782       7966        228       5368     738153   ELF Image Totals (compressed)
     39990       4782       7966        228          0          0   ROM Totals

==============================================================================

    Total RO  Size (Code + RO Data)                47956 (  46.83kB)
    Total RW  Size (RW Data + ZI Data)              5944 (   5.80kB)
    Total ROM Size (Code + RO Data + RW Data)      48184 (  47.05kB)

==============================================================================

