Component: ARM Compiler 5.06 update 7 (build 960) Tool: armlink [4d3601]

==============================================================================

Section Cross References

    startup_stm32f411xe.o(RESET) refers to startup_stm32f411xe.o(STACK) for __initial_sp
    startup_stm32f411xe.o(RESET) refers to startup_stm32f411xe.o(.text) for Reset_Handler
    startup_stm32f411xe.o(RESET) refers to stm32f4xx_it.o(i.NMI_Handler) for NMI_Handler
    startup_stm32f411xe.o(RESET) refers to stm32f4xx_it.o(i.HardFault_Handler) for HardFault_Handler
    startup_stm32f411xe.o(RESET) refers to stm32f4xx_it.o(i.MemManage_Handler) for MemManage_Handler
    startup_stm32f411xe.o(RESET) refers to stm32f4xx_it.o(i.BusFault_Handler) for BusFault_Handler
    startup_stm32f411xe.o(RESET) refers to stm32f4xx_it.o(i.UsageFault_Handler) for UsageFault_Handler
    startup_stm32f411xe.o(RESET) refers to stm32f4xx_it.o(i.SVC_Handler) for SVC_Handler
    startup_stm32f411xe.o(RESET) refers to stm32f4xx_it.o(i.DebugMon_Handler) for DebugMon_Handler
    startup_stm32f411xe.o(RESET) refers to stm32f4xx_it.o(i.PendSV_Handler) for PendSV_Handler
    startup_stm32f411xe.o(RESET) refers to stm32f4xx_it.o(i.SysTick_Handler) for SysTick_Handler
    startup_stm32f411xe.o(.text) refers to system_stm32f4xx.o(i.SystemInit) for SystemInit
    startup_stm32f411xe.o(.text) refers to entry.o(.ARM.Collect$$$$00000000) for __main
    main.o(i.SystemClock_Config) refers to memseta.o(.text) for __aeabi_memclr4
    main.o(i.SystemClock_Config) refers to stm32f4xx_hal_rcc.o(i.HAL_RCC_OscConfig) for HAL_RCC_OscConfig
    main.o(i.SystemClock_Config) refers to stm32f4xx_hal_rcc.o(i.HAL_RCC_ClockConfig) for HAL_RCC_ClockConfig
    main.o(i.main) refers to stm32f4xx_hal.o(i.HAL_Init) for HAL_Init
    main.o(i.main) refers to main.o(i.SystemClock_Config) for SystemClock_Config
    main.o(i.main) refers to gpio.o(i.MX_GPIO_Init) for MX_GPIO_Init
    main.o(i.main) refers to usart.o(i.MX_USART1_UART_Init) for MX_USART1_UART_Init
    main.o(i.main) refers to spi.o(i.MX_SPI2_Init) for MX_SPI2_Init
    main.o(i.main) refers to stm32f4xx_hal_gpio.o(i.HAL_GPIO_WritePin) for HAL_GPIO_WritePin
    main.o(i.main) refers to stm32f4xx_hal.o(i.HAL_Delay) for HAL_Delay
    main.o(i.main) refers to softspi.o(i.Soft_SPI_Init) for Soft_SPI_Init
    main.o(i.main) refers to printfa.o(i.__0printf) for __2printf
    main.o(i.main) refers to ad9361_api.o(i.ad9361_init) for ad9361_init
    main.o(i.main) refers to memcpya.o(.text) for __aeabi_memcpy4
    main.o(i.main) refers to ad9361_api.o(i.ad9361_set_tx_fir_config) for ad9361_set_tx_fir_config
    main.o(i.main) refers to ad9361_api.o(i.ad9361_set_rx_fir_config) for ad9361_set_rx_fir_config
    main.o(i.main) refers to ad9361_api.o(i.ad9361_set_en_state_machine_mode) for ad9361_set_en_state_machine_mode
    main.o(i.main) refers to ad9361_api.o(i.ad9361_get_rx_sampling_freq) for ad9361_get_rx_sampling_freq
    main.o(i.main) refers to ad9361_api.o(i.ad9361_get_tx_sampling_freq) for ad9361_get_tx_sampling_freq
    main.o(i.main) refers to dfltui.o(.text) for __aeabi_ui2d
    main.o(i.main) refers to ddiv.o(.text) for __aeabi_ddiv
    main.o(i.main) refers to ad9361_api.o(i.ad9361_get_rx_lo_freq) for ad9361_get_rx_lo_freq
    main.o(i.main) refers to ad9361_api.o(i.ad9361_get_tx_lo_freq) for ad9361_get_tx_lo_freq
    main.o(i.main) refers to dfltul.o(.text) for __aeabi_ul2d
    main.o(i.main) refers to ad9361_api.o(i.ad9361_set_tx_attenuation) for ad9361_set_tx_attenuation
    main.o(i.main) refers to ad9361_api.o(i.ad9361_set_rx_rf_gain) for ad9361_set_rx_rf_gain
    main.o(i.main) refers to ad9361_api.o(i.ad9361_set_tx_rf_port_output) for ad9361_set_tx_rf_port_output
    main.o(i.main) refers to ad9361.o(i.ad9361_spi_read) for ad9361_spi_read
    main.o(i.main) refers to console.o(i.console_print) for console_print
    main.o(i.main) refers to console.o(i.console_get_command) for console_get_command
    main.o(i.main) refers to console.o(i.console_check_commands) for console_check_commands
    main.o(i.main) refers to stm32f4xx_hal_gpio.o(i.HAL_GPIO_TogglePin) for HAL_GPIO_TogglePin
    main.o(i.main) refers to main.o(.data) for .data
    main.o(i.main) refers to command.o(.data) for cmd_list
    main.o(i.main) refers to command.o(.constdata) for cmd_no
    main.o(i.main) refers to main.o(.bss) for .bss
    gpio.o(i.MX_GPIO_Init) refers to memseta.o(.text) for __aeabi_memclr4
    gpio.o(i.MX_GPIO_Init) refers to stm32f4xx_hal_gpio.o(i.HAL_GPIO_WritePin) for HAL_GPIO_WritePin
    gpio.o(i.MX_GPIO_Init) refers to stm32f4xx_hal_gpio.o(i.HAL_GPIO_Init) for HAL_GPIO_Init
    spi.o(i.HAL_SPI_MspDeInit) refers to stm32f4xx_hal_gpio.o(i.HAL_GPIO_DeInit) for HAL_GPIO_DeInit
    spi.o(i.HAL_SPI_MspInit) refers to memseta.o(.text) for __aeabi_memclr4
    spi.o(i.HAL_SPI_MspInit) refers to stm32f4xx_hal_gpio.o(i.HAL_GPIO_Init) for HAL_GPIO_Init
    spi.o(i.MX_SPI2_Init) refers to stm32f4xx_hal_spi.o(i.HAL_SPI_Init) for HAL_SPI_Init
[...]
    .data                                    0x20000818   Section        4  stdout.o(.data)
    .data                                    0x2000081c   Section        4  mvars.o(.data)
    .data                                    0x20000820   Section        4  mvars.o(.data)
    .data                                    0x20000824   Section        4  errno.o(.data)
    _errno                                   0x20000824   Data           4  errno.o(.data)
    .bss                                     0x20000828   Section       70  main.o(.bss)
    .bss                                     0x20000870   Section       88  spi.o(.bss)
    .bss                                     0x200008c8   Section       68  usart.o(.bss)
    .bss                                     0x2000090c   Section      240  dac_core.o(.bss)
    HEAP                                     0x20000a00   Section     4096  startup_stm32f411xe.o(HEAP)
    STACK                                    0x20001a00   Section     1024  startup_stm32f411xe.o(STACK)

    Global Symbols

    Symbol Name                              Value     Ov Type        Size  Object(Section)

    BuildAttributes$$THM_ISAv4$E$P$D$K$B$S$7EM$VFPi3$EXTD16$VFPS$VFMA$PE$A:L22UL41UL21$X:L11$S22US41US21$IEEE1$IW$USESV6$~STKCKD$USESV7$~SHL$OTIME$ROPI$IEEEJ$EBA8$MICROLIB$REQ8$PRES8$EABIv2 0x00000000   Number         0  anon$$obj.o ABSOLUTE
    __ARM_use_no_argv                        0x00000000   Number         0  main.o ABSOLUTE
    _printf_a                                0x00000000   Number         0  stubs.o ABSOLUTE
    _printf_c                                0x00000000   Number         0  stubs.o ABSOLUTE
    _printf_charcount                        0x00000000   Number         0  stubs.o ABSOLUTE
    _printf_d                                0x00000000   Number         0  stubs.o ABSOLUTE
    _printf_e                                0x00000000   Number         0  stubs.o ABSOLUTE
    _printf_f                                0x00000000   Number         0  stubs.o ABSOLUTE
    _printf_flags                            0x00000000   Number         0  stubs.o ABSOLUTE
    _printf_fp_dec                           0x00000000   Number         0  stubs.o ABSOLUTE
    _printf_fp_hex                           0x00000000   Number         0  stubs.o ABSOLUTE
    _printf_g                                0x00000000   Number         0  stubs.o ABSOLUTE
    _printf_i                                0x00000000   Number         0  stubs.o ABSOLUTE
    _printf_int_dec                          0x00000000   Number         0  stubs.o ABSOLUTE
    _printf_l                                0x00000000   Number         0  stubs.o ABSOLUTE
    _printf_lc                               0x00000000   Number         0  stubs.o ABSOLUTE
    _printf_ll                               0x00000000   Number         0  stubs.o ABSOLUTE
    _printf_lld                              0x00000000   Number         0  stubs.o ABSOLUTE
    _printf_lli                              0x00000000   Number         0  stubs.o ABSOLUTE
    _printf_llo                              0x00000000   Number         0  stubs.o ABSOLUTE
    _printf_llu                              0x00000000   Number         0  stubs.o ABSOLUTE
    _printf_llx                              0x00000000   Number         0  stubs.o ABSOLUTE
    _printf_longlong_dec                     0x00000000   Number         0  stubs.o ABSOLUTE
    _printf_longlong_hex                     0x00000000   Number         0  stubs.o ABSOLUTE
    _printf_longlong_oct                     0x00000000   Number         0  stubs.o ABSOLUTE
    _printf_ls                               0x00000000   Number         0  stubs.o ABSOLUTE
    _printf_mbtowc                           0x00000000   Number         0  stubs.o ABSOLUTE
    _printf_n                                0x00000000   Number         0  stubs.o ABSOLUTE
    _printf_o                                0x00000000   Number         0  stubs.o ABSOLUTE
    _printf_p                                0x00000000   Number         0  stubs.o ABSOLUTE
    _printf_percent                          0x00000000   Number         0  stubs.o ABSOLUTE
    _printf_pre_padding                      0x00000000   Number         0  stubs.o ABSOLUTE
    _printf_return_value                     0x00000000   Number         0  stubs.o ABSOLUTE
    _printf_s                                0x00000000   Number         0  stubs.o ABSOLUTE
    _printf_sizespec                         0x00000000   Number         0  stubs.o ABSOLUTE
    _printf_str                              0x00000000   Number         0  stubs.o ABSOLUTE
    _printf_truncate_signed                  0x00000000   Number         0  stubs.o ABSOLUTE
    _printf_truncate_unsigned                0x00000000   Number         0  stubs.o ABSOLUTE
    _printf_u                                0x00000000   Number         0  stubs.o ABSOLUTE
    _printf_wc                               0x00000000   Number         0  stubs.o ABSOLUTE
    _printf_wctomb                           0x00000000   Number         0  stubs.o ABSOLUTE
    _printf_widthprec                        0x00000000   Number         0  stubs.o ABSOLUTE
    _printf_x                                0x00000000   Number         0  stubs.o ABSOLUTE
    __arm_fini_                               - Undefined Weak Reference
    __cpp_initialize__aeabi_                  - Undefined Weak Reference
    __cxa_finalize                            - Undefined Weak Reference
    _clock_init                               - Undefined Weak Reference
    _microlib_exit                            - Undefined Weak Reference
    _scanf_longlong                           - Undefined Weak Reference
    _scanf_string                             - Undefined Weak Reference
    __Vectors_Size                           0x00000198   Number         0  startup_stm32f411xe.o ABSOLUTE
    __Vectors                                0x08000000   Data           4  startup_stm32f411xe.o(RESET)
    __Vectors_End                            0x08000198   Data           0  startup_stm32f411xe.o(RESET)
    __main                                   0x08000199   Thumb Code     0  entry.o(.ARM.Collect$$$$00000000)
    _main_stk                                0x08000199   Thumb Code     0  entry2.o(.ARM.Collect$$$$00000001)
    _main_scatterload                        0x0800019d   Thumb Code     0  entry5.o(.ARM.Collect$$$$00000004)
    __main_after_scatterload                 0x080001a1   Thumb Code     0  entry5.o(.ARM.Collect$$$$00000004)
    _main_clock                              0x080001a1   Thumb Code     0  entry7b.o(.ARM.Collect$$$$00000008)
    _main_cpp_init                           0x080001a1   Thumb Code     0  entry8b.o(.ARM.Collect$$$$0000000A)
    _main_init                               0x080001a1   Thumb Code     0  entry9a.o(.ARM.Collect$$$$0000000B)
    __rt_lib_shutdown_fini                   0x080001a9   Thumb Code     0  entry12b.o(.ARM.Collect$$$$0000000E)
    __rt_final_cpp                           0x080001ad   Thumb Code     0  entry10a.o(.ARM.Collect$$$$0000000F)
    __rt_final_exit                          0x080001ad   Thumb Code     0  entry11a.o(.ARM.Collect$$$$00000011)
    Reset_Handler                            0x080001b1   Thumb Code     8  startup_stm32f411xe.o(.text)
    ADC_IRQHandler                           0x080001cb   Thumb Code     0  startup_stm32f411xe.o(.text)
    DMA1_Stream0_IRQHandler                  0x080001cb   Thumb Code     0  startup_stm32f411xe.o(.text)
    DMA1_Stream1_IRQHandler                  0x080001cb   Thumb Code     0  startup_stm32f411xe.o(.text)
    DMA1_Stream2_IRQHandler                  0x080001cb   Thumb Code     0  startup_stm32f411xe.o(.text)
    DMA1_Stream3_IRQHandler                  0x080001cb   Thumb Code     0  startup_stm32f411xe.o(.text)
    DMA1_Stream4_IRQHandler                  0x080001cb   Thumb Code     0  startup_stm32f411xe.o(.text)
    DMA1_Stream5_IRQHandler                  0x080001cb   Thumb Code     0  startup_stm32f411xe.o(.text)
    DMA1_Stream6_IRQHandler                  0x080001cb   Thumb Code     0  startup_stm32f411xe.o(.text)
    DMA1_Stream7_IRQHandler                  0x080001cb   Thumb Code     0  startup_stm32f411xe.o(.text)
    DMA2_Stream0_IRQHandler                  0x080001cb   Thumb Code     0  startup_stm32f411xe.o(.text)
    DMA2_Stream1_IRQHandler                  0x080001cb   Thumb Code     0  startup_stm32f411xe.o(.text)
    DMA2_Stream2_IRQHandler                  0x080001cb   Thumb Code     0  startup_stm32f411xe.o(.text)
    DMA2_Stream3_IRQHandler                  0x080001cb   Thumb Code     0  startup_stm32f411xe.o(.text)
    DMA2_Stream4_IRQHandler                  0x080001cb   Thumb Code     0  startup_stm32f411xe.o(.text)
    DMA2_Stream5_IRQHandler                  0x080001cb   Thumb Code     0  startup_stm32f411xe.o(.text)
    DMA2_Stream6_IRQHandler                  0x080001cb   Thumb Code     0  startup_stm32f411xe.o(.text)
    DMA2_Stream7_IRQHandler                  0x080001cb   Thumb Code     0  startup_stm32f411xe.o(.text)
    EXTI0_IRQHandler                         0x080001cb   Thumb Code     0  startup_stm32f411xe.o(.text)
    EXTI15_10_IRQHandler                     0x080001cb   Thumb Code     0  startup_stm32f411xe.o(.text)
    EXTI1_IRQHandler                         0x080001cb   Thumb Code     0  startup_stm32f411xe.o(.text)
    EXTI2_IRQHandler                         0x080001cb   Thumb Code     0  startup_stm32f411xe.o(.text)
    EXTI3_IRQHandler                         0x080001cb   Thumb Code     0  startup_stm32f411xe.o(.text)
    EXTI4_IRQHandler                         0x080001cb   Thumb Code     0  startup_stm32f411xe.o(.text)
    EXTI9_5_IRQHandler                       0x080001cb   Thumb Code     0  startup_stm32f411xe.o(.text)
    FLASH_IRQHandler                         0x080001cb   Thumb Code     0  startup_stm32f411xe.o(.text)
    FPU_IRQHandler                           0x080001cb   Thumb Code     0  startup_stm32f411xe.o(.text)
    I2C1_ER_IRQHandler                       0x080001cb   Thumb Code     0  startup_stm32f411xe.o(.text)
    I2C1_EV_IRQHandler                       0x080001cb   Thumb Code     0  startup_stm32f411xe.o(.text)
    I2C2_ER_IRQHandler                       0x080001cb   Thumb Code     0  startup_stm32f411xe.o(.text)
    I2C2_EV_IRQHandler                       0x080001cb   Thumb Code     0  startup_stm32f411xe.o(.text)
    I2C3_ER_IRQHandler                       0x080001cb   Thumb Code     0  startup_stm32f411xe.o(.text)
    I2C3_EV_IRQHandler                       0x080001cb   Thumb Code     0  startup_stm32f411xe.o(.text)
    OTG_FS_IRQHandler                        0x080001cb   Thumb Code     0  startup_stm32f411xe.o(.text)
    OTG_FS_WKUP_IRQHandler                   0x080001cb   Thumb Code     0  startup_stm32f411xe.o(.text)
    PVD_IRQHandler                           0x080001cb   Thumb Code     0  startup_stm32f411xe.o(.text)
    RCC_IRQHandler                           0x080001cb   Thumb Code     0  startup_stm32f411xe.o(.text)
    RTC_Alarm_IRQHandler                     0x080001cb   Thumb Code     0  startup_stm32f411xe.o(.text)
    RTC_WKUP_IRQHandler                      0x080001cb   Thumb Code     0  startup_stm32f411xe.o(.text)
    SDIO_IRQHandler                          0x080001cb   Thumb Code     0  startup_stm32f411xe.o(.text)
    SPI1_IRQHandler                          0x080001cb   Thumb Code     0  startup_stm32f411xe.o(.text)
    SPI2_IRQHandler                          0x080001cb   Thumb Code     0  startup_stm32f411xe.o(.text)
    SPI3_IRQHandler                          0x080001cb   Thumb Code     0  startup_stm32f411xe.o(.text)
    SPI4_IRQHandler                          0x080001cb   Thumb Code     0  startup_stm32f411xe.o(.text)
    SPI5_IRQHandler                          0x080001cb   Thumb Code     0  startup_stm32f411xe.o(.text)
    TAMP_STAMP_IRQHandler                    0x080001cb   Thumb Code     0  startup_stm32f411xe.o(.text)
    TIM1_BRK_TIM9_IRQHandler                 0x080001cb   Thumb Code     0  startup_stm32f411xe.o(.text)
    TIM1_CC_IRQHandler                       0x080001cb   Thumb Code     0  startup_stm32f411xe.o(.text)
    TIM1_TRG_COM_TIM11_IRQHandler            0x080001cb   Thumb Code     0  startup_stm32f411xe.o(.text)
    TIM1_UP_TIM10_IRQHandler                 0x080001cb   Thumb Code     0  startup_stm32f411xe.o(.text)
    TIM2_IRQHandler                          0x080001cb   Thumb Code     0  startup_stm32f411xe.o(.text)
    TIM3_IRQHandler                          0x080001cb   Thumb Code     0  startup_stm32f411xe.o(.text)
    TIM4_IRQHandler                          0x080001cb   Thumb Code     0  startup_stm32f411xe.o(.text)
    TIM5_IRQHandler                          0x080001cb   Thumb Code     0  startup_stm32f411xe.o(.text)
    USART1_IRQHandler                        0x080001cb   Thumb Code     0  startup_stm32f411xe.o(.text)
    USART2_IRQHandler                        0x080001cb   Thumb Code     0  startup_stm32f411xe.o(.text)
    USART6_IRQHandler                        0x080001cb   Thumb Code     0  startup_stm32f411xe.o(.text)
    WWDG_IRQHandler                          0x080001cb   Thumb Code     0  startup_stm32f411xe.o(.text)
    __aeabi_uldivmod                         0x080001d5   Thumb Code    98  uldiv.o(.text)
    __aeabi_llsr                             0x08000237   Thumb Code    32  llushr.o(.text)
    _ll_ushift_r                             0x08000237   Thumb Code     0  llushr.o(.text)
    __aeabi_memcpy                           0x08000257   Thumb Code    36  memcpya.o(.text)
    __aeabi_memcpy4                          0x08000257   Thumb Code     0  memcpya.o(.text)
    __aeabi_memcpy8                          0x08000257   Thumb Code     0  memcpya.o(.text)
    __aeabi_memset                           0x0800027b   Thumb Code    14  memseta.o(.text)
    __aeabi_memset4                          0x0800027b   Thumb Code     0  memseta.o(.text)
    __aeabi_memset8                          0x0800027b   Thumb Code     0  memseta.o(.text)
    __aeabi_memclr                           0x08000289   Thumb Code     4  memseta.o(.text)
    __aeabi_memclr4                          0x08000289   Thumb Code     0  memseta.o(.text)
    __aeabi_memclr8                          0x08000289   Thumb Code     0  memseta.o(.text)
    _memset$wrapper                          0x0800028d   Thumb Code    18  memseta.o(.text)
    __aeabi_dadd                             0x0800029f   Thumb Code   322  dadd.o(.text)
    __aeabi_dsub                             0x080003e1   Thumb Code     6  dadd.o(.text)
    __aeabi_drsub                            0x080003e7   Thumb Code     6  dadd.o(.text)
    __aeabi_dmul                             0x080003ed   Thumb Code   228  dmul.o(.text)
    __aeabi_ddiv                             0x080004d1   Thumb Code   222  ddiv.o(.text)
    __aeabi_ui2d                             0x080005af   Thumb Code    26  dfltui.o(.text)
    __aeabi_ul2d                             0x080005c9   Thumb Code    24  dfltul.o(.text)
    __aeabi_d2iz                             0x080005e1   Thumb Code    62  dfixi.o(.text)
    __aeabi_d2uiz                            0x0800061f   Thumb Code    50  dfixui.o(.text)
    __aeabi_d2ulz                            0x08000651   Thumb Code    48  dfixul.o(.text)
    __aeabi_cdcmpeq                          0x08000681   Thumb Code     0  cdcmple.o(.text)
    __aeabi_cdcmple                          0x08000681   Thumb Code    48  cdcmple.o(.text)
    __aeabi_uidiv                            0x080006b1   Thumb Code     0  uidiv.o(.text)
    __aeabi_uidivmod                         0x080006b1   Thumb Code    44  uidiv.o(.text)
    __aeabi_llsl                             0x080006dd   Thumb Code    30  llshl.o(.text)
    _ll_shift_l                              0x080006dd   Thumb Code     0  llshl.o(.text)
    __aeabi_lasr                             0x080006fb   Thumb Code    36  llsshr.o(.text)
    _ll_sshift_r                             0x080006fb   Thumb Code     0  llsshr.o(.text)
    _sgetc                                   0x0800071f   Thumb Code    30  _sgetc.o(.text)
    _sbackspace                              0x0800073d   Thumb Code    34  _sgetc.o(.text)
    __strtod_int                             0x08000797   Thumb Code    90  strtod.o(.text)
    __I$use$fp                               0x080007fd   Thumb Code     0  iusefp.o(.text)
    _double_round                            0x080007fd   Thumb Code    30  depilogue.o(.text)
    _double_epilogue                         0x0800081b   Thumb Code   156  depilogue.o(.text)
    __aeabi_cdrcmple                         0x080008b9   Thumb Code    48  cdrcmple.o(.text)
    __scatterload                            0x080008e9   Thumb Code    28  init.o(.text)
    __scatterload_rt2                        0x080008e9   Thumb Code     0  init.o(.text)
    isspace                                  0x0800090d   Thumb Code    10  isspace_c.o(.text)
    _scanf_real                              0x08000a41   Thumb Code     0  scanf_fp.o(.text)
    _scanf_really_real                       0x08000a41   Thumb Code   556  scanf_fp.o(.text)
    __ctype_lookup                           0x08000c79   Thumb Code    34  ctype_c.o(.text)
    __aeabi_d2f                              0x08000ca1   Thumb Code    56  d2f.o(.text)
    _float_round                             0x08000cd9   Thumb Code    18  fepilogue.o(.text)
    _float_epilogue                          0x08000ceb   Thumb Code    92  fepilogue.o(.text)
    __decompress                             0x08000d47   Thumb Code     0  __dclz77c.o(.text)
    __decompress2                            0x08000d47   Thumb Code    94  __dclz77c.o(.text)
    BusFault_Handler                         0x08000da5   Thumb Code     2  stm32f4xx_it.o(i.BusFault_Handler)
    DebugMon_Handler                         0x08000da7   Thumb Code     2  stm32f4xx_it.o(i.DebugMon_Handler)
    ERR_PTR                                  0x08000da9   Thumb Code     2  util.o(i.ERR_PTR)
    Error_Handler                            0x08000dab   Thumb Code     4  main.o(i.Error_Handler)
    HAL_Delay                                0x08000db1   Thumb Code    32  stm32f4xx_hal.o(i.HAL_Delay)
    HAL_GPIO_Init                            0x08000dd5   Thumb Code   446  stm32f4xx_hal_gpio.o(i.HAL_GPIO_Init)
    HAL_GPIO_ReadPin                         0x08000fb5   Thumb Code    10  stm32f4xx_hal_gpio.o(i.HAL_GPIO_ReadPin)
    HAL_GPIO_TogglePin                       0x08000fbf   Thumb Code    16  stm32f4xx_hal_gpio.o(i.HAL_GPIO_TogglePin)
    HAL_GPIO_WritePin                        0x08000fcf   Thumb Code    10  stm32f4xx_hal_gpio.o(i.HAL_GPIO_WritePin)
    HAL_GetTick                              0x08000fd9   Thumb Code     6  stm32f4xx_hal.o(i.HAL_GetTick)
    HAL_IncTick                              0x08000fe5   Thumb Code    12  stm32f4xx_hal.o(i.HAL_IncTick)
    HAL_Init                                 0x08000ff5   Thumb Code    48  stm32f4xx_hal.o(i.HAL_Init)
    HAL_InitTick                             0x08001029   Thumb Code    54  stm32f4xx_hal.o(i.HAL_InitTick)
    HAL_MspInit                              0x08001069   Thumb Code    42  stm32f4xx_hal_msp.o(i.HAL_MspInit)
    HAL_NVIC_SetPriority                     0x08001099   Thumb Code    60  stm32f4xx_hal_cortex.o(i.HAL_NVIC_SetPriority)
    HAL_NVIC_SetPriorityGrouping             0x080010d9   Thumb Code    26  stm32f4xx_hal_cortex.o(i.HAL_NVIC_SetPriorityGrouping)
    HAL_RCC_ClockConfig                      0x080010fd   Thumb Code   288  stm32f4xx_hal_rcc.o(i.HAL_RCC_ClockConfig)
    HAL_RCC_GetPCLK1Freq                     0x08001231   Thumb Code    20  stm32f4xx_hal_rcc.o(i.HAL_RCC_GetPCLK1Freq)
    HAL_RCC_GetPCLK2Freq                     0x08001251   Thumb Code    20  stm32f4xx_hal_rcc.o(i.HAL_RCC_GetPCLK2Freq)
    HAL_RCC_GetSysClockFreq                  0x08001271   Thumb Code    88  stm32f4xx_hal_rcc.o(i.HAL_RCC_GetSysClockFreq)
    HAL_RCC_OscConfig                        0x080012d5   Thumb Code   856  stm32f4xx_hal_rcc.o(i.HAL_RCC_OscConfig)
    HAL_SPI_Init                             0x08001641   Thumb Code   188  stm32f4xx_hal_spi.o(i.HAL_SPI_Init)
    HAL_SPI_MspInit                          0x080016fd   Thumb Code    94  spi.o(i.HAL_SPI_MspInit)
    HAL_SYSTICK_Config                       0x08001769   Thumb Code    40  stm32f4xx_hal_cortex.o(i.HAL_SYSTICK_Config)
    HAL_UART_Init                            0x08001791   Thumb Code    98  stm32f4xx_hal_uart.o(i.HAL_UART_Init)
    HAL_UART_MspInit                         0x080017f5   Thumb Code    92  usart.o(i.HAL_UART_MspInit)
    HAL_UART_Receive                         0x0800185d   Thumb Code   192  stm32f4xx_hal_uart.o(i.HAL_UART_Receive)
    HAL_UART_Transmit                        0x0800191d   Thumb Code   178  stm32f4xx_hal_uart.o(i.HAL_UART_Transmit)
    HardFault_Handler                        0x080019cf   Thumb Code     2  stm32f4xx_it.o(i.HardFault_Handler)
    MX_GPIO_Init                             0x080019d1   Thumb Code   190  gpio.o(i.MX_GPIO_Init)
    MX_SPI2_Init                             0x08001a9d   Thumb Code    60  spi.o(i.MX_SPI2_Init)
    MX_USART1_UART_Init                      0x08001ae1   Thumb Code    48  usart.o(i.MX_USART1_UART_Init)
    MemManage_Handler                        0x08001b19   Thumb Code     2  stm32f4xx_it.o(i.MemManage_Handler)
    NMI_Handler                              0x08001b1b   Thumb Code     2  stm32f4xx_it.o(i.NMI_Handler)
    PendSV_Handler                           0x08001b1d   Thumb Code     2  stm32f4xx_it.o(i.PendSV_Handler)
    QueryDataFromFPGA_Polling                0x08001b21   Thumb Code   118  com_fpga.o(i.QueryDataFromFPGA_Polling)
    ReadDataBus                              0x08001ba1   Thumb Code     8  com_fpga.o(i.ReadDataBus)
    SVC_Handler                              0x08001bad   Thumb Code     2  stm32f4xx_it.o(i.SVC_Handler)
    Soft_SPI_Init                            0x08001bc5   Thumb Code   196  softspi.o(i.Soft_SPI_Init)
    Soft_SPI_ReadBuffer                      0x08001c95   Thumb Code    60  softspi.o(i.Soft_SPI_ReadBuffer)
    Soft_SPI_TransferBuffer                  0x08001cd5   Thumb Code    64  softspi.o(i.Soft_SPI_TransferBuffer)
    Soft_SPI_TransferByte                    0x08001d19   Thumb Code   222  softspi.o(i.Soft_SPI_TransferByte)
    SysTick_Handler                          0x08001e01   Thumb Code     4  stm32f4xx_it.o(i.SysTick_Handler)
    SystemClock_Config                       0x08001e05   Thumb Code   136  main.o(i.SystemClock_Config)
    SystemInit                               0x08001e95   Thumb Code    12  system_stm32f4xx.o(i.SystemInit)
    UsageFault_Handler                       0x08002029   Thumb Code     2  stm32f4xx_it.o(i.UsageFault_Handler)
    __0printf                                0x0800202d   Thumb Code    22  printfa.o(i.__0printf)
    __1printf                                0x0800202d   Thumb Code     0  printfa.o(i.__0printf)
    __2printf                                0x0800202d   Thumb Code     0  printfa.o(i.__0printf)
    __c89printf                              0x0800202d   Thumb Code     0  printfa.o(i.__0printf)
    printf                                   0x0800202d   Thumb Code     0  printfa.o(i.__0printf)
    __hardfp_atof                            0x080021c9   Thumb Code    44  atof.o(i.__hardfp_atof)
    __read_errno                             0x08002201   Thumb Code     6  errno.o(i.__read_errno)
    __scatterload_copy                       0x0800220d   Thumb Code    14  handlers.o(i.__scatterload_copy)
    __scatterload_null                       0x0800221b   Thumb Code     2  handlers.o(i.__scatterload_null)
    __scatterload_zeroinit                   0x0800221d   Thumb Code    14  handlers.o(i.__scatterload_zeroinit)
    __set_errno                              0x0800222d   Thumb Code     6  errno.o(i.__set_errno)
    _is_digit                                0x080023bd   Thumb Code    14  scanf_fp.o(i._is_digit)
    ad9361_1rx1tx_channel_map                0x08002ad3   Thumb Code    28  ad9361.o(i.ad9361_1rx1tx_channel_map)
    ad9361_bbpll_recalc_rate                 0x08002d3d   Thumb Code    76  ad9361.o(i.ad9361_bbpll_recalc_rate)
    ad9361_bbpll_round_rate                  0x08002d89   Thumb Code   120  ad9361.o(i.ad9361_bbpll_round_rate)
    ad9361_bbpll_set_rate                    0x08002e05   Thumb Code   302  ad9361.o(i.ad9361_bbpll_set_rate)
    ad9361_bist_loopback                     0x08002f65   Thumb Code   144  ad9361.o(i.ad9361_bist_loopback)
    ad9361_bist_prbs                         0x08003009   Thumb Code    62  ad9361.o(i.ad9361_bist_prbs)
    ad9361_calculate_rf_clock_chain          0x080030f5   Thumb Code   526  ad9361.o(i.ad9361_calculate_rf_clock_chain)
    ad9361_clk_factor_recalc_rate            0x0800344d   Thumb Code    22  ad9361.o(i.ad9361_clk_factor_recalc_rate)
    ad9361_clk_factor_round_rate             0x08003465   Thumb Code    84  ad9361.o(i.ad9361_clk_factor_round_rate)
    ad9361_clk_factor_set_rate               0x080034d5   Thumb Code    90  ad9361.o(i.ad9361_clk_factor_set_rate)
    ad9361_clk_mux_set_parent                0x08003571   Thumb Code    80  ad9361.o(i.ad9361_clk_mux_set_parent)
    ad9361_dig_tune                          0x080036f1   Thumb Code  1312  ad9361_conv.o(i.ad9361_dig_tune)
    ad9361_do_calib_run                      0x08003dc9   Thumb Code   134  ad9361.o(i.ad9361_do_calib_run)
    ad9361_en_dis_rx                         0x08003e6d   Thumb Code    32  ad9361.o(i.ad9361_en_dis_rx)
    ad9361_en_dis_tx                         0x08003e8d   Thumb Code    32  ad9361.o(i.ad9361_en_dis_tx)
    ad9361_ensm_force_state                  0x08003ead   Thumb Code   182  ad9361.o(i.ad9361_ensm_force_state)
    ad9361_ensm_restore_prev_state           0x08004001   Thumb Code   140  ad9361.o(i.ad9361_ensm_restore_prev_state)
    ad9361_ensm_set_state                    0x08004101   Thumb Code   604  ad9361.o(i.ad9361_ensm_set_state)
    ad9361_find_opt                          0x080045b5   Thumb Code    80  ad9361.o(i.ad9361_find_opt)
    ad9361_from_clk                          0x08004605   Thumb Code     8  ad9361.o(i.ad9361_from_clk)
    ad9361_get_rx_fir_en_dis                 0x080051a7   Thumb Code    18  ad9361_api.o(i.ad9361_get_rx_fir_en_dis)
    ad9361_get_rx_gain                       0x080051b9   Thumb Code   182  ad9361.o(i.ad9361_get_rx_gain)
    ad9361_get_rx_gain_control_mode          0x080052c5   Thumb Code    12  ad9361_api.o(i.ad9361_get_rx_gain_control_mode)
    ad9361_get_rx_lo_freq                    0x080052d1   Thumb Code    24  ad9361_api.o(i.ad9361_get_rx_lo_freq)
    ad9361_get_rx_rf_bandwidth               0x080052e9   Thumb Code    10  ad9361_api.o(i.ad9361_get_rx_rf_bandwidth)
    ad9361_get_rx_rf_gain                    0x080052f5   Thumb Code    72  ad9361_api.o(i.ad9361_get_rx_rf_gain)
    ad9361_get_rx_sampling_freq              0x0800536d   Thumb Code    16  ad9361_api.o(i.ad9361_get_rx_sampling_freq)
    ad9361_get_tx_atten                      0x08005455   Thumb Code    38  ad9361.o(i.ad9361_get_tx_atten)
    ad9361_get_tx_attenuation                0x0800547d   Thumb Code    60  ad9361_api.o(i.ad9361_get_tx_attenuation)
    ad9361_get_tx_fir_en_dis                 0x080054e9   Thumb Code    18  ad9361_api.o(i.ad9361_get_tx_fir_en_dis)
    ad9361_get_tx_lo_freq                    0x080054fb   Thumb Code    24  ad9361_api.o(i.ad9361_get_tx_lo_freq)
    ad9361_get_tx_rf_bandwidth               0x08005513   Thumb Code    10  ad9361_api.o(i.ad9361_get_tx_rf_bandwidth)
    ad9361_get_tx_sampling_freq              0x0800551d   Thumb Code    18  ad9361_api.o(i.ad9361_get_tx_sampling_freq)
    ad9361_hdl_loopback                      0x08005625   Thumb Code   140  ad9361_conv.o(i.ad9361_hdl_loopback)
    ad9361_init                              0x080056b1   Thumb Code  3128  ad9361_api.o(i.ad9361_init)
    ad9361_init_gain_tables                  0x080063c1   Thumb Code    74  ad9361.o(i.ad9361_init_gain_tables)
    ad9361_load_fir_filter_coef              0x08006455   Thumb Code   468  ad9361.o(i.ad9361_load_fir_filter_coef)
    ad9361_post_setup                        0x0800691d   Thumb Code   276  ad9361_conv.o(i.ad9361_post_setup)
    ad9361_reset                             0x08006b45   Thumb Code   114  ad9361.o(i.ad9361_reset)
    ad9361_rf_port_setup                     0x08006cdd   Thumb Code   100  ad9361.o(i.ad9361_rf_port_setup)
    ad9361_rfpll_dummy_recalc_rate           0x08006d61   Thumb Code    14  ad9361.o(i.ad9361_rfpll_dummy_recalc_rate)
    ad9361_rfpll_dummy_set_rate              0x08006d6f   Thumb Code    16  ad9361.o(i.ad9361_rfpll_dummy_set_rate)
    ad9361_rfpll_int_recalc_rate             0x08006d81   Thumb Code   314  ad9361.o(i.ad9361_rfpll_int_recalc_rate)
    ad9361_rfpll_int_round_rate              0x08006ee1   Thumb Code    62  ad9361.o(i.ad9361_rfpll_int_round_rate)
    ad9361_rfpll_int_set_rate                0x08006f41   Thumb Code   550  ad9361.o(i.ad9361_rfpll_int_set_rate)
    ad9361_rfpll_recalc_rate                 0x0800719d   Thumb Code    82  ad9361.o(i.ad9361_rfpll_recalc_rate)
    ad9361_rfpll_round_rate                  0x080071ef   Thumb Code   114  ad9361.o(i.ad9361_rfpll_round_rate)
    ad9361_rfpll_set_rate                    0x08007261   Thumb Code   236  ad9361.o(i.ad9361_rfpll_set_rate)
    ad9361_set_dcxo_tune                     0x080083c1   Thumb Code    70  ad9361.o(i.ad9361_set_dcxo_tune)
    ad9361_set_en_state_machine_mode         0x08008429   Thumb Code   102  ad9361_api.o(i.ad9361_set_en_state_machine_mode)
    ad9361_set_ensm_mode                     0x08008491   Thumb Code   106  ad9361.o(i.ad9361_set_ensm_mode)
    ad9361_set_gain_ctrl_mode                0x080084fd   Thumb Code   200  ad9361.o(i.ad9361_set_gain_ctrl_mode)
    ad9361_set_rx_fir_config                 0x08008649   Thumb Code    38  ad9361_api.o(i.ad9361_set_rx_fir_config)
    ad9361_set_rx_fir_en_dis                 0x08008671   Thumb Code    48  ad9361_api.o(i.ad9361_set_rx_fir_en_dis)
    ad9361_set_rx_gain                       0x080086a1   Thumb Code   124  ad9361.o(i.ad9361_set_rx_gain)
    ad9361_set_rx_gain_control_mode          0x08008781   Thumb Code    74  ad9361_api.o(i.ad9361_set_rx_gain_control_mode)
    ad9361_set_rx_lo_freq                    0x080087fd   Thumb Code    28  ad9361_api.o(i.ad9361_set_rx_lo_freq)
    ad9361_set_rx_rf_bandwidth               0x08008819   Thumb Code    36  ad9361_api.o(i.ad9361_set_rx_rf_bandwidth)
    ad9361_set_rx_rf_gain                    0x0800883d   Thumb Code    70  ad9361_api.o(i.ad9361_set_rx_rf_gain)
    ad9361_set_rx_sampling_freq              0x080088b5   Thumb Code    50  ad9361_api.o(i.ad9361_set_rx_sampling_freq)
    ad9361_set_trx_clock_chain               0x080088e9   Thumb Code   388  ad9361.o(i.ad9361_set_trx_clock_chain)
    ad9361_set_trx_clock_chain_freq          0x08008ab9   Thumb Code    40  ad9361.o(i.ad9361_set_trx_clock_chain_freq)
    ad9361_set_tx_atten                      0x08008ae1   Thumb Code   158  ad9361.o(i.ad9361_set_tx_atten)
    ad9361_set_tx_attenuation                0x08008bb5   Thumb Code    88  ad9361_api.o(i.ad9361_set_tx_attenuation)
    ad9361_set_tx_fir_config                 0x08008c3d   Thumb Code    34  ad9361_api.o(i.ad9361_set_tx_fir_config)
    ad9361_set_tx_fir_en_dis                 0x08008c61   Thumb Code    48  ad9361_api.o(i.ad9361_set_tx_fir_en_dis)
    ad9361_set_tx_lo_freq                    0x08008c91   Thumb Code    28  ad9361_api.o(i.ad9361_set_tx_lo_freq)
    ad9361_set_tx_rf_bandwidth               0x08008cad   Thumb Code    36  ad9361_api.o(i.ad9361_set_tx_rf_bandwidth)
    ad9361_set_tx_rf_port_output             0x08008cd1   Thumb Code    20  ad9361_api.o(i.ad9361_set_tx_rf_port_output)
    ad9361_set_tx_sampling_freq              0x08008ce5   Thumb Code    50  ad9361_api.o(i.ad9361_set_tx_sampling_freq)
    ad9361_setup                             0x08008d19   Thumb Code  1972  ad9361.o(i.ad9361_setup)
    ad9361_spi_read                          0x080094d9   Thumb Code    20  ad9361.o(i.ad9361_spi_read)
    ad9361_spi_readm                         0x080094ed   Thumb Code    74  ad9361.o(i.ad9361_spi_readm)
    ad9361_spi_write                         0x0800954d   Thumb Code    64  ad9361.o(i.ad9361_spi_write)
    ad9361_to_clk                            0x0800961d   Thumb Code     8  ad9361.o(i.ad9361_to_clk)
    ad9361_tracking_control                  0x08009659   Thumb Code   184  ad9361.o(i.ad9361_tracking_control)
    ad9361_tx_mute                           0x08009b21   Thumb Code    94  ad9361.o(i.ad9361_tx_mute)
    ad9361_update_rf_bandwidth               0x0800a28d   Thumb Code    98  ad9361.o(i.ad9361_update_rf_bandwidth)
    ad9361_validate_enable_fir               0x0800a2f1   Thumb Code   432  ad9361.o(i.ad9361_validate_enable_fir)
    ad9361_validate_rf_bw                    0x0800a5f5   Thumb Code    30  ad9361.o(i.ad9361_validate_rf_bw)
    ad9361_validate_rfpll                    0x0800a61d   Thumb Code    50  ad9361.o(i.ad9361_validate_rfpll)
    adc_init                                 0x0800a729   Thumb Code    12  adc_core.o(i.adc_init)
    adc_read                                 0x0800a739   Thumb Code     2  adc_core.o(i.adc_read)
    adc_write                                0x0800a73b   Thumb Code     2  adc_core.o(i.adc_write)
    axiadc_idelay_set                        0x0800a73d   Thumb Code    62  platform.o(i.axiadc_idelay_set)
    axiadc_init                              0x0800a77b   Thumb Code    22  platform.o(i.axiadc_init)
    axiadc_post_setup                        0x0800a791   Thumb Code     4  platform.o(i.axiadc_post_setup)
    axiadc_read                              0x0800a795   Thumb Code    14  platform.o(i.axiadc_read)
    axiadc_set_pnsel                         0x0800a7a3   Thumb Code   108  platform.o(i.axiadc_set_pnsel)
    axiadc_write                             0x0800a80f   Thumb Code     6  platform.o(i.axiadc_write)
    clk_get_rate                             0x0800a815   Thumb Code   120  util.o(i.clk_get_rate)
    clk_prepare_enable                       0x0800a88d   Thumb Code     4  util.o(i.clk_prepare_enable)
    clk_set_rate                             0x0800a891   Thumb Code   526  util.o(i.clk_set_rate)
    console_check_commands                   0x0800aaa1   Thumb Code   562  console.o(i.console_check_commands)
    console_get_command                      0x0800acf9   Thumb Code    42  console.o(i.console_get_command)
    console_print                            0x0800ad25   Thumb Code   412  console.o(i.console_print)
    dac_init                                 0x0800aecd   Thumb Code     2  dac_core.o(i.dac_init)
    dac_start_sync                           0x0800aecf   Thumb Code     2  dac_core.o(i.dac_start_sync)
    dac_stop                                 0x0800aed1   Thumb Code     2  dac_core.o(i.dac_stop)
    dds_set_frequency                        0x0800aed5   Thumb Code    70  dac_core.o(i.dds_set_frequency)
    dds_set_phase                            0x0800af21   Thumb Code    64  dac_core.o(i.dds_set_phase)
    dds_set_scale                            0x0800af69   Thumb Code    96  dac_core.o(i.dds_set_scale)
    dds_tx2_tone2_scale                      0x0800afd5   Thumb Code    10  command.o(i.dds_tx2_tone2_scale)
    dds_update                               0x0800affd   Thumb Code    86  dac_core.o(i.dds_update)
    do_div                                   0x0800b059   Thumb Code    22  util.o(i.do_div)
    find_first_bit                           0x0800b06f   Thumb Code    48  util.o(i.find_first_bit)
    fputc                                    0x0800b0a1   Thumb Code    20  usart.o(i.fputc)
    free                                     0x0800b0b9   Thumb Code    76  malloc.o(i.free)
    get_dds_tx1_tone1_freq                   0x0800b109   Thumb Code    10  command.o(i.get_dds_tx1_tone1_freq)
    get_dds_tx1_tone1_phase                  0x0800b131   Thumb Code    18  command.o(i.get_dds_tx1_tone1_phase)
    get_dds_tx1_tone1_scale                  0x0800b161   Thumb Code    10  command.o(i.get_dds_tx1_tone1_scale)
    get_dds_tx1_tone2_freq                   0x0800b189   Thumb Code    10  command.o(i.get_dds_tx1_tone2_freq)
    get_dds_tx1_tone2_phase                  0x0800b1b1   Thumb Code    18  command.o(i.get_dds_tx1_tone2_phase)
    get_dds_tx1_tone2_scale                  0x0800b1e1   Thumb Code    10  command.o(i.get_dds_tx1_tone2_scale)
    get_dds_tx2_tone1_freq                   0x0800b209   Thumb Code    10  command.o(i.get_dds_tx2_tone1_freq)
    get_dds_tx2_tone1_phase                  0x0800b231   Thumb Code    18  command.o(i.get_dds_tx2_tone1_phase)
    get_dds_tx2_tone1_scale                  0x0800b261   Thumb Code    10  command.o(i.get_dds_tx2_tone1_scale)
    get_dds_tx2_tone2_freq                   0x0800b289   Thumb Code    10  command.o(i.get_dds_tx2_tone2_freq)
    get_dds_tx2_tone2_phase                  0x0800b2b1   Thumb Code    18  command.o(i.get_dds_tx2_tone2_phase)
    get_help                                 0x0800b2e1   Thumb Code    36  command.o(i.get_help)
    get_register                             0x0800b32d   Thumb Code     6  command.o(i.get_register)
    get_rx1_gc_mode                          0x0800b359   Thumb Code    26  command.o(i.get_rx1_gc_mode)
    get_rx1_rf_gain                          0x0800b389   Thumb Code    24  command.o(i.get_rx1_rf_gain)
    get_rx2_gc_mode                          0x0800b3b5   Thumb Code    26  command.o(i.get_rx2_gc_mode)
    get_rx2_rf_gain                          0x0800b3e5   Thumb Code    24  command.o(i.get_rx2_rf_gain)
    get_rx_fir_en                            0x0800b411   Thumb Code    24  command.o(i.get_rx_fir_en)
    get_rx_lo_freq                           0x0800b43d   Thumb Code    38  command.o(i.get_rx_lo_freq)
    get_rx_rf_bandwidth                      0x0800b47d   Thumb Code    22  command.o(i.get_rx_rf_bandwidth)
    get_rx_samp_freq                         0x0800b4ad   Thumb Code    22  command.o(i.get_rx_samp_freq)
    get_tx1_attenuation                      0x0800b4dd   Thumb Code    24  command.o(i.get_tx1_attenuation)
    get_tx2_attenuation                      0x0800b50d   Thumb Code    24  command.o(i.get_tx2_attenuation)
    get_tx_fir_en                            0x0800b53d   Thumb Code    24  command.o(i.get_tx_fir_en)
    get_tx_lo_freq                           0x0800b569   Thumb Code    38  command.o(i.get_tx_lo_freq)
    get_tx_rf_bandwidth                      0x0800b5a9   Thumb Code    22  command.o(i.get_tx_rf_bandwidth)
    get_tx_samp_freq                         0x0800b5d9   Thumb Code    22  command.o(i.get_tx_samp_freq)
    gpio_data                                0x0800b609   Thumb Code    56  platform.o(i.gpio_data)
    gpio_is_valid                            0x0800b651   Thumb Code    12  platform.o(i.gpio_is_valid)
    gpio_set_value                           0x0800b65d   Thumb Code     8  platform.o(i.gpio_set_value)
    ilog2                                    0x0800b665   Thumb Code   100  util.o(i.ilog2)
    int_sqrt                                 0x0800b6c9   Thumb Code    34  util.o(i.int_sqrt)
    int_to_str                               0x0800b6ed   Thumb Code    72  console.o(i.int_to_str)
    lo_diff_cal                              0x0800b74d   Thumb Code    24  command.o(i.lo_diff_cal)
    main                                     0x0800b799   Thumb Code   624  main.o(i.main)
    malloc                                   0x0800bb9d   Thumb Code    92  malloc.o(i.malloc)
    mdelay                                   0x0800bc09   Thumb Code     4  platform.o(i.mdelay)
    register_clocks                          0x0800bc0d   Thumb Code   464  ad9361.o(i.register_clocks)
    set_dds_tx1_tone1_freq                   0x0800bee1   Thumb Code    64  command.o(i.set_dds_tx1_tone1_freq)
    set_dds_tx1_tone1_phase                  0x0800bf3d   Thumb Code    96  command.o(i.set_dds_tx1_tone1_phase)
    set_dds_tx1_tone1_scale                  0x0800bfbd   Thumb Code    66  command.o(i.set_dds_tx1_tone1_scale)
    set_dds_tx1_tone2_freq                   0x0800c021   Thumb Code    64  command.o(i.set_dds_tx1_tone2_freq)
    set_dds_tx1_tone2_phase                  0x0800c07d   Thumb Code    96  command.o(i.set_dds_tx1_tone2_phase)
    set_dds_tx1_tone2_scale                  0x0800c0fd   Thumb Code    66  command.o(i.set_dds_tx1_tone2_scale)
    set_dds_tx2_tone1_freq                   0x0800c161   Thumb Code    64  command.o(i.set_dds_tx2_tone1_freq)
    set_dds_tx2_tone1_phase                  0x0800c1bd   Thumb Code    96  command.o(i.set_dds_tx2_tone1_phase)
    set_dds_tx2_tone1_scale                  0x0800c23d   Thumb Code    66  command.o(i.set_dds_tx2_tone1_scale)
    set_dds_tx2_tone2_freq                   0x0800c2a1   Thumb Code    64  command.o(i.set_dds_tx2_tone2_freq)
    set_dds_tx2_tone2_phase                  0x0800c2fd   Thumb Code    96  command.o(i.set_dds_tx2_tone2_phase)
    set_dds_tx2_tone2_scale                  0x0800c37d   Thumb Code    66  command.o(i.set_dds_tx2_tone2_scale)
    set_rx1_gc_mode                          0x0800c4d5   Thumb Code    52  command.o(i.set_rx1_gc_mode)
    set_rx1_rf_gain                          0x0800c51d   Thumb Code    52  command.o(i.set_rx1_rf_gain)
    set_rx2_gc_mode                          0x0800c565   Thumb Code    52  command.o(i.set_rx2_gc_mode)
    set_rx2_rf_gain                          0x0800c5ad   Thumb Code    52  command.o(i.set_rx2_rf_gain)
    set_rx_fir_en                            0x0800c5f5   Thumb Code    50  command.o(i.set_rx_fir_en)
    set_rx_lo_freq                           0x0800c63d   Thumb Code    78  command.o(i.set_rx_lo_freq)
    set_rx_rf_bandwidth                      0x0800c6a5   Thumb Code    50  command.o(i.set_rx_rf_bandwidth)
    set_rx_samp_freq                         0x0800c6f1   Thumb Code    60  command.o(i.set_rx_samp_freq)
    set_tx1_attenuation                      0x0800c941   Thumb Code    52  command.o(i.set_tx1_attenuation)
    set_tx2_attenuation                      0x0800c98d   Thumb Code    52  command.o(i.set_tx2_attenuation)
    set_tx_fir_en                            0x0800c9d9   Thumb Code    50  command.o(i.set_tx_fir_en)
    set_tx_lo_freq                           0x0800ca21   Thumb Code    78  command.o(i.set_tx_lo_freq)
    set_tx_rf_bandwidth                      0x0800ca89   Thumb Code    40  command.o(i.set_tx_rf_bandwidth)
    set_tx_samp_freq                         0x0800cab5   Thumb Code    60  command.o(i.set_tx_samp_freq)
    show_invalid_param_message               0x0800cb09   Thumb Code    38  command.o(i.show_invalid_param_message)
    spi_write_then_read                      0x0800cb65   Thumb Code    66  platform.o(i.spi_write_then_read)
    uart_read_char                           0x0800cbad   Thumb Code    14  console.o(i.uart_read_char)
    uart_write_char                          0x0800cbc1   Thumb Code    18  console.o(i.uart_write_char)
    uart_write_string                        0x0800cbd9   Thumb Code    20  console.o(i.uart_write_string)
    udelay                                   0x0800cbed   Thumb Code    18  platform.o(i.udelay)
    zmalloc                                  0x0800cbff   Thumb Code    28  util.o(i.zmalloc)
    AHBPrescTable                            0x0800cc1a   Data          16  system_stm32f4xx.o(.constdata)
    APBPrescTable                            0x0800cc2a   Data           8  system_stm32f4xx.o(.constdata)
    cmd_no                                   0x0800e910   Data           1  command.o(.constdata)
    __ctype_categories                       0x0800e911   Data          64  ctype_c.o(.constdata)
    Region$$Table$$Base                      0x0800f5c0   Number         0  anon$$obj.o(Region$$Table)
    Region$$Table$$Limit                     0x0800f5e0   Number         0  anon$$obj.o(Region$$Table)
    cmd                                      0x20000000   Data           1  main.o(.data)
    param_no                                 0x20000001   Data           1  main.o(.data)
    invalid_cmd                              0x20000002   Data           1  main.o(.data)
    cmd_type                                 0x20000004   Data           4  main.o(.data)
    ad9361_phy                               0x20000008   Data           4  main.o(.data)
    default_init_param                       0x20000010   Data         520  main.o(.data)
    rx_fir_config                            0x20000218   Data         300  main.o(.data)
    tx_fir_config                            0x20000344   Data         300  main.o(.data)
    uwTickFreq                               0x20000470   Data           1  stm32f4xx_hal.o(.data)
    uwTickPrio                               0x20000474   Data           4  stm32f4xx_hal.o(.data)
    uwTick                                   0x20000478   Data           4  stm32f4xx_hal.o(.data)
    SystemCoreClock                          0x2000047c   Data           4  system_stm32f4xx.o(.data)
    adc_st                                   0x20000490   Data           1  adc_core.o(.data)
    cmd_list                                 0x20000494   Data         880  command.o(.data)
    __stdout                                 0x20000818   Data           4  stdout.o(.data)
    __microlib_freelist                      0x2000081c   Data           4  mvars.o(.data)
    __microlib_freelist_initialised          0x20000820   Data           4  mvars.o(.data)
    param                                    0x20000828   Data          40  main.o(.bss)
    received_cmd                             0x20000850   Data          30  main.o(.bss)
    hspi2                                    0x20000870   Data          88  spi.o(.bss)
    huart1                                   0x200008c8   Data          68  usart.o(.bss)
    dds_st                                   0x2000090c   Data         240  dac_core.o(.bss)
    __heap_base                              0x20000a00   Data           0  startup_stm32f411xe.o(HEAP)
    __heap_limit                             0x20001a00   Data           0  startup_stm32f411xe.o(HEAP)
    __initial_sp                             0x20001e00   Data           0  startup_stm32f411xe.o(STACK)



==============================================================================

Memory Map of the image

  Image Entry point : 0x08000199

  Load Region LR_IROM1 (Base: 0x08000000, Size: 0x0000fe08, Max: 0x00080000, ABSOLUTE, COMPRESSED[0x0000f98c])

    Execution Region ER_IROM1 (Exec base: 0x08000000, Load base: 0x08000000, Size: 0x0000f5e0, Max: 0x00080000, ABSOLUTE)

    Exec Addr    Load Addr    Size         Type   Attr      Idx    E Section Name        Object

    0x08000000   0x08000000   0x00000198   Data   RO            3    RESET               startup_stm32f411xe.o
    0x08000198   0x08000198   0x00000000   Code   RO         4747  * .ARM.Collect$$$$00000000  mc_w.l(entry.o)
    0x08000198   0x08000198   0x00000004   Code   RO         5077    .ARM.Collect$$$$00000001  mc_w.l(entry2.o)
    0x0800019c   0x0800019c   0x00000004   Code   RO         5080    .ARM.Collect$$$$00000004  mc_w.l(entry5.o)
    0x080001a0   0x080001a0   0x00000000   Code   RO         5082    .ARM.Collect$$$$00000008  mc_w.l(entry7b.o)
    0x080001a0   0x080001a0   0x00000000   Code   RO         5084    .ARM.Collect$$$$0000000A  mc_w.l(entry8b.o)
    0x080001a0   0x080001a0   0x00000008   Code   RO         5085    .ARM.Collect$$$$0000000B  mc_w.l(entry9a.o)
    0x080001a8   0x080001a8   0x00000004   Code   RO         5092    .ARM.Collect$$$$0000000E  mc_w.l(entry12b.o)
    0x080001ac   0x080001ac   0x00000000   Code   RO         5087    .ARM.Collect$$$$0000000F  mc_w.l(entry10a.o)
    0x080001ac   0x080001ac   0x00000000   Code   RO         5089    .ARM.Collect$$$$00000011  mc_w.l(entry11a.o)
    0x080001ac   0x080001ac   0x00000004   Code   RO         5078    .ARM.Collect$$$$00002712  mc_w.l(entry2.o)
    0x080001b0   0x080001b0   0x00000024   Code   RO            4    .text               startup_stm32f411xe.o
    0x080001d4   0x080001d4   0x00000062   Code   RO         4750    .text               mc_w.l(uldiv.o)
    0x08000236   0x08000236   0x00000020   Code   RO         4752    .text               mc_w.l(llushr.o)
    0x08000256   0x08000256   0x00000024   Code   RO         4754    .text               mc_w.l(memcpya.o)
    0x0800027a   0x0800027a   0x00000024   Code   RO         4756    .text               mc_w.l(memseta.o)
    0x0800029e   0x0800029e   0x0000014e   Code   RO         5057    .text               mf_w.l(dadd.o)
    0x080003ec   0x080003ec   0x000000e4   Code   RO         5059    .text               mf_w.l(dmul.o)
    0x080004d0   0x080004d0   0x000000de   Code   RO         5061    .text               mf_w.l(ddiv.o)
    0x080005ae   0x080005ae   0x0000001a   Code   RO         5065    .text               mf_w.l(dfltui.o)
    0x080005c8   0x080005c8   0x00000018   Code   RO         5067    .text               mf_w.l(dfltul.o)
    0x080005e0   0x080005e0   0x0000003e   Code   RO         5069    .text               mf_w.l(dfixi.o)
    0x0800061e   0x0800061e   0x00000032   Code   RO         5071    .text               mf_w.l(dfixui.o)
    0x08000650   0x08000650   0x00000030   Code   RO         5073    .text               mf_w.l(dfixul.o)
    0x08000680   0x08000680   0x00000030   Code   RO         5075    .text               mf_w.l(cdcmple.o)
    0x080006b0   0x080006b0   0x0000002c   Code   RO         5094    .text               mc_w.l(uidiv.o)
    0x080006dc   0x080006dc   0x0000001e   Code   RO         5096    .text               mc_w.l(llshl.o)
    0x080006fa   0x080006fa   0x00000024   Code   RO         5098    .text               mc_w.l(llsshr.o)
    0x0800071e   0x0800071e   0x00000040   Code   RO         5113    .text               mc_w.l(_sgetc.o)
    0x0800075e   0x0800075e   0x00000002   PAD
    0x08000760   0x08000760   0x0000009c   Code   RO         5115    .text               mc_w.l(strtod.o)
    0x080007fc   0x080007fc   0x00000000   Code   RO         5117    .text               mc_w.l(iusefp.o)
    0x080007fc   0x080007fc   0x000000ba   Code   RO         5118    .text               mf_w.l(depilogue.o)
    0x080008b6   0x080008b6   0x00000002   PAD
    0x080008b8   0x080008b8   0x00000030   Code   RO         5120    .text               mf_w.l(cdrcmple.o)
    0x080008e8   0x080008e8   0x00000024   Code   RO         5122    .text               mc_w.l(init.o)
    0x0800090c   0x0800090c   0x0000000a   Code   RO         5124    .text               mc_w.l(isspace_c.o)
    0x08000916   0x08000916   0x00000002   PAD
    0x08000918   0x08000918   0x00000360   Code   RO         5128    .text               mc_w.l(scanf_fp.o)
    0x08000c78   0x08000c78   0x00000028   Code   RO         5132    .text               mc_w.l(ctype_c.o)
    0x08000ca0   0x08000ca0   0x00000038   Code   RO         5135    .text               mf_w.l(d2f.o)
    0x08000cd8   0x08000cd8   0x0000006e   Code   RO         5137    .text               mf_w.l(fepilogue.o)
    0x08000d46   0x08000d46   0x0000005e   Code   RO         5147    .text               mc_w.l(__dclz77c.o)
    0x08000da4   0x08000da4   0x00000002   Code   RO          337    i.BusFault_Handler  stm32f4xx_it.o
    0x08000da6   0x08000da6   0x00000002   Code   RO          338    i.DebugMon_Handler  stm32f4xx_it.o
    0x08000da8   0x08000da8   0x00000002   Code   RO         4478    i.ERR_PTR           util.o
    0x08000daa   0x08000daa   0x00000004   Code   RO           13    i.Error_Handler     main.o
    0x08000dae   0x08000dae   0x00000002   PAD
    0x08000db0   0x08000db0   0x00000024   Code   RO         1717    i.HAL_Delay         stm32f4xx_hal.o
    0x08000dd4   0x08000dd4   0x000001e0   Code   RO         1167    i.HAL_GPIO_Init     stm32f4xx_hal_gpio.o
    0x08000fb4   0x08000fb4   0x0000000a   Code   RO         1169    i.HAL_GPIO_ReadPin  stm32f4xx_hal_gpio.o
    0x08000fbe   0x08000fbe   0x00000010   Code   RO         1170    i.HAL_GPIO_TogglePin  stm32f4xx_hal_gpio.o
    0x08000fce   0x08000fce   0x0000000a   Code   RO         1171    i.HAL_GPIO_WritePin  stm32f4xx_hal_gpio.o
    0x08000fd8   0x08000fd8   0x0000000c   Code   RO         1723    i.HAL_GetTick       stm32f4xx_hal.o
    0x08000fe4   0x08000fe4   0x00000010   Code   RO         1729    i.HAL_IncTick       stm32f4xx_hal.o
    0x08000ff4   0x08000ff4   0x00000034   Code   RO         1730    i.HAL_Init          stm32f4xx_hal.o
    0x08001028   0x08001028   0x00000040   Code   RO         1731    i.HAL_InitTick      stm32f4xx_hal.o
    0x08001068   0x08001068   0x00000030   Code   RO          412    i.HAL_MspInit       stm32f4xx_hal_msp.o
    0x08001098   0x08001098   0x00000040   Code   RO         1586    i.HAL_NVIC_SetPriority  stm32f4xx_hal_cortex.o
    0x080010d8   0x080010d8   0x00000024   Code   RO         1587    i.HAL_NVIC_SetPriorityGrouping  stm32f4xx_hal_cortex.o
    0x080010fc   0x080010fc   0x00000134   Code   RO          759    i.HAL_RCC_ClockConfig  stm32f4xx_hal_rcc.o
    0x08001230   0x08001230   0x00000020   Code   RO          766    i.HAL_RCC_GetPCLK1Freq  stm32f4xx_hal_rcc.o
    0x08001250   0x08001250   0x00000020   Code   RO          767    i.HAL_RCC_GetPCLK2Freq  stm32f4xx_hal_rcc.o
    0x08001270   0x08001270   0x00000064   Code   RO          768    i.HAL_RCC_GetSysClockFreq  stm32f4xx_hal_rcc.o
    0x080012d4   0x080012d4   0x0000036c   Code   RO          771    i.HAL_RCC_OscConfig  stm32f4xx_hal_rcc.o
    0x08001640   0x08001640   0x000000bc   Code   RO          447    i.HAL_SPI_Init      stm32f4xx_hal_spi.o
    0x080016fc   0x080016fc   0x0000006c   Code   RO          244    i.HAL_SPI_MspInit   spi.o
    0x08001768   0x08001768   0x00000028   Code   RO         1591    i.HAL_SYSTICK_Config  stm32f4xx_hal_cortex.o
    0x08001790   0x08001790   0x00000062   Code   RO         2033    i.HAL_UART_Init     stm32f4xx_hal_uart.o
    0x080017f2   0x080017f2   0x00000002   PAD
    0x080017f4   0x080017f4   0x00000068   Code   RO          286    i.HAL_UART_MspInit  usart.o
    0x0800185c   0x0800185c   0x000000c0   Code   RO         2036    i.HAL_UART_Receive  stm32f4xx_hal_uart.o
    0x0800191c   0x0800191c   0x000000b2   Code   RO         2041    i.HAL_UART_Transmit  stm32f4xx_hal_uart.o
    0x080019ce   0x080019ce   0x00000002   Code   RO          339    i.HardFault_Handler  stm32f4xx_it.o
    0x080019d0   0x080019d0   0x000000cc   Code   RO          219    i.MX_GPIO_Init      gpio.o
    0x08001a9c   0x08001a9c   0x00000044   Code   RO          245    i.MX_SPI2_Init      spi.o
    0x08001ae0   0x08001ae0   0x00000038   Code   RO          287    i.MX_USART1_UART_Init  usart.o
    0x08001b18   0x08001b18   0x00000002   Code   RO          340    i.MemManage_Handler  stm32f4xx_it.o
    0x08001b1a   0x08001b1a   0x00000002   Code   RO          341    i.NMI_Handler       stm32f4xx_it.o
    0x08001b1c   0x08001b1c   0x00000002   Code   RO          342    i.PendSV_Handler    stm32f4xx_it.o
    0x08001b1e   0x08001b1e   0x00000002   PAD
    0x08001b20   0x08001b20   0x00000080   Code   RO         4614    i.QueryDataFromFPGA_Polling  com_fpga.o
    0x08001ba0   0x08001ba0   0x0000000c   Code   RO         4615    i.ReadDataBus       com_fpga.o
    0x08001bac   0x08001bac   0x00000002   Code   RO          343    i.SVC_Handler       stm32f4xx_it.o
    0x08001bae   0x08001bae   0x00000016   Code   RO         4680    i.Soft_SPI_Delay    softspi.o
    0x08001bc4   0x08001bc4   0x000000d0   Code   RO         4681    i.Soft_SPI_Init     softspi.o
    0x08001c94   0x08001c94   0x00000040   Code   RO         4682    i.Soft_SPI_ReadBuffer  softspi.o
    0x08001cd4   0x08001cd4   0x00000044   Code   RO         4684    i.Soft_SPI_TransferBuffer  softspi.o
    0x08001d18   0x08001d18   0x000000e8   Code   RO         4685    i.Soft_SPI_TransferByte  softspi.o
    0x08001e00   0x08001e00   0x00000004   Code   RO          344    i.SysTick_Handler   stm32f4xx_it.o
    0x08001e04   0x08001e04   0x00000090   Code   RO           14    i.SystemClock_Config  main.o
    0x08001e94   0x08001e94   0x00000010   Code   RO         2362    i.SystemInit        system_stm32f4xx.o
    0x08001ea4   0x08001ea4   0x0000010c   Code   RO         2059    i.UART_SetConfig    stm32f4xx_hal_uart.o
    0x08001fb0   0x08001fb0   0x00000078   Code   RO         2062    i.UART_WaitOnFlagUntilTimeout  stm32f4xx_hal_uart.o
    0x08002028   0x08002028   0x00000002   Code   RO          345    i.UsageFault_Handler  stm32f4xx_it.o
    0x0800202a   0x0800202a   0x00000002   PAD
    0x0800202c   0x0800202c   0x00000020   Code   RO         4997    i.__0printf         mc_w.l(printfa.o)
    0x0800204c   0x0800204c   0x00000020   Code   RO         1593    i.__NVIC_SetPriority  stm32f4xx_hal_cortex.o
    0x0800206c   0x0800206c   0x00000026   Code   RO         2399    i.__ad9361_spi_readf  ad9361.o
    0x08002092   0x08002092   0x00000040   Code   RO         2400    i.__ad9361_spi_writef  ad9361.o
    0x080020d2   0x080020d2   0x00000064   Code   RO         2401    i.__ad9361_tx_quad_calib  ad9361.o
    0x08002136   0x08002136   0x00000002   PAD
    0x08002138   0x08002138   0x0000008c   Code   RO         2402    i.__ad9361_update_rf_bandwidth  ad9361.o
    0x080021c4   0x080021c4   0x00000004   PAD
    0x080021c8   0x080021c8   0x00000038   Code   RO         4741    i.__hardfp_atof     m_wm.l(atof.o)
    0x08002200   0x08002200   0x0000000c   Code   RO         5103    i.__read_errno      mc_w.l(errno.o)
    0x0800220c   0x0800220c   0x0000000e   Code   RO         5141    i.__scatterload_copy  mc_w.l(handlers.o)
    0x0800221a   0x0800221a   0x00000002   Code   RO         5142    i.__scatterload_null  mc_w.l(handlers.o)
    0x0800221c   0x0800221c   0x0000000e   Code   RO         5143    i.__scatterload_zeroinit  mc_w.l(handlers.o)
    0x0800222a   0x0800222a   0x00000002   PAD
    0x0800222c   0x0800222c   0x0000000c   Code   RO         5104    i.__set_errno       mc_w.l(errno.o)
    0x08002238   0x08002238   0x00000184   Code   RO         5004    i._fp_digits        mc_w.l(printfa.o)
    0x080023bc   0x080023bc   0x0000000e   Code   RO         5130    i._is_digit         mc_w.l(scanf_fp.o)
    0x080023ca   0x080023ca   0x00000002   PAD
    0x080023cc   0x080023cc   0x000006b4   Code   RO         5005    i._printf_core      mc_w.l(printfa.o)
    0x08002a80   0x08002a80   0x00000024   Code   RO         5006    i._printf_post_padding  mc_w.l(printfa.o)
    0x08002aa4   0x08002aa4   0x0000002e   Code   RO         5007    i._printf_pre_padding  mc_w.l(printfa.o)
    0x08002ad2   0x08002ad2   0x0000001c   Code   RO         2403    i.ad9361_1rx1tx_channel_map  ad9361.o
    0x08002aee   0x08002aee   0x00000002   PAD
    0x08002af0   0x08002af0   0x00000098   Code   RO         2404    i.ad9361_auxadc_setup  ad9361.o
    0x08002b88   0x08002b88   0x000000fc   Code   RO         2406    i.ad9361_auxdac_set  ad9361.o
    0x08002c84   0x08002c84   0x000000b8   Code   RO         2407    i.ad9361_auxdac_setup  ad9361.o
    0x08002d3c   0x08002d3c   0x0000004c   Code   RO         2408    i.ad9361_bbpll_recalc_rate  ad9361.o
    0x08002d88   0x08002d88   0x0000007c   Code   RO         2409    i.ad9361_bbpll_round_rate  ad9361.o
    0x08002e04   0x08002e04   0x00000160   Code   RO         2410    i.ad9361_bbpll_set_rate  ad9361.o
    0x08002f64   0x08002f64   0x000000a4   Code   RO         2411    i.ad9361_bist_loopback  ad9361.o
    0x08003008   0x08003008   0x00000054   Code   RO         2412    i.ad9361_bist_prbs  ad9361.o
    0x0800305c   0x0800305c   0x00000098   Code   RO         2414    i.ad9361_calc_rfpll_int_divder  ad9361.o
    0x080030f4   0x080030f4   0x000002d4   Code   RO         2415    i.ad9361_calculate_rf_clock_chain  ad9361.o
    0x080033c8   0x080033c8   0x00000084   Code   RO         2416    i.ad9361_check_cal_done  ad9361.o
    0x0800344c   0x0800344c   0x00000016   Code   RO         2418    i.ad9361_clk_factor_recalc_rate  ad9361.o
    0x08003462   0x08003462   0x00000002   PAD
    0x08003464   0x08003464   0x00000070   Code   RO         2419    i.ad9361_clk_factor_round_rate  ad9361.o
    0x080034d4   0x080034d4   0x0000009c   Code   RO         2420    i.ad9361_clk_factor_set_rate  ad9361.o
    0x08003570   0x08003570   0x00000068   Code   RO         2421    i.ad9361_clk_mux_set_parent  ad9361.o
    0x080035d8   0x080035d8   0x00000118   Code   RO         2422    i.ad9361_clk_register  ad9361.o
    0x080036f0   0x080036f0   0x00000520   Code   RO         3559    i.ad9361_dig_tune   ad9361_conv.o
    0x08003c10   0x08003c10   0x00000110   Code   RO         3560    i.ad9361_dig_tune_iodelay  ad9361_conv.o
    0x08003d20   0x08003d20   0x000000a8   Code   RO         3561    i.ad9361_dig_tune_verbose_print  ad9361_conv.o
    0x08003dc8   0x08003dc8   0x000000a4   Code   RO         2423    i.ad9361_do_calib_run  ad9361.o
    0x08003e6c   0x08003e6c   0x00000020   Code   RO         2424    i.ad9361_en_dis_rx  ad9361.o
    0x08003e8c   0x08003e8c   0x00000020   Code   RO         2425    i.ad9361_en_dis_tx  ad9361.o
    0x08003eac   0x08003eac   0x00000154   Code   RO         2426    i.ad9361_ensm_force_state  ad9361.o
    0x08004000   0x08004000   0x00000100   Code   RO         2427    i.ad9361_ensm_restore_prev_state  ad9361.o
    0x08004100   0x08004100   0x000002fc   Code   RO         2428    i.ad9361_ensm_set_state  ad9361.o
    0x080043fc   0x080043fc   0x0000018c   Code   RO         2430    i.ad9361_fastlock_prepare  ad9361.o
    0x08004588   0x08004588   0x0000002c   Code   RO         2431    i.ad9361_fastlock_readval  ad9361.o
    0x080045b4   0x080045b4   0x00000050   Code   RO         2435    i.ad9361_find_opt   ad9361.o
    0x08004604   0x08004604   0x00000008   Code   RO         2436    i.ad9361_from_clk   ad9361.o
    0x0800460c   0x0800460c   0x0000078e   Code   RO         2437    i.ad9361_gc_setup   ad9361.o
    0x08004d9a   0x08004d9a   0x00000002   PAD
    0x08004d9c   0x08004d9c   0x00000234   Code   RO         2438    i.ad9361_gc_update  ad9361.o
    0x08004fd0   0x08004fd0   0x00000160   Code   RO         2443    i.ad9361_get_clk_scaler  ad9361.o
    0x08005130   0x08005130   0x00000076   Code   RO         2444    i.ad9361_get_full_table_gain  ad9361.o
    0x080051a6   0x080051a6   0x00000012   Code   RO         3114    i.ad9361_get_rx_fir_en_dis  ad9361_api.o
    0x080051b8   0x080051b8   0x0000010c   Code   RO         2445    i.ad9361_get_rx_gain  ad9361.o
    0x080052c4   0x080052c4   0x0000000c   Code   RO         3115    i.ad9361_get_rx_gain_control_mode  ad9361_api.o
    0x080052d0   0x080052d0   0x00000018   Code   RO         3116    i.ad9361_get_rx_lo_freq  ad9361_api.o
    0x080052e8   0x080052e8   0x0000000a   Code   RO         3119    i.ad9361_get_rx_rf_bandwidth  ad9361_api.o
    0x080052f2   0x080052f2   0x00000002   PAD
    0x080052f4   0x080052f4   0x00000078   Code   RO         3120    i.ad9361_get_rx_rf_gain  ad9361_api.o
    0x0800536c   0x0800536c   0x00000010   Code   RO         3124    i.ad9361_get_rx_sampling_freq  ad9361_api.o
    0x0800537c   0x0800537c   0x000000d8   Code   RO         2446    i.ad9361_get_split_table_gain  ad9361.o
    0x08005454   0x08005454   0x00000026   Code   RO         2449    i.ad9361_get_tx_atten  ad9361.o
    0x0800547a   0x0800547a   0x00000002   PAD
    0x0800547c   0x0800547c   0x0000006c   Code   RO         3127    i.ad9361_get_tx_attenuation  ad9361_api.o
    0x080054e8   0x080054e8   0x00000012   Code   RO         3130    i.ad9361_get_tx_fir_en_dis  ad9361_api.o
    0x080054fa   0x080054fa   0x00000018   Code   RO         3131    i.ad9361_get_tx_lo_freq  ad9361_api.o
    0x08005512   0x08005512   0x0000000a   Code   RO         3133    i.ad9361_get_tx_rf_bandwidth  ad9361_api.o
    0x0800551c   0x0800551c   0x00000012   Code   RO         3136    i.ad9361_get_tx_sampling_freq  ad9361_api.o
    0x0800552e   0x0800552e   0x00000002   PAD
    0x08005530   0x08005530   0x000000cc   Code   RO         2450    i.ad9361_gpo_setup  ad9361.o
    0x080055fc   0x080055fc   0x00000028   Code   RO         2451    i.ad9361_gt_tableindex  ad9361.o
    0x08005624   0x08005624   0x0000008c   Code   RO         3562    i.ad9361_hdl_loopback  ad9361_conv.o
    0x080056b0   0x080056b0   0x00000cfc   Code   RO         3137    i.ad9361_init       ad9361_api.o
    0x080063ac   0x080063ac   0x00000014   Code   RO         2452    i.ad9361_init_gain_info  ad9361.o
    0x080063c0   0x080063c0   0x0000004a   Code   RO         2453    i.ad9361_init_gain_tables  ad9361.o
    0x0800640a   0x0800640a   0x0000001e   Code   RO         2454    i.ad9361_int_loopback_fix_ch_cross  ad9361.o
    0x08006428   0x08006428   0x0000002a   Code   RO         3563    i.ad9361_iodelay_set  ad9361_conv.o
    0x08006452   0x08006452   0x00000002   PAD
    0x08006454   0x08006454   0x00000238   Code   RO         2455    i.ad9361_load_fir_filter_coef  ad9361.o
    0x0800668c   0x0800668c   0x000001a0   Code   RO         2456    i.ad9361_load_gt    ad9361.o
    0x0800682c   0x0800682c   0x000000d0   Code   RO         2457    i.ad9361_load_mixer_gm_subtable  ad9361.o
    0x080068fc   0x080068fc   0x00000020   Code   RO         3564    i.ad9361_midscale_iodelay  ad9361_conv.o
    0x0800691c   0x0800691c   0x00000118   Code   RO         3565    i.ad9361_post_setup  ad9361_conv.o
    0x08006a34   0x08006a34   0x000000e8   Code   RO         2460    i.ad9361_pp_port_setup  ad9361.o
    0x08006b1c   0x08006b1c   0x00000026   Code   RO         2462    i.ad9361_ref_div_sel  ad9361.o
    0x08006b42   0x08006b42   0x00000002   PAD
    0x08006b44   0x08006b44   0x000000bc   Code   RO         2463    i.ad9361_reset      ad9361.o
    0x08006c00   0x08006c00   0x000000dc   Code   RO         2464    i.ad9361_rf_dc_offset_calib  ad9361.o
    0x08006cdc   0x08006cdc   0x00000084   Code   RO         2465    i.ad9361_rf_port_setup  ad9361.o
    0x08006d60   0x08006d60   0x0000000e   Code   RO         2466    i.ad9361_rfpll_dummy_recalc_rate  ad9361.o
    0x08006d6e   0x08006d6e   0x00000010   Code   RO         2467    i.ad9361_rfpll_dummy_set_rate  ad9361.o
    0x08006d7e   0x08006d7e   0x00000002   PAD
    0x08006d80   0x08006d80   0x00000160   Code   RO         2468    i.ad9361_rfpll_int_recalc_rate  ad9361.o
    0x08006ee0   0x08006ee0   0x00000060   Code   RO         2469    i.ad9361_rfpll_int_round_rate  ad9361.o
    0x08006f40   0x08006f40   0x0000025c   Code   RO         2470    i.ad9361_rfpll_int_set_rate  ad9361.o
    0x0800719c   0x0800719c   0x00000052   Code   RO         2471    i.ad9361_rfpll_recalc_rate  ad9361.o
    0x080071ee   0x080071ee   0x00000072   Code   RO         2472    i.ad9361_rfpll_round_rate  ad9361.o
    0x08007260   0x08007260   0x0000010c   Code   RO         2473    i.ad9361_rfpll_set_rate  ad9361.o
    0x0800736c   0x0800736c   0x0000021c   Code   RO         2474    i.ad9361_rfpll_vco_init  ad9361.o
    0x08007588   0x08007588   0x000001f8   Code   RO         2476    i.ad9361_rssi_setup  ad9361.o
    0x08007780   0x08007780   0x00000054   Code   RO         2477    i.ad9361_run_calibration  ad9361.o
    0x080077d4   0x080077d4   0x000006fc   Code   RO         2478    i.ad9361_rx_adc_setup  ad9361.o
    0x08007ed0   0x08007ed0   0x00000140   Code   RO         2479    i.ad9361_rx_bb_analog_filter_calib  ad9361.o
    0x08008010   0x08008010   0x00000154   Code   RO         2480    i.ad9361_rx_tia_calib  ad9361.o
    0x08008164   0x08008164   0x0000025a   Code   RO         2481    i.ad9361_set_clk_scaler  ad9361.o
    0x080083be   0x080083be   0x00000002   PAD
    0x080083c0   0x080083c0   0x00000068   Code   RO         2482    i.ad9361_set_dcxo_tune  ad9361.o
    0x08008428   0x08008428   0x00000066   Code   RO         3142    i.ad9361_set_en_state_machine_mode  ad9361_api.o
    0x0800848e   0x0800848e   0x00000002   PAD
    0x08008490   0x08008490   0x0000006a   Code   RO         2483    i.ad9361_set_ensm_mode  ad9361.o
    0x080084fa   0x080084fa   0x00000002   PAD
    0x080084fc   0x080084fc   0x0000014c   Code   RO         2484    i.ad9361_set_gain_ctrl_mode  ad9361.o
    0x08008648   0x08008648   0x00000026   Code   RO         3145    i.ad9361_set_rx_fir_config  ad9361_api.o
    0x0800866e   0x0800866e   0x00000002   PAD
    0x08008670   0x08008670   0x00000030   Code   RO         3146    i.ad9361_set_rx_fir_en_dis  ad9361_api.o
    0x080086a0   0x080086a0   0x000000e0   Code   RO         2485    i.ad9361_set_rx_gain  ad9361.o
    0x08008780   0x08008780   0x0000007c   Code   RO         3147    i.ad9361_set_rx_gain_control_mode  ad9361_api.o
    0x080087fc   0x080087fc   0x0000001c   Code   RO         3148    i.ad9361_set_rx_lo_freq  ad9361_api.o
    0x08008818   0x08008818   0x00000024   Code   RO         3152    i.ad9361_set_rx_rf_bandwidth  ad9361_api.o
    0x0800883c   0x0800883c   0x00000078   Code   RO         3153    i.ad9361_set_rx_rf_gain  ad9361_api.o
    0x080088b4   0x080088b4   0x00000032   Code   RO         3156    i.ad9361_set_rx_sampling_freq  ad9361_api.o
    0x080088e6   0x080088e6   0x00000002   PAD
    0x080088e8   0x080088e8   0x000001d0   Code   RO         2486    i.ad9361_set_trx_clock_chain  ad9361.o
    0x08008ab8   0x08008ab8   0x00000028   Code   RO         2487    i.ad9361_set_trx_clock_chain_freq  ad9361.o
    0x08008ae0   0x08008ae0   0x000000d4   Code   RO         2488    i.ad9361_set_tx_atten  ad9361.o
    0x08008bb4   0x08008bb4   0x00000088   Code   RO         3161    i.ad9361_set_tx_attenuation  ad9361_api.o
    0x08008c3c   0x08008c3c   0x00000022   Code   RO         3163    i.ad9361_set_tx_fir_config  ad9361_api.o
    0x08008c5e   0x08008c5e   0x00000002   PAD
    0x08008c60   0x08008c60   0x00000030   Code   RO         3164    i.ad9361_set_tx_fir_en_dis  ad9361_api.o
    0x08008c90   0x08008c90   0x0000001c   Code   RO         3165    i.ad9361_set_tx_lo_freq  ad9361_api.o
    0x08008cac   0x08008cac   0x00000024   Code   RO         3168    i.ad9361_set_tx_rf_bandwidth  ad9361_api.o
    0x08008cd0   0x08008cd0   0x00000014   Code   RO         3169    i.ad9361_set_tx_rf_port_output  ad9361_api.o
    0x08008ce4   0x08008ce4   0x00000032   Code   RO         3170    i.ad9361_set_tx_sampling_freq  ad9361_api.o
    0x08008d16   0x08008d16   0x00000002   PAD
    0x08008d18   0x08008d18   0x000007c0   Code   RO         2489    i.ad9361_setup      ad9361.o
    0x080094d8   0x080094d8   0x00000014   Code   RO         2490    i.ad9361_spi_read   ad9361.o
    0x080094ec   0x080094ec   0x00000060   Code   RO         2491    i.ad9361_spi_readm  ad9361.o
    0x0800954c   0x0800954c   0x00000054   Code   RO         2492    i.ad9361_spi_write  ad9361.o
    0x080095a0   0x080095a0   0x0000007c   Code   RO         2493    i.ad9361_spi_writem  ad9361.o
    0x0800961c   0x0800961c   0x00000008   Code   RO         2495    i.ad9361_to_clk     ad9361.o
    0x08009624   0x08009624   0x00000032   Code   RO         2496    i.ad9361_to_refclk_scaler  ad9361.o
    0x08009656   0x08009656   0x00000002   PAD
    0x08009658   0x08009658   0x000000f4   Code   RO         2497    i.ad9361_tracking_control  ad9361.o
    0x0800974c   0x0800974c   0x00000190   Code   RO         2498    i.ad9361_trx_ext_lo_control  ad9361.o
    0x080098dc   0x080098dc   0x00000054   Code   RO         2499    i.ad9361_trx_vco_cal_control  ad9361.o
    0x08009930   0x08009930   0x000000c8   Code   RO         2500    i.ad9361_tx_bb_analog_filter_calib  ad9361.o
    0x080099f8   0x080099f8   0x00000128   Code   RO         2501    i.ad9361_tx_bb_second_filter_calib  ad9361.o
    0x08009b20   0x08009b20   0x00000064   Code   RO         2502    i.ad9361_tx_mute    ad9361.o
    0x08009b84   0x08009b84   0x0000042c   Code   RO         2503    i.ad9361_tx_quad_calib  ad9361.o
    0x08009fb0   0x08009fb0   0x0000009c   Code   RO         2504    i.ad9361_tx_quad_phase_search  ad9361.o
    0x0800a04c   0x0800a04c   0x00000078   Code   RO         2505    i.ad9361_txmon_control  ad9361.o
    0x0800a0c4   0x0800a0c4   0x000000a8   Code   RO         2506    i.ad9361_txmon_setup  ad9361.o
    0x0800a16c   0x0800a16c   0x00000120   Code   RO         2507    i.ad9361_txrx_synth_cp_calib  ad9361.o
    0x0800a28c   0x0800a28c   0x00000062   Code   RO         2508    i.ad9361_update_rf_bandwidth  ad9361.o
    0x0800a2ee   0x0800a2ee   0x00000002   PAD
    0x0800a2f0   0x0800a2f0   0x00000304   Code   RO         2509    i.ad9361_validate_enable_fir  ad9361.o
    0x0800a5f4   0x0800a5f4   0x00000028   Code   RO         2510    i.ad9361_validate_rf_bw  ad9361.o
    0x0800a61c   0x0800a61c   0x00000044   Code   RO         2511    i.ad9361_validate_rfpll  ad9361.o
    0x0800a660   0x0800a660   0x000000c8   Code   RO         2512    i.ad9361_validate_trx_clock_chain  ad9361.o
    0x0800a728   0x0800a728   0x00000010   Code   RO         3636    i.adc_init          adc_core.o
    0x0800a738   0x0800a738   0x00000002   Code   RO         3637    i.adc_read          adc_core.o
    0x0800a73a   0x0800a73a   0x00000002   Code   RO         3641    i.adc_write         adc_core.o
    0x0800a73c   0x0800a73c   0x0000003e   Code   RO         4359    i.axiadc_idelay_set  platform.o
    0x0800a77a   0x0800a77a   0x00000016   Code   RO         4360    i.axiadc_init       platform.o
    0x0800a790   0x0800a790   0x00000004   Code   RO         4361    i.axiadc_post_setup  platform.o
    0x0800a794   0x0800a794   0x0000000e   Code   RO         4362    i.axiadc_read       platform.o
    0x0800a7a2   0x0800a7a2   0x0000006c   Code   RO         4363    i.axiadc_set_pnsel  platform.o
    0x0800a80e   0x0800a80e   0x00000006   Code   RO         4364    i.axiadc_write      platform.o
    0x0800a814   0x0800a814   0x00000078   Code   RO         4479    i.clk_get_rate      util.o
    0x0800a88c   0x0800a88c   0x00000004   Code   RO         4480    i.clk_prepare_enable  util.o
    0x0800a890   0x0800a890   0x0000020e   Code   RO         4481    i.clk_set_rate      util.o
    0x0800aa9e   0x0800aa9e   0x00000002   PAD
    0x0800aaa0   0x0800aaa0   0x00000258   Code   RO         4108    i.console_check_commands  console.o
    0x0800acf8   0x0800acf8   0x0000002a   Code   RO         4109    i.console_get_command  console.o
    0x0800ad22   0x0800ad22   0x00000002   PAD
    0x0800ad24   0x0800ad24   0x000001a8   Code   RO         4111    i.console_print     console.o
    0x0800aecc   0x0800aecc   0x00000002   Code   RO         4190    i.dac_init          dac_core.o
    0x0800aece   0x0800aece   0x00000002   Code   RO         4192    i.dac_start_sync    dac_core.o
    0x0800aed0   0x0800aed0   0x00000002   Code   RO         4193    i.dac_stop          dac_core.o
    0x0800aed2   0x0800aed2   0x00000002   PAD
    0x0800aed4   0x0800aed4   0x0000004c   Code   RO         4206    i.dds_set_frequency  dac_core.o
    0x0800af20   0x0800af20   0x00000048   Code   RO         4207    i.dds_set_phase     dac_core.o
    0x0800af68   0x0800af68   0x0000006c   Code   RO         4208    i.dds_set_scale     dac_core.o
    0x0800afd4   0x0800afd4   0x00000028   Code   RO         3736    i.dds_tx2_tone2_scale  command.o
    0x0800affc   0x0800affc   0x0000005c   Code   RO         4210    i.dds_update        dac_core.o
    0x0800b058   0x0800b058   0x00000016   Code   RO         4482    i.do_div            util.o
    0x0800b06e   0x0800b06e   0x00000030   Code   RO         4483    i.find_first_bit    util.o
    0x0800b09e   0x0800b09e   0x00000002   PAD
    0x0800b0a0   0x0800b0a0   0x00000018   Code   RO          288    i.fputc             usart.o
    0x0800b0b8   0x0800b0b8   0x00000050   Code   RO         5025    i.free              mc_w.l(malloc.o)
    0x0800b108   0x0800b108   0x00000028   Code   RO         3737    i.get_dds_tx1_tone1_freq  command.o
    0x0800b130   0x0800b130   0x00000030   Code   RO         3738    i.get_dds_tx1_tone1_phase  command.o
    0x0800b160   0x0800b160   0x00000028   Code   RO         3739    i.get_dds_tx1_tone1_scale  command.o
    0x0800b188   0x0800b188   0x00000028   Code   RO         3740    i.get_dds_tx1_tone2_freq  command.o
    0x0800b1b0   0x0800b1b0   0x00000030   Code   RO         3741    i.get_dds_tx1_tone2_phase  command.o
    0x0800b1e0   0x0800b1e0   0x00000028   Code   RO         3742    i.get_dds_tx1_tone2_scale  command.o
    0x0800b208   0x0800b208   0x00000028   Code   RO         3743    i.get_dds_tx2_tone1_freq  command.o
    0x0800b230   0x0800b230   0x00000030   Code   RO         3744    i.get_dds_tx2_tone1_phase  command.o
    0x0800b260   0x0800b260   0x00000028   Code   RO         3745    i.get_dds_tx2_tone1_scale  command.o
    0x0800b288   0x0800b288   0x00000028   Code   RO         3746    i.get_dds_tx2_tone2_freq  command.o
    0x0800b2b0   0x0800b2b0   0x00000030   Code   RO         3747    i.get_dds_tx2_tone2_phase  command.o
    0x0800b2e0   0x0800b2e0   0x0000004c   Code   RO         3748    i.get_help          command.o
    0x0800b32c   0x0800b32c   0x0000002c   Code   RO         3749    i.get_register      command.o
    0x0800b358   0x0800b358   0x00000030   Code   RO         3750    i.get_rx1_gc_mode   command.o
    0x0800b388   0x0800b388   0x0000002c   Code   RO         3751    i.get_rx1_rf_gain   command.o
    0x0800b3b4   0x0800b3b4   0x00000030   Code   RO         3752    i.get_rx2_gc_mode   command.o
    0x0800b3e4   0x0800b3e4   0x0000002c   Code   RO         3753    i.get_rx2_rf_gain   command.o
    0x0800b410   0x0800b410   0x0000002c   Code   RO         3754    i.get_rx_fir_en     command.o
    0x0800b43c   0x0800b43c   0x00000040   Code   RO         3755    i.get_rx_lo_freq    command.o
    0x0800b47c   0x0800b47c   0x00000030   Code   RO         3756    i.get_rx_rf_bandwidth  command.o
    0x0800b4ac   0x0800b4ac   0x00000030   Code   RO         3757    i.get_rx_samp_freq  command.o
    0x0800b4dc   0x0800b4dc   0x00000030   Code   RO         3758    i.get_tx1_attenuation  command.o
    0x0800b50c   0x0800b50c   0x00000030   Code   RO         3759    i.get_tx2_attenuation  command.o
    0x0800b53c   0x0800b53c   0x0000002c   Code   RO         3760    i.get_tx_fir_en     command.o
    0x0800b568   0x0800b568   0x00000040   Code   RO         3761    i.get_tx_lo_freq    command.o
    0x0800b5a8   0x0800b5a8   0x00000030   Code   RO         3762    i.get_tx_rf_bandwidth  command.o
    0x0800b5d8   0x0800b5d8   0x00000030   Code   RO         3763    i.get_tx_samp_freq  command.o
    0x0800b608   0x0800b608   0x00000048   Code   RO         4365    i.gpio_data         platform.o
    0x0800b650   0x0800b650   0x0000000c   Code   RO         4368    i.gpio_is_valid     platform.o
    0x0800b65c   0x0800b65c   0x00000008   Code   RO         4369    i.gpio_set_value    platform.o
    0x0800b664   0x0800b664   0x00000064   Code   RO         4484    i.ilog2             util.o
    0x0800b6c8   0x0800b6c8   0x00000022   Code   RO         4485    i.int_sqrt          util.o
    0x0800b6ea   0x0800b6ea   0x00000002   PAD
    0x0800b6ec   0x0800b6ec   0x00000060   Code   RO         4112    i.int_to_str        console.o
    0x0800b74c   0x0800b74c   0x0000004c   Code   RO         3764    i.lo_diff_cal       command.o
    0x0800b798   0x0800b798   0x00000404   Code   RO           15    i.main              main.o
    0x0800bb9c   0x0800bb9c   0x0000006c   Code   RO         5026    i.malloc            mc_w.l(malloc.o)
    0x0800bc08   0x0800bc08   0x00000004   Code   RO         4370    i.mdelay            platform.o
    0x0800bc0c   0x0800bc0c   0x000002d4   Code   RO         2513    i.register_clocks   ad9361.o
    0x0800bee0   0x0800bee0   0x0000005c   Code   RO         3765    i.set_dds_tx1_tone1_freq  command.o
    0x0800bf3c   0x0800bf3c   0x00000080   Code   RO         3766    i.set_dds_tx1_tone1_phase  command.o
    0x0800bfbc   0x0800bfbc   0x00000064   Code   RO         3767    i.set_dds_tx1_tone1_scale  command.o
    0x0800c020   0x0800c020   0x0000005c   Code   RO         3768    i.set_dds_tx1_tone2_freq  command.o
    0x0800c07c   0x0800c07c   0x00000080   Code   RO         3769    i.set_dds_tx1_tone2_phase  command.o
    0x0800c0fc   0x0800c0fc   0x00000064   Code   RO         3770    i.set_dds_tx1_tone2_scale  command.o
    0x0800c160   0x0800c160   0x0000005c   Code   RO         3771    i.set_dds_tx2_tone1_freq  command.o
    0x0800c1bc   0x0800c1bc   0x00000080   Code   RO         3772    i.set_dds_tx2_tone1_phase  command.o
    0x0800c23c   0x0800c23c   0x00000064   Code   RO         3773    i.set_dds_tx2_tone1_scale  command.o
    0x0800c2a0   0x0800c2a0   0x0000005c   Code   RO         3774    i.set_dds_tx2_tone2_freq  command.o
    0x0800c2fc   0x0800c2fc   0x00000080   Code   RO         3775    i.set_dds_tx2_tone2_phase  command.o
    0x0800c37c   0x0800c37c   0x00000064   Code   RO         3776    i.set_dds_tx2_tone2_scale  command.o
    0x0800c3e0   0x0800c3e0   0x000000f4   Code   RO         2514    i.set_full_table_gain  ad9361.o
    0x0800c4d4   0x0800c4d4   0x00000048   Code   RO         3777    i.set_rx1_gc_mode   command.o
    0x0800c51c   0x0800c51c   0x00000048   Code   RO         3778    i.set_rx1_rf_gain   command.o
    0x0800c564   0x0800c564   0x00000048   Code   RO         3779    i.set_rx2_gc_mode   command.o
    0x0800c5ac   0x0800c5ac   0x00000048   Code   RO         3780    i.set_rx2_rf_gain   command.o
    0x0800c5f4   0x0800c5f4   0x00000048   Code   RO         3781    i.set_rx_fir_en     command.o
    0x0800c63c   0x0800c63c   0x00000068   Code   RO         3782    i.set_rx_lo_freq    command.o
    0x0800c6a4   0x0800c6a4   0x0000004c   Code   RO         3783    i.set_rx_rf_bandwidth  command.o
    0x0800c6f0   0x0800c6f0   0x00000054   Code   RO         3784    i.set_rx_samp_freq  command.o
    0x0800c744   0x0800c744   0x000001fc   Code   RO         2515    i.set_split_table_gain  ad9361.o
    0x0800c940   0x0800c940   0x0000004c   Code   RO         3785    i.set_tx1_attenuation  command.o
    0x0800c98c   0x0800c98c   0x0000004c   Code   RO         3786    i.set_tx2_attenuation  command.o
    0x0800c9d8   0x0800c9d8   0x00000048   Code   RO         3787    i.set_tx_fir_en     command.o
    0x0800ca20   0x0800ca20   0x00000068   Code   RO         3788    i.set_tx_lo_freq    command.o
    0x0800ca88   0x0800ca88   0x0000002c   Code   RO         3789    i.set_tx_rf_bandwidth  command.o
    0x0800cab4   0x0800cab4   0x00000054   Code   RO         3790    i.set_tx_samp_freq  command.o
    0x0800cb08   0x0800cb08   0x0000005c   Code   RO         3791    i.show_invalid_param_message  command.o
    0x0800cb64   0x0800cb64   0x00000048   Code   RO         4374    i.spi_write_then_read  platform.o
    0x0800cbac   0x0800cbac   0x00000014   Code   RO         4114    i.uart_read_char    console.o
    0x0800cbc0   0x0800cbc0   0x00000018   Code   RO         4115    i.uart_write_char   console.o
    0x0800cbd8   0x0800cbd8   0x00000014   Code   RO         4116    i.uart_write_string  console.o
    0x0800cbec   0x0800cbec   0x00000012   Code   RO         4375    i.udelay            platform.o
    0x0800cbfe   0x0800cbfe   0x0000001c   Code   RO         4486    i.zmalloc           util.o
    0x0800cc1a   0x0800cc1a   0x00000010   Data   RO         2363    .constdata          system_stm32f4xx.o
    0x0800cc2a   0x0800cc2a   0x00000008   Data   RO         2364    .constdata          system_stm32f4xx.o
    0x0800cc32   0x0800cc32   0x00000002   PAD
    0x0800cc34   0x0800cc34   0x00001bb9   Data   RO         2518    .constdata          ad9361.o
    0x0800e7ed   0x0800e7ed   0x000000df   Data   RO         3176    .constdata          ad9361_api.o
    0x0800e8cc   0x0800e8cc   0x00000044   Data   RO         3566    .constdata          ad9361_conv.o
    0x0800e910   0x0800e910   0x00000001   Data   RO         3792    .constdata          command.o
    0x0800e911   0x0800e911   0x00000040   Data   RO         5133    .constdata          mc_w.l(ctype_c.o)
    0x0800e951   0x0800e951   0x00000003   PAD
    0x0800e954   0x0800e954   0x0000009f   Data   RO         2520    .conststring        ad9361.o
    0x0800e9f3   0x0800e9f3   0x00000001   PAD
    0x0800e9f4   0x0800e9f4   0x00000015   Data   RO         3177    .conststring        ad9361_api.o
    0x0800ea09   0x0800ea09   0x00000003   PAD
    0x0800ea0c   0x0800ea0c   0x00000bb1   Data   RO         3793    .conststring        command.o
    0x0800f5bd   0x0800f5bd   0x00000003   PAD
    0x0800f5c0   0x0800f5c0   0x00000020   Data   RO         5139    Region$$Table       anon$$obj.o


    Execution Region RW_IRAM1 (Exec base: 0x20000000, Load base: 0x0800f5e0, Size: 0x00001e00, Max: 0x00020000, ABSOLUTE, COMPRESSED[0x000003ac])

    Exec Addr    Load Addr    Size         Type   Attr      Idx    E Section Name        Object

    0x20000000   COMPRESSED   0x00000470   Data   RW           17    .data               main.o
    0x20000470   COMPRESSED   0x0000000c   Data   RW         1737    .data               stm32f4xx_hal.o
    0x2000047c   COMPRESSED   0x00000004   Data   RW         2365    .data               system_stm32f4xx.o
    0x20000480   COMPRESSED   0x00000010   Data   RW         3178    .data               ad9361_api.o
    0x20000490   COMPRESSED   0x00000001   Data   RW         3642    .data               adc_core.o
    0x20000491   COMPRESSED   0x00000003   PAD
    0x20000494   COMPRESSED   0x00000370   Data   RW         3794    .data               command.o
    0x20000804   COMPRESSED   0x00000011   Data   RW         4117    .data               console.o
    0x20000815   COMPRESSED   0x00000001   Data   RW         4687    .data               softspi.o
    0x20000816   COMPRESSED   0x00000002   PAD
    0x20000818   COMPRESSED   0x00000004   Data   RW         5093    .data               mc_w.l(stdout.o)
    0x2000081c   COMPRESSED   0x00000004   Data   RW         5100    .data               mc_w.l(mvars.o)
    0x20000820   COMPRESSED   0x00000004   Data   RW         5101    .data               mc_w.l(mvars.o)
    0x20000824   COMPRESSED   0x00000004   Data   RW         5105    .data               mc_w.l(errno.o)
    0x20000828        -       0x00000046   Zero   RW           16    .bss                main.o
    0x2000086e   COMPRESSED   0x00000002   PAD
    0x20000870        -       0x00000058   Zero   RW          246    .bss                spi.o
    0x200008c8        -       0x00000044   Zero   RW          289    .bss                usart.o
    0x2000090c        -       0x000000f0   Zero   RW         4211    .bss                dac_core.o
    0x200009fc   COMPRESSED   0x00000004   PAD
    0x20000a00        -       0x00001000   Zero   RW            2    HEAP                startup_stm32f411xe.o
    0x20001a00        -       0x00000400   Zero   RW            1    STACK               startup_stm32f411xe.o


==============================================================================

Image component sizes


      Code (inc. data)   RO Data    RW Data    ZI Data      Debug   Object Name

     26766       4990       7256          0          0     168975   ad9361.o
      4600        452        244         16          0      33695   ad9361_api.o
      2246        194         68          0          0       9963   ad9361_conv.o
        20          4          0          1          0       5228   adc_core.o
       140         14          0          0          0       1918   com_fpga.o
      3848       1550       2994        880          0      40503   command.o
      1226         86          0         17          0       7387   console.o
       354         32          0          0        240       5209   dac_core.o
       204         14          0          0          0       1019   gpio.o
      1176        412          0       1136         70     468567   main.o
       402         22          0          0          0       8285   platform.o
       594         30          0          1          0       5700   softspi.o
       176         22          0          0         88       1749   spi.o
        36          8        408          0       5120        852   startup_stm32f411xe.o
       180         28          0         12          0       9389   stm32f4xx_hal.o
       172         14          0          0          0      33338   stm32f4xx_hal_cortex.o
       516         34          0          0          0       3552   stm32f4xx_hal_gpio.o
        48          6          0          0          0        886   stm32f4xx_hal_msp.o
      1348         76          0          0          0       5328   stm32f4xx_hal_rcc.o
       188          0          0          0          0       1227   stm32f4xx_hal_spi.o
       856         10          0          0          0       5527   stm32f4xx_hal_uart.o
        20          0          0          0          0       4298   stm32f4xx_it.o
        16          4         24          4          0       1175   system_stm32f4xx.o
       184         24          0          0         68       3674   usart.o
       884         40          0          0          0       6592   util.o

    ----------------------------------------------------------------------
     46260       8070      11035       2072       5592     834036   Object Totals
         0          0         32          0          0          0   (incl. Generated)
        60          4          9          5          6          0   (incl. Padding)

    ----------------------------------------------------------------------

      Code (inc. data)   RO Data    RW Data    ZI Data      Debug   Library Member Name

        56         12          0          0          0        132   atof.o
        94          0          0          0          0          0   __dclz77c.o
        64          0          0          0          0         84   _sgetc.o
        40          6         64          0          0         68   ctype_c.o
         0          0          0          0          0          0   entry.o
         0          0          0          0          0          0   entry10a.o
         0          0          0          0          0          0   entry11a.o
         4          0          0          0          0          0   entry12b.o
         8          4          0          0          0          0   entry2.o
         4          0          0          0          0          0   entry5.o
         0          0          0          0          0          0   entry7b.o
         0          0          0          0          0          0   entry8b.o
         8          4          0          0          0          0   entry9a.o
        24         12          0          4          0        136   errno.o
        30          0          0          0          0          0   handlers.o
        36          8          0          0          0         68   init.o
        10          0          0          0          0         68   isspace_c.o
         0          0          0          0          0          0   iusefp.o
        30          0          0          0          0         68   llshl.o
        36          0          0          0          0         68   llsshr.o
        32          0          0          0          0         68   llushr.o
       188         20          0          0          0        160   malloc.o
        36          0          0          0          0         68   memcpya.o
        36          0          0          0          0        108   memseta.o
         0          0          0          8          0          0   mvars.o
      2218         90          0          0          0        464   printfa.o
       878         12          0          0          0        216   scanf_fp.o
         0          0          0          4          0          0   stdout.o
       156         12          0          0          0        120   strtod.o
        44          0          0          0          0         80   uidiv.o
        98          0          0          0          0         92   uldiv.o
        48          0          0          0          0         68   cdcmple.o
        48          0          0          0          0         68   cdrcmple.o
        56          0          0          0          0         88   d2f.o
       334          0          0          0          0        148   dadd.o
       222          0          0          0          0        100   ddiv.o
       186          0          0          0          0        176   depilogue.o
        62          0          0          0          0         80   dfixi.o
        50          0          0          0          0         76   dfixui.o
        48          0          0          0          0         68   dfixul.o
        26          0          0          0          0         76   dfltui.o
        24          0          0          0          0         76   dfltul.o
       228          0          0          0          0         96   dmul.o
       110          0          0          0          0        168   fepilogue.o

    ----------------------------------------------------------------------
      5582        180         67         16          0       3356   Library Totals
        10          0          3          0          0          0   (incl. Padding)

    ----------------------------------------------------------------------

      Code (inc. data)   RO Data    RW Data    ZI Data      Debug   Library Name

        56         12          0          0          0        132   m_wm.l
      4074        168         64         16          0       1936   mc_w.l
      1442          0          0          0          0       1288   mf_w.l

    ----------------------------------------------------------------------
      5582        180         67         16          0       3356   Library Totals

    ----------------------------------------------------------------------

==============================================================================


      Code (inc. data)   RO Data    RW Data    ZI Data      Debug   

     51842       8250      11102       2088       5592     808912   Grand Totals
     51842       8250      11102        940       5592     808912   ELF Image Totals (compressed)
     51842       8250      11102        940          0          0   ROM Totals

==============================================================================

    Total RO  Size (Code + RO Data)                62944 (  61.47kB)
    Total RW  Size (RW Data + ZI Data)              7680 (   7.50kB)
    Total ROM Size (Code + RO Data + RW Data)      63884 (  62.39kB)

==============================================================================

