<!doctype html public "-//w3c//dtd html 4.0 transitional//en">
<html><head>
<title>Static Call Graph - [GoWinSDR\GoWinSDR.axf]</title></head>
<body><HR>
<H1>Static Call Graph for image GoWinSDR\GoWinSDR.axf</H1><HR>
<BR><P>#&#060CALLGRAPH&#062# ARM Linker, 5060960: Last Updated: Sat Oct 25 16:57:47 2025
<BR><P>
<H3>Maximum Stack Usage =       1152 bytes + Unknown(Cycles, Untraceable Function Pointers)</H3><H3>
Call chain for Maximum Stack Depth:</H3>
main &rArr; ad9361_init &rArr; axiadc_post_setup &rArr; ad9361_post_setup &rArr; ad9361_dig_tune &rArr; ad9361_set_trx_clock_chain_freq &rArr; ad9361_set_trx_clock_chain &rArr;  ad9361_dig_tune (Cycle)
<P>
<H3>
Mutually Recursive functions
</H3> <LI><a href="#[1d]">ADC_IRQHandler</a>&nbsp;&nbsp;&nbsp;&rArr;&nbsp;&nbsp;&nbsp;<a href="#[1d]">ADC_IRQHandler</a><BR>
 <LI><a href="#[5]">BusFault_Handler</a>&nbsp;&nbsp;&nbsp;&rArr;&nbsp;&nbsp;&nbsp;<a href="#[5]">BusFault_Handler</a><BR>
 <LI><a href="#[3]">HardFault_Handler</a>&nbsp;&nbsp;&nbsp;&rArr;&nbsp;&nbsp;&nbsp;<a href="#[3]">HardFault_Handler</a><BR>
 <LI><a href="#[4]">MemManage_Handler</a>&nbsp;&nbsp;&nbsp;&rArr;&nbsp;&nbsp;&nbsp;<a href="#[4]">MemManage_Handler</a><BR>
 <LI><a href="#[2]">NMI_Handler</a>&nbsp;&nbsp;&nbsp;&rArr;&nbsp;&nbsp;&nbsp;<a href="#[2]">NMI_Handler</a><BR>
 <LI><a href="#[6]">UsageFault_Handler</a>&nbsp;&nbsp;&nbsp;&rArr;&nbsp;&nbsp;&nbsp;<a href="#[6]">UsageFault_Handler</a><BR>
 <LI><a href="#[ed]">ad9361_set_trx_clock_chain</a>&nbsp;&nbsp;&nbsp;&rArr;&nbsp;&nbsp;&nbsp;<a href="#[be]">ad9361_dig_tune</a><BR>
 <LI><a href="#[ac]">ad9361_calculate_rf_clock_chain</a>&nbsp;&nbsp;&nbsp;&rArr;&nbsp;&nbsp;&nbsp;<a href="#[ac]">ad9361_calculate_rf_clock_chain</a><BR>
</UL>
<P>
<H3>
Function Pointers
</H3><UL>
 <LI><a href="#[1d]">ADC_IRQHandler</a> from startup_stm32f411xe.o(.text) referenced from startup_stm32f411xe.o(RESET)
 <LI><a href="#[5]">BusFault_Handler</a> from stm32f4xx_it.o(i.BusFault_Handler) referenced from startup_stm32f411xe.o(RESET)
 <LI><a href="#[16]">DMA1_Stream0_IRQHandler</a> from startup_stm32f411xe.o(.text) referenced from startup_stm32f411xe.o(RESET)
 <LI><a href="#[17]">DMA1_Stream1_IRQHandler</a> from startup_stm32f411xe.o(.text) referenced from startup_stm32f411xe.o(RESET)
 <LI><a href="#[18]">DMA1_Stream2_IRQHandler</a> from startup_stm32f411xe.o(.text) referenced from startup_stm32f411xe.o(RESET)
 <LI><a href="#[19]">DMA1_Stream3_IRQHandler</a> from startup_stm32f411xe.o(.text) referenced from startup_stm32f411xe.o(RESET)
 <LI><a href="#[1a]">DMA1_Stream4_IRQHandler</a> from startup_stm32f411xe.o(.text) referenced from startup_stm32f411xe.o(RESET)
 <LI><a href="#[1b]">DMA1_Stream5_IRQHandler</a> from startup_stm32f411xe.o(.text) referenced from startup_stm32f411xe.o(RESET)
 <LI><a href="#[1c]">DMA1_Stream6_IRQHandler</a> from startup_stm32f411xe.o(.text) referenced from startup_stm32f411xe.o(RESET)
 <LI><a href="#[31]">DMA1_Stream7_IRQHandler</a> from startup_stm32f411xe.o(.text) referenced from startup_stm32f411xe.o(RESET)
 <LI><a href="#[35]">DMA2_Stream0_IRQHandler</a> from startup_stm32f411xe.o(.text) referenced from startup_stm32f411xe.o(RESET)
 <LI><a href="#[36]">DMA2_Stream1_IRQHandler</a> from startup_stm32f411xe.o(.text) referenced from startup_stm32f411xe.o(RESET)
 <LI><a href="#[37]">DMA2_Stream2_IRQHandler</a> from startup_stm32f411xe.o(.text) referenced from startup_stm32f411xe.o(RESET)
 <LI><a href="#[38]">DMA2_Stream3_IRQHandler</a> from startup_stm32f411xe.o(.text) referenced from startup_stm32f411xe.o(RESET)
 <LI><a href="#[39]">DMA2_Stream4_IRQHandler</a> from startup_stm32f411xe.o(.text) referenced from startup_stm32f411xe.o(RESET)
 <LI><a href="#[3b]">DMA2_Stream5_IRQHandler</a> from startup_stm32f411xe.o(.text) referenced from startup_stm32f411xe.o(RESET)
 <LI><a href="#[3c]">DMA2_Stream6_IRQHandler</a> from startup_stm32f411xe.o(.text) referenced from startup_stm32f411xe.o(RESET)
 <LI><a href="#[3d]">DMA2_Stream7_IRQHandler</a> from startup_stm32f411xe.o(.text) referenced from startup_stm32f411xe.o(RESET)
 <LI><a href="#[8]">DebugMon_Handler</a> from stm32f4xx_it.o(i.DebugMon_Handler) referenced from startup_stm32f411xe.o(RESET)
 <LI><a href="#[11]">EXTI0_IRQHandler</a> from startup_stm32f411xe.o(.text) referenced from startup_stm32f411xe.o(RESET)
 <LI><a href="#[2e]">EXTI15_10_IRQHandler</a> from startup_stm32f411xe.o(.text) referenced from startup_stm32f411xe.o(RESET)
 <LI><a href="#[12]">EXTI1_IRQHandler</a> from startup_stm32f411xe.o(.text) referenced from startup_stm32f411xe.o(RESET)
 <LI><a href="#[13]">EXTI2_IRQHandler</a> from startup_stm32f411xe.o(.text) referenced from startup_stm32f411xe.o(RESET)
 <LI><a href="#[14]">EXTI3_IRQHandler</a> from startup_stm32f411xe.o(.text) referenced from startup_stm32f411xe.o(RESET)
 <LI><a href="#[15]">EXTI4_IRQHandler</a> from startup_stm32f411xe.o(.text) referenced from startup_stm32f411xe.o(RESET)
 <LI><a href="#[1e]">EXTI9_5_IRQHandler</a> from startup_stm32f411xe.o(.text) referenced from startup_stm32f411xe.o(RESET)
 <LI><a href="#[f]">FLASH_IRQHandler</a> from startup_stm32f411xe.o(.text) referenced from startup_stm32f411xe.o(RESET)
 <LI><a href="#[41]">FPU_IRQHandler</a> from startup_stm32f411xe.o(.text) referenced from startup_stm32f411xe.o(RESET)
 <LI><a href="#[3]">HardFault_Handler</a> from stm32f4xx_it.o(i.HardFault_Handler) referenced from startup_stm32f411xe.o(RESET)
 <LI><a href="#[27]">I2C1_ER_IRQHandler</a> from startup_stm32f411xe.o(.text) referenced from startup_stm32f411xe.o(RESET)
 <LI><a href="#[26]">I2C1_EV_IRQHandler</a> from startup_stm32f411xe.o(.text) referenced from startup_stm32f411xe.o(RESET)
 <LI><a href="#[29]">I2C2_ER_IRQHandler</a> from startup_stm32f411xe.o(.text) referenced from startup_stm32f411xe.o(RESET)
 <LI><a href="#[28]">I2C2_EV_IRQHandler</a> from startup_stm32f411xe.o(.text) referenced from startup_stm32f411xe.o(RESET)
 <LI><a href="#[40]">I2C3_ER_IRQHandler</a> from startup_stm32f411xe.o(.text) referenced from startup_stm32f411xe.o(RESET)
 <LI><a href="#[3f]">I2C3_EV_IRQHandler</a> from startup_stm32f411xe.o(.text) referenced from startup_stm32f411xe.o(RESET)
 <LI><a href="#[4]">MemManage_Handler</a> from stm32f4xx_it.o(i.MemManage_Handler) referenced from startup_stm32f411xe.o(RESET)
 <LI><a href="#[2]">NMI_Handler</a> from stm32f4xx_it.o(i.NMI_Handler) referenced from startup_stm32f411xe.o(RESET)
 <LI><a href="#[3a]">OTG_FS_IRQHandler</a> from startup_stm32f411xe.o(.text) referenced from startup_stm32f411xe.o(RESET)
 <LI><a href="#[30]">OTG_FS_WKUP_IRQHandler</a> from startup_stm32f411xe.o(.text) referenced from startup_stm32f411xe.o(RESET)
 <LI><a href="#[c]">PVD_IRQHandler</a> from startup_stm32f411xe.o(.text) referenced from startup_stm32f411xe.o(RESET)
 <LI><a href="#[9]">PendSV_Handler</a> from stm32f4xx_it.o(i.PendSV_Handler) referenced from startup_stm32f411xe.o(RESET)
 <LI><a href="#[10]">RCC_IRQHandler</a> from startup_stm32f411xe.o(.text) referenced from startup_stm32f411xe.o(RESET)
 <LI><a href="#[2f]">RTC_Alarm_IRQHandler</a> from startup_stm32f411xe.o(.text) referenced from startup_stm32f411xe.o(RESET)
 <LI><a href="#[e]">RTC_WKUP_IRQHandler</a> from startup_stm32f411xe.o(.text) referenced from startup_stm32f411xe.o(RESET)
 <LI><a href="#[1]">Reset_Handler</a> from startup_stm32f411xe.o(.text) referenced from startup_stm32f411xe.o(RESET)
 <LI><a href="#[32]">SDIO_IRQHandler</a> from startup_stm32f411xe.o(.text) referenced from startup_stm32f411xe.o(RESET)
 <LI><a href="#[2a]">SPI1_IRQHandler</a> from stm32f4xx_it.o(i.SPI1_IRQHandler) referenced from startup_stm32f411xe.o(RESET)
 <LI><a href="#[2b]">SPI2_IRQHandler</a> from startup_stm32f411xe.o(.text) referenced from startup_stm32f411xe.o(RESET)
 <LI><a href="#[34]">SPI3_IRQHandler</a> from startup_stm32f411xe.o(.text) referenced from startup_stm32f411xe.o(RESET)
 <LI><a href="#[42]">SPI4_IRQHandler</a> from startup_stm32f411xe.o(.text) referenced from startup_stm32f411xe.o(RESET)
 <LI><a href="#[43]">SPI5_IRQHandler</a> from startup_stm32f411xe.o(.text) referenced from startup_stm32f411xe.o(RESET)
 <LI><a href="#[47]">SPI_DMAAbortOnError</a> from stm32f4xx_hal_spi.o(i.SPI_DMAAbortOnError) referenced from stm32f4xx_hal_spi.o(i.HAL_SPI_IRQHandler)
 <LI><a href="#[7]">SVC_Handler</a> from stm32f4xx_it.o(i.SVC_Handler) referenced from startup_stm32f411xe.o(RESET)
 <LI><a href="#[a]">SysTick_Handler</a> from stm32f4xx_it.o(i.SysTick_Handler) referenced from startup_stm32f411xe.o(RESET)
 <LI><a href="#[45]">SystemInit</a> from system_stm32f4xx.o(i.SystemInit) referenced from startup_stm32f411xe.o(.text)
 <LI><a href="#[d]">TAMP_STAMP_IRQHandler</a> from startup_stm32f411xe.o(.text) referenced from startup_stm32f411xe.o(RESET)
 <LI><a href="#[1f]">TIM1_BRK_TIM9_IRQHandler</a> from startup_stm32f411xe.o(.text) referenced from startup_stm32f411xe.o(RESET)
 <LI><a href="#[22]">TIM1_CC_IRQHandler</a> from startup_stm32f411xe.o(.text) referenced from startup_stm32f411xe.o(RESET)
 <LI><a href="#[21]">TIM1_TRG_COM_TIM11_IRQHandler</a> from startup_stm32f411xe.o(.text) referenced from startup_stm32f411xe.o(RESET)
 <LI><a href="#[20]">TIM1_UP_TIM10_IRQHandler</a> from startup_stm32f411xe.o(.text) referenced from startup_stm32f411xe.o(RESET)
 <LI><a href="#[23]">TIM2_IRQHandler</a> from startup_stm32f411xe.o(.text) referenced from startup_stm32f411xe.o(RESET)
 <LI><a href="#[24]">TIM3_IRQHandler</a> from startup_stm32f411xe.o(.text) referenced from startup_stm32f411xe.o(RESET)
 <LI><a href="#[25]">TIM4_IRQHandler</a> from startup_stm32f411xe.o(.text) referenced from startup_stm32f411xe.o(RESET)
 <LI><a href="#[33]">TIM5_IRQHandler</a> from startup_stm32f411xe.o(.text) referenced from startup_stm32f411xe.o(RESET)
 <LI><a href="#[2c]">USART1_IRQHandler</a> from startup_stm32f411xe.o(.text) referenced from startup_stm32f411xe.o(RESET)
 <LI><a href="#[2d]">USART2_IRQHandler</a> from startup_stm32f411xe.o(.text) referenced from startup_stm32f411xe.o(RESET)
 <LI><a href="#[3e]">USART6_IRQHandler</a> from startup_stm32f411xe.o(.text) referenced from startup_stm32f411xe.o(RESET)
 <LI><a href="#[6]">UsageFault_Handler</a> from stm32f4xx_it.o(i.UsageFault_Handler) referenced from startup_stm32f411xe.o(RESET)
 <LI><a href="#[b]">WWDG_IRQHandler</a> from startup_stm32f411xe.o(.text) referenced from startup_stm32f411xe.o(RESET)
 <LI><a href="#[46]">__main</a> from entry.o(.ARM.Collect$$$$00000000) referenced from startup_stm32f411xe.o(.text)
 <LI><a href="#[48]">fputc</a> from usart.o(i.fputc) referenced from printfa.o(i.__0printf)
 <LI><a href="#[44]">main</a> from main.o(i.main) referenced from entry9a.o(.ARM.Collect$$$$0000000B)
</UL>
<P>
<H3>
Global Symbols
</H3>
<P><STRONG><a name="[46]"></a>__main</STRONG> (Thumb, 0 bytes, Stack size unknown bytes, entry.o(.ARM.Collect$$$$00000000))
<BR>[Address Reference Count : 1]<UL><LI> startup_stm32f411xe.o(.text)
</UL>
<P><STRONG><a name="[116]"></a>_main_stk</STRONG> (Thumb, 0 bytes, Stack size unknown bytes, entry2.o(.ARM.Collect$$$$00000001))

<P><STRONG><a name="[49]"></a>_main_scatterload</STRONG> (Thumb, 0 bytes, Stack size unknown bytes, entry5.o(.ARM.Collect$$$$00000004))
<BR><BR>[Calls]<UL><LI><a href="#[4a]">&gt;&gt;</a>&nbsp;&nbsp;&nbsp;__scatterload
</UL>

<P><STRONG><a name="[5c]"></a>__main_after_scatterload</STRONG> (Thumb, 0 bytes, Stack size unknown bytes, entry5.o(.ARM.Collect$$$$00000004))
<BR><BR>[Called By]<UL><LI><a href="#[4a]">&gt;&gt;</a>&nbsp;&nbsp;&nbsp;__scatterload
</UL>

<P><STRONG><a name="[117]"></a>_main_clock</STRONG> (Thumb, 0 bytes, Stack size unknown bytes, entry7b.o(.ARM.Collect$$$$00000008))

<P><STRONG><a name="[118]"></a>_main_cpp_init</STRONG> (Thumb, 0 bytes, Stack size unknown bytes, entry8b.o(.ARM.Collect$$$$0000000A))

<P><STRONG><a name="[119]"></a>_main_init</STRONG> (Thumb, 0 bytes, Stack size unknown bytes, entry9a.o(.ARM.Collect$$$$0000000B))

<P><STRONG><a name="[11a]"></a>__rt_lib_shutdown_fini</STRONG> (Thumb, 0 bytes, Stack size unknown bytes, entry12b.o(.ARM.Collect$$$$0000000E))

<P><STRONG><a name="[11b]"></a>__rt_final_cpp</STRONG> (Thumb, 0 bytes, Stack size unknown bytes, entry10a.o(.ARM.Collect$$$$0000000F))

<P><STRONG><a name="[11c]"></a>__rt_final_exit</STRONG> (Thumb, 0 bytes, Stack size unknown bytes, entry11a.o(.ARM.Collect$$$$00000011))

<P><STRONG><a name="[1]"></a>Reset_Handler</STRONG> (Thumb, 8 bytes, Stack size 0 bytes, startup_stm32f411xe.o(.text))
<BR>[Address Reference Count : 1]<UL><LI> startup_stm32f411xe.o(RESET)
</UL>
<P><STRONG><a name="[1d]"></a>ADC_IRQHandler</STRONG> (Thumb, 0 bytes, Stack size 0 bytes, startup_stm32f411xe.o(.text))
<BR><BR>[Calls]<UL><LI><a href="#[1d]">&gt;&gt;</a>&nbsp;&nbsp;&nbsp;ADC_IRQHandler
</UL>
<BR>[Called By]<UL><LI><a href="#[1d]">&gt;&gt;</a>&nbsp;&nbsp;&nbsp;ADC_IRQHandler
</UL>
<BR>[Address Reference Count : 1]<UL><LI> startup_stm32f411xe.o(RESET)
</UL>
<P><STRONG><a name="[16]"></a>DMA1_Stream0_IRQHandler</STRONG> (Thumb, 0 bytes, Stack size 0 bytes, startup_stm32f411xe.o(.text))
<BR>[Address Reference Count : 1]<UL><LI> startup_stm32f411xe.o(RESET)
</UL>
<P><STRONG><a name="[17]"></a>DMA1_Stream1_IRQHandler</STRONG> (Thumb, 0 bytes, Stack size 0 bytes, startup_stm32f411xe.o(.text))
<BR>[Address Reference Count : 1]<UL><LI> startup_stm32f411xe.o(RESET)
</UL>
<P><STRONG><a name="[18]"></a>DMA1_Stream2_IRQHandler</STRONG> (Thumb, 0 bytes, Stack size 0 bytes, startup_stm32f411xe.o(.text))
<BR>[Address Reference Count : 1]<UL><LI> startup_stm32f411xe.o(RESET)
</UL>
<P><STRONG><a name="[19]"></a>DMA1_Stream3_IRQHandler</STRONG> (Thumb, 0 bytes, Stack size 0 bytes, startup_stm32f411xe.o(.text))
<BR>[Address Reference Count : 1]<UL><LI> startup_stm32f411xe.o(RESET)
</UL>
<P><STRONG><a name="[1a]"></a>DMA1_Stream4_IRQHandler</STRONG> (Thumb, 0 bytes, Stack size 0 bytes, startup_stm32f411xe.o(.text))
<BR>[Address Reference Count : 1]<UL><LI> startup_stm32f411xe.o(RESET)
</UL>
<P><STRONG><a name="[1b]"></a>DMA1_Stream5_IRQHandler</STRONG> (Thumb, 0 bytes, Stack size 0 bytes, startup_stm32f411xe.o(.text))
<BR>[Address Reference Count : 1]<UL><LI> startup_stm32f411xe.o(RESET)
</UL>
<P><STRONG><a name="[1c]"></a>DMA1_Stream6_IRQHandler</STRONG> (Thumb, 0 bytes, Stack size 0 bytes, startup_stm32f411xe.o(.text))
<BR>[Address Reference Count : 1]<UL><LI> startup_stm32f411xe.o(RESET)
</UL>
<P><STRONG><a name="[31]"></a>DMA1_Stream7_IRQHandler</STRONG> (Thumb, 0 bytes, Stack size 0 bytes, startup_stm32f411xe.o(.text))
<BR>[Address Reference Count : 1]<UL><LI> startup_stm32f411xe.o(RESET)
</UL>
<P><STRONG><a name="[35]"></a>DMA2_Stream0_IRQHandler</STRONG> (Thumb, 0 bytes, Stack size 0 bytes, startup_stm32f411xe.o(.text))
<BR>[Address Reference Count : 1]<UL><LI> startup_stm32f411xe.o(RESET)
</UL>
<P><STRONG><a name="[36]"></a>DMA2_Stream1_IRQHandler</STRONG> (Thumb, 0 bytes, Stack size 0 bytes, startup_stm32f411xe.o(.text))
<BR>[Address Reference Count : 1]<UL><LI> startup_stm32f411xe.o(RESET)
</UL>
<P><STRONG><a name="[37]"></a>DMA2_Stream2_IRQHandler</STRONG> (Thumb, 0 bytes, Stack size 0 bytes, startup_stm32f411xe.o(.text))
<BR>[Address Reference Count : 1]<UL><LI> startup_stm32f411xe.o(RESET)
</UL>
<P><STRONG><a name="[38]"></a>DMA2_Stream3_IRQHandler</STRONG> (Thumb, 0 bytes, Stack size 0 bytes, startup_stm32f411xe.o(.text))
<BR>[Address Reference Count : 1]<UL><LI> startup_stm32f411xe.o(RESET)
</UL>
<P><STRONG><a name="[39]"></a>DMA2_Stream4_IRQHandler</STRONG> (Thumb, 0 bytes, Stack size 0 bytes, startup_stm32f411xe.o(.text))
<BR>[Address Reference Count : 1]<UL><LI> startup_stm32f411xe.o(RESET)
</UL>
<P><STRONG><a name="[3b]"></a>DMA2_Stream5_IRQHandler</STRONG> (Thumb, 0 bytes, Stack size 0 bytes, startup_stm32f411xe.o(.text))
<BR>[Address Reference Count : 1]<UL><LI> startup_stm32f411xe.o(RESET)
</UL>
<P><STRONG><a name="[3c]"></a>DMA2_Stream6_IRQHandler</STRONG> (Thumb, 0 bytes, Stack size 0 bytes, startup_stm32f411xe.o(.text))
<BR>[Address Reference Count : 1]<UL><LI> startup_stm32f411xe.o(RESET)
</UL>
<P><STRONG><a name="[3d]"></a>DMA2_Stream7_IRQHandler</STRONG> (Thumb, 0 bytes, Stack size 0 bytes, startup_stm32f411xe.o(.text))
<BR>[Address Reference Count : 1]<UL><LI> startup_stm32f411xe.o(RESET)
</UL>
<P><STRONG><a name="[11]"></a>EXTI0_IRQHandler</STRONG> (Thumb, 0 bytes, Stack size 0 bytes, startup_stm32f411xe.o(.text))
<BR>[Address Reference Count : 1]<UL><LI> startup_stm32f411xe.o(RESET)
</UL>
<P><STRONG><a name="[2e]"></a>EXTI15_10_IRQHandler</STRONG> (Thumb, 0 bytes, Stack size 0 bytes, startup_stm32f411xe.o(.text))
<BR>[Address Reference Count : 1]<UL><LI> startup_stm32f411xe.o(RESET)
</UL>
<P><STRONG><a name="[12]"></a>EXTI1_IRQHandler</STRONG> (Thumb, 0 bytes, Stack size 0 bytes, startup_stm32f411xe.o(.text))
<BR>[Address Reference Count : 1]<UL><LI> startup_stm32f411xe.o(RESET)
</UL>
<P><STRONG><a name="[13]"></a>EXTI2_IRQHandler</STRONG> (Thumb, 0 bytes, Stack size 0 bytes, startup_stm32f411xe.o(.text))
<BR>[Address Reference Count : 1]<UL><LI> startup_stm32f411xe.o(RESET)
</UL>
<P><STRONG><a name="[14]"></a>EXTI3_IRQHandler</STRONG> (Thumb, 0 bytes, Stack size 0 bytes, startup_stm32f411xe.o(.text))
<BR>[Address Reference Count : 1]<UL><LI> startup_stm32f411xe.o(RESET)
</UL>
<P><STRONG><a name="[15]"></a>EXTI4_IRQHandler</STRONG> (Thumb, 0 bytes, Stack size 0 bytes, startup_stm32f411xe.o(.text))
<BR>[Address Reference Count : 1]<UL><LI> startup_stm32f411xe.o(RESET)
</UL>
<P><STRONG><a name="[1e]"></a>EXTI9_5_IRQHandler</STRONG> (Thumb, 0 bytes, Stack size 0 bytes, startup_stm32f411xe.o(.text))
<BR>[Address Reference Count : 1]<UL><LI> startup_stm32f411xe.o(RESET)
</UL>
<P><STRONG><a name="[f]"></a>FLASH_IRQHandler</STRONG> (Thumb, 0 bytes, Stack size 0 bytes, startup_stm32f411xe.o(.text))
<BR>[Address Reference Count : 1]<UL><LI> startup_stm32f411xe.o(RESET)
</UL>
<P><STRONG><a name="[41]"></a>FPU_IRQHandler</STRONG> (Thumb, 0 bytes, Stack size 0 bytes, startup_stm32f411xe.o(.text))
<BR>[Address Reference Count : 1]<UL><LI> startup_stm32f411xe.o(RESET)
</UL>
<P><STRONG><a name="[27]"></a>I2C1_ER_IRQHandler</STRONG> (Thumb, 0 bytes, Stack size 0 bytes, startup_stm32f411xe.o(.text))
<BR>[Address Reference Count : 1]<UL><LI> startup_stm32f411xe.o(RESET)
</UL>
<P><STRONG><a name="[26]"></a>I2C1_EV_IRQHandler</STRONG> (Thumb, 0 bytes, Stack size 0 bytes, startup_stm32f411xe.o(.text))
<BR>[Address Reference Count : 1]<UL><LI> startup_stm32f411xe.o(RESET)
</UL>
<P><STRONG><a name="[29]"></a>I2C2_ER_IRQHandler</STRONG> (Thumb, 0 bytes, Stack size 0 bytes, startup_stm32f411xe.o(.text))
<BR>[Address Reference Count : 1]<UL><LI> startup_stm32f411xe.o(RESET)
</UL>
<P><STRONG><a name="[28]"></a>I2C2_EV_IRQHandler</STRONG> (Thumb, 0 bytes, Stack size 0 bytes, startup_stm32f411xe.o(.text))
<BR>[Address Reference Count : 1]<UL><LI> startup_stm32f411xe.o(RESET)
</UL>
<P><STRONG><a name="[40]"></a>I2C3_ER_IRQHandler</STRONG> (Thumb, 0 bytes, Stack size 0 bytes, startup_stm32f411xe.o(.text))
<BR>[Address Reference Count : 1]<UL><LI> startup_stm32f411xe.o(RESET)
</UL>
<P><STRONG><a name="[3f]"></a>I2C3_EV_IRQHandler</STRONG> (Thumb, 0 bytes, Stack size 0 bytes, startup_stm32f411xe.o(.text))
<BR>[Address Reference Count : 1]<UL><LI> startup_stm32f411xe.o(RESET)
</UL>
<P><STRONG><a name="[3a]"></a>OTG_FS_IRQHandler</STRONG> (Thumb, 0 bytes, Stack size 0 bytes, startup_stm32f411xe.o(.text))
<BR>[Address Reference Count : 1]<UL><LI> startup_stm32f411xe.o(RESET)
</UL>
<P><STRONG><a name="[30]"></a>OTG_FS_WKUP_IRQHandler</STRONG> (Thumb, 0 bytes, Stack size 0 bytes, startup_stm32f411xe.o(.text))
<BR>[Address Reference Count : 1]<UL><LI> startup_stm32f411xe.o(RESET)
</UL>
<P><STRONG><a name="[c]"></a>PVD_IRQHandler</STRONG> (Thumb, 0 bytes, Stack size 0 bytes, startup_stm32f411xe.o(.text))
<BR>[Address Reference Count : 1]<UL><LI> startup_stm32f411xe.o(RESET)
</UL>
<P><STRONG><a name="[10]"></a>RCC_IRQHandler</STRONG> (Thumb, 0 bytes, Stack size 0 bytes, startup_stm32f411xe.o(.text))
<BR>[Address Reference Count : 1]<UL><LI> startup_stm32f411xe.o(RESET)
</UL>
<P><STRONG><a name="[2f]"></a>RTC_Alarm_IRQHandler</STRONG> (Thumb, 0 bytes, Stack size 0 bytes, startup_stm32f411xe.o(.text))
<BR>[Address Reference Count : 1]<UL><LI> startup_stm32f411xe.o(RESET)
</UL>
<P><STRONG><a name="[e]"></a>RTC_WKUP_IRQHandler</STRONG> (Thumb, 0 bytes, Stack size 0 bytes, startup_stm32f411xe.o(.text))
<BR>[Address Reference Count : 1]<UL><LI> startup_stm32f411xe.o(RESET)
</UL>
<P><STRONG><a name="[32]"></a>SDIO_IRQHandler</STRONG> (Thumb, 0 bytes, Stack size 0 bytes, startup_stm32f411xe.o(.text))
<BR>[Address Reference Count : 1]<UL><LI> startup_stm32f411xe.o(RESET)
</UL>
<P><STRONG><a name="[2b]"></a>SPI2_IRQHandler</STRONG> (Thumb, 0 bytes, Stack size 0 bytes, startup_stm32f411xe.o(.text))
<BR>[Address Reference Count : 1]<UL><LI> startup_stm32f411xe.o(RESET)
</UL>
<P><STRONG><a name="[34]"></a>SPI3_IRQHandler</STRONG> (Thumb, 0 bytes, Stack size 0 bytes, startup_stm32f411xe.o(.text))
<BR>[Address Reference Count : 1]<UL><LI> startup_stm32f411xe.o(RESET)
</UL>
<P><STRONG><a name="[42]"></a>SPI4_IRQHandler</STRONG> (Thumb, 0 bytes, Stack size 0 bytes, startup_stm32f411xe.o(.text))
<BR>[Address Reference Count : 1]<UL><LI> startup_stm32f411xe.o(RESET)
</UL>
<P><STRONG><a name="[43]"></a>SPI5_IRQHandler</STRONG> (Thumb, 0 bytes, Stack size 0 bytes, startup_stm32f411xe.o(.text))
<BR>[Address Reference Count : 1]<UL><LI> startup_stm32f411xe.o(RESET)
</UL>
<P><STRONG><a name="[d]"></a>TAMP_STAMP_IRQHandler</STRONG> (Thumb, 0 bytes, Stack size 0 bytes, startup_stm32f411xe.o(.text))
<BR>[Address Reference Count : 1]<UL><LI> startup_stm32f411xe.o(RESET)
</UL>
<P><STRONG><a name="[1f]"></a>TIM1_BRK_TIM9_IRQHandler</STRONG> (Thumb, 0 bytes, Stack size 0 bytes, startup_stm32f411xe.o(.text))
<BR>[Address Reference Count : 1]<UL><LI> startup_stm32f411xe.o(RESET)
</UL>
<P><STRONG><a name="[22]"></a>TIM1_CC_IRQHandler</STRONG> (Thumb, 0 bytes, Stack size 0 bytes, startup_stm32f411xe.o(.text))
<BR>[Address Reference Count : 1]<UL><LI> startup_stm32f411xe.o(RESET)
</UL>
<P><STRONG><a name="[21]"></a>TIM1_TRG_COM_TIM11_IRQHandler</STRONG> (Thumb, 0 bytes, Stack size 0 bytes, startup_stm32f411xe.o(.text))
<BR>[Address Reference Count : 1]<UL><LI> startup_stm32f411xe.o(RESET)
</UL>
<P><STRONG><a name="[20]"></a>TIM1_UP_TIM10_IRQHandler</STRONG> (Thumb, 0 bytes, Stack size 0 bytes, startup_stm32f411xe.o(.text))
<BR>[Address Reference Count : 1]<UL><LI> startup_stm32f411xe.o(RESET)
</UL>
<P><STRONG><a name="[23]"></a>TIM2_IRQHandler</STRONG> (Thumb, 0 bytes, Stack size 0 bytes, startup_stm32f411xe.o(.text))
<BR>[Address Reference Count : 1]<UL><LI> startup_stm32f411xe.o(RESET)
</UL>
<P><STRONG><a name="[24]"></a>TIM3_IRQHandler</STRONG> (Thumb, 0 bytes, Stack size 0 bytes, startup_stm32f411xe.o(.text))
<BR>[Address Reference Count : 1]<UL><LI> startup_stm32f411xe.o(RESET)
</UL>
<P><STRONG><a name="[25]"></a>TIM4_IRQHandler</STRONG> (Thumb, 0 bytes, Stack size 0 bytes, startup_stm32f411xe.o(.text))
<BR>[Address Reference Count : 1]<UL><LI> startup_stm32f411xe.o(RESET)
</UL>
<P><STRONG><a name="[33]"></a>TIM5_IRQHandler</STRONG> (Thumb, 0 bytes, Stack size 0 bytes, startup_stm32f411xe.o(.text))
<BR>[Address Reference Count : 1]<UL><LI> startup_stm32f411xe.o(RESET)
</UL>
<P><STRONG><a name="[2c]"></a>USART1_IRQHandler</STRONG> (Thumb, 0 bytes, Stack size 0 bytes, startup_stm32f411xe.o(.text))
<BR>[Address Reference Count : 1]<UL><LI> startup_stm32f411xe.o(RESET)
</UL>
<P><STRONG><a name="[2d]"></a>USART2_IRQHandler</STRONG> (Thumb, 0 bytes, Stack size 0 bytes, startup_stm32f411xe.o(.text))
<BR>[Address Reference Count : 1]<UL><LI> startup_stm32f411xe.o(RESET)
</UL>
<P><STRONG><a name="[3e]"></a>USART6_IRQHandler</STRONG> (Thumb, 0 bytes, Stack size 0 bytes, startup_stm32f411xe.o(.text))
<BR>[Address Reference Count : 1]<UL><LI> startup_stm32f411xe.o(RESET)
</UL>
<P><STRONG><a name="[b]"></a>WWDG_IRQHandler</STRONG> (Thumb, 0 bytes, Stack size 0 bytes, startup_stm32f411xe.o(.text))
<BR>[Address Reference Count : 1]<UL><LI> startup_stm32f411xe.o(RESET)
</UL>
<P><STRONG><a name="[4b]"></a>__aeabi_uldivmod</STRONG> (Thumb, 98 bytes, Stack size 40 bytes, uldiv.o(.text))
<BR><BR>[Stack]<UL><LI>Max Depth = 40<LI>Call Chain = __aeabi_uldivmod
</UL>
<BR>[Calls]<UL><LI><a href="#[4d]">&gt;&gt;</a>&nbsp;&nbsp;&nbsp;__aeabi_llsl
<LI><a href="#[4c]">&gt;&gt;</a>&nbsp;&nbsp;&nbsp;__aeabi_llsr
</UL>
<BR>[Called By]<UL><LI><a href="#[67]">&gt;&gt;</a>&nbsp;&nbsp;&nbsp;HAL_RCC_GetSysClockFreq
<LI><a href="#[73]">&gt;&gt;</a>&nbsp;&nbsp;&nbsp;UART_SetConfig
<LI><a href="#[86]">&gt;&gt;</a>&nbsp;&nbsp;&nbsp;_printf_core
<LI><a href="#[96]">&gt;&gt;</a>&nbsp;&nbsp;&nbsp;_fp_digits
<LI><a href="#[a1]">&gt;&gt;</a>&nbsp;&nbsp;&nbsp;do_div
</UL>

<P><STRONG><a name="[4c]"></a>__aeabi_llsr</STRONG> (Thumb, 32 bytes, Stack size 0 bytes, llushr.o(.text))
<BR><BR>[Called By]<UL><LI><a href="#[53]">&gt;&gt;</a>&nbsp;&nbsp;&nbsp;_double_epilogue
<LI><a href="#[4b]">&gt;&gt;</a>&nbsp;&nbsp;&nbsp;__aeabi_uldivmod
<LI><a href="#[bc]">&gt;&gt;</a>&nbsp;&nbsp;&nbsp;ad9361_rfpll_int_recalc_rate
<LI><a href="#[5b]">&gt;&gt;</a>&nbsp;&nbsp;&nbsp;__aeabi_d2ulz
</UL>

<P><STRONG><a name="[11d]"></a>_ll_ushift_r</STRONG> (Thumb, 0 bytes, Stack size 0 bytes, llushr.o(.text), UNUSED)

<P><STRONG><a name="[10e]"></a>__aeabi_memcpy</STRONG> (Thumb, 36 bytes, Stack size 0 bytes, memcpya.o(.text))
<BR><BR>[Called By]<UL><LI><a href="#[a4]">&gt;&gt;</a>&nbsp;&nbsp;&nbsp;ad9361_spi_writem
</UL>

<P><STRONG><a name="[ad]"></a>__aeabi_memcpy4</STRONG> (Thumb, 0 bytes, Stack size 0 bytes, memcpya.o(.text))
<BR><BR>[Called By]<UL><LI><a href="#[44]">&gt;&gt;</a>&nbsp;&nbsp;&nbsp;main
<LI><a href="#[ac]">&gt;&gt;</a>&nbsp;&nbsp;&nbsp;ad9361_calculate_rf_clock_chain
</UL>

<P><STRONG><a name="[11e]"></a>__aeabi_memcpy8</STRONG> (Thumb, 0 bytes, Stack size 0 bytes, memcpya.o(.text), UNUSED)

<P><STRONG><a name="[4f]"></a>__aeabi_memset</STRONG> (Thumb, 14 bytes, Stack size 0 bytes, memseta.o(.text))
<BR><BR>[Called By]<UL><LI><a href="#[50]">&gt;&gt;</a>&nbsp;&nbsp;&nbsp;_memset$wrapper
<LI><a href="#[4e]">&gt;&gt;</a>&nbsp;&nbsp;&nbsp;__aeabi_memclr
</UL>

<P><STRONG><a name="[11f]"></a>__aeabi_memset4</STRONG> (Thumb, 0 bytes, Stack size 0 bytes, memseta.o(.text), UNUSED)

<P><STRONG><a name="[120]"></a>__aeabi_memset8</STRONG> (Thumb, 0 bytes, Stack size 0 bytes, memseta.o(.text), UNUSED)

<P><STRONG><a name="[4e]"></a>__aeabi_memclr</STRONG> (Thumb, 4 bytes, Stack size 0 bytes, memseta.o(.text))
<BR><BR>[Calls]<UL><LI><a href="#[4f]">&gt;&gt;</a>&nbsp;&nbsp;&nbsp;__aeabi_memset
</UL>
<BR>[Called By]<UL><LI><a href="#[df]">&gt;&gt;</a>&nbsp;&nbsp;&nbsp;zmalloc
</UL>

<P><STRONG><a name="[6e]"></a>__aeabi_memclr4</STRONG> (Thumb, 0 bytes, Stack size 0 bytes, memseta.o(.text))
<BR><BR>[Called By]<UL><LI><a href="#[72]">&gt;&gt;</a>&nbsp;&nbsp;&nbsp;HAL_UART_MspInit
<LI><a href="#[6d]">&gt;&gt;</a>&nbsp;&nbsp;&nbsp;HAL_SPI_MspInit
<LI><a href="#[7b]">&gt;&gt;</a>&nbsp;&nbsp;&nbsp;Soft_SPI_Init
<LI><a href="#[76]">&gt;&gt;</a>&nbsp;&nbsp;&nbsp;MX_GPIO_Init
<LI><a href="#[82]">&gt;&gt;</a>&nbsp;&nbsp;&nbsp;SystemClock_Config
<LI><a href="#[be]">&gt;&gt;</a>&nbsp;&nbsp;&nbsp;ad9361_dig_tune
</UL>

<P><STRONG><a name="[121]"></a>__aeabi_memclr8</STRONG> (Thumb, 0 bytes, Stack size 0 bytes, memseta.o(.text), UNUSED)

<P><STRONG><a name="[50]"></a>_memset$wrapper</STRONG> (Thumb, 18 bytes, Stack size 8 bytes, memseta.o(.text), UNUSED)
<BR><BR>[Calls]<UL><LI><a href="#[4f]">&gt;&gt;</a>&nbsp;&nbsp;&nbsp;__aeabi_memset
</UL>

<P><STRONG><a name="[51]"></a>__aeabi_dadd</STRONG> (Thumb, 322 bytes, Stack size 48 bytes, dadd.o(.text), UNUSED)
<BR><BR>[Calls]<UL><LI><a href="#[52]">&gt;&gt;</a>&nbsp;&nbsp;&nbsp;__aeabi_lasr
<LI><a href="#[4d]">&gt;&gt;</a>&nbsp;&nbsp;&nbsp;__aeabi_llsl
<LI><a href="#[54]">&gt;&gt;</a>&nbsp;&nbsp;&nbsp;_double_round
<LI><a href="#[53]">&gt;&gt;</a>&nbsp;&nbsp;&nbsp;_double_epilogue
</UL>
<BR>[Called By]<UL><LI><a href="#[56]">&gt;&gt;</a>&nbsp;&nbsp;&nbsp;__aeabi_drsub
<LI><a href="#[55]">&gt;&gt;</a>&nbsp;&nbsp;&nbsp;__aeabi_dsub
<LI><a href="#[96]">&gt;&gt;</a>&nbsp;&nbsp;&nbsp;_fp_digits
</UL>

<P><STRONG><a name="[55]"></a>__aeabi_dsub</STRONG> (Thumb, 6 bytes, Stack size 0 bytes, dadd.o(.text), UNUSED)
<BR><BR>[Calls]<UL><LI><a href="#[51]">&gt;&gt;</a>&nbsp;&nbsp;&nbsp;__aeabi_dadd
</UL>

<P><STRONG><a name="[56]"></a>__aeabi_drsub</STRONG> (Thumb, 6 bytes, Stack size 0 bytes, dadd.o(.text), UNUSED)
<BR><BR>[Calls]<UL><LI><a href="#[51]">&gt;&gt;</a>&nbsp;&nbsp;&nbsp;__aeabi_dadd
</UL>

<P><STRONG><a name="[57]"></a>__aeabi_dmul</STRONG> (Thumb, 228 bytes, Stack size 48 bytes, dmul.o(.text), UNUSED)
<BR><BR>[Calls]<UL><LI><a href="#[53]">&gt;&gt;</a>&nbsp;&nbsp;&nbsp;_double_epilogue
</UL>
<BR>[Called By]<UL><LI><a href="#[96]">&gt;&gt;</a>&nbsp;&nbsp;&nbsp;_fp_digits
</UL>

<P><STRONG><a name="[58]"></a>__aeabi_ddiv</STRONG> (Thumb, 222 bytes, Stack size 32 bytes, ddiv.o(.text))
<BR><BR>[Stack]<UL><LI>Max Depth = 40<LI>Call Chain = __aeabi_ddiv &rArr; _double_round
</UL>
<BR>[Calls]<UL><LI><a href="#[54]">&gt;&gt;</a>&nbsp;&nbsp;&nbsp;_double_round
</UL>
<BR>[Called By]<UL><LI><a href="#[44]">&gt;&gt;</a>&nbsp;&nbsp;&nbsp;main
<LI><a href="#[96]">&gt;&gt;</a>&nbsp;&nbsp;&nbsp;_fp_digits
</UL>

<P><STRONG><a name="[59]"></a>__aeabi_ui2d</STRONG> (Thumb, 26 bytes, Stack size 16 bytes, dfltui.o(.text))
<BR><BR>[Stack]<UL><LI>Max Depth = 56<LI>Call Chain = __aeabi_ui2d &rArr; _double_epilogue &rArr; _double_round
</UL>
<BR>[Calls]<UL><LI><a href="#[53]">&gt;&gt;</a>&nbsp;&nbsp;&nbsp;_double_epilogue
</UL>
<BR>[Called By]<UL><LI><a href="#[44]">&gt;&gt;</a>&nbsp;&nbsp;&nbsp;main
</UL>

<P><STRONG><a name="[5a]"></a>__aeabi_ul2d</STRONG> (Thumb, 24 bytes, Stack size 16 bytes, dfltul.o(.text))
<BR><BR>[Stack]<UL><LI>Max Depth = 56<LI>Call Chain = __aeabi_ul2d &rArr; _double_epilogue &rArr; _double_round
</UL>
<BR>[Calls]<UL><LI><a href="#[53]">&gt;&gt;</a>&nbsp;&nbsp;&nbsp;_double_epilogue
</UL>
<BR>[Called By]<UL><LI><a href="#[44]">&gt;&gt;</a>&nbsp;&nbsp;&nbsp;main
</UL>

<P><STRONG><a name="[5b]"></a>__aeabi_d2ulz</STRONG> (Thumb, 48 bytes, Stack size 0 bytes, dfixul.o(.text), UNUSED)
<BR><BR>[Calls]<UL><LI><a href="#[4d]">&gt;&gt;</a>&nbsp;&nbsp;&nbsp;__aeabi_llsl
<LI><a href="#[4c]">&gt;&gt;</a>&nbsp;&nbsp;&nbsp;__aeabi_llsr
</UL>
<BR>[Called By]<UL><LI><a href="#[96]">&gt;&gt;</a>&nbsp;&nbsp;&nbsp;_fp_digits
</UL>

<P><STRONG><a name="[122]"></a>__aeabi_uidiv</STRONG> (Thumb, 0 bytes, Stack size 12 bytes, uidiv.o(.text), UNUSED)

<P><STRONG><a name="[9a]"></a>__aeabi_uidivmod</STRONG> (Thumb, 44 bytes, Stack size 12 bytes, uidiv.o(.text), UNUSED)
<BR><BR>[Called By]<UL><LI><a href="#[86]">&gt;&gt;</a>&nbsp;&nbsp;&nbsp;_printf_core
</UL>

<P><STRONG><a name="[4d]"></a>__aeabi_llsl</STRONG> (Thumb, 30 bytes, Stack size 0 bytes, llshl.o(.text))
<BR><BR>[Called By]<UL><LI><a href="#[53]">&gt;&gt;</a>&nbsp;&nbsp;&nbsp;_double_epilogue
<LI><a href="#[4b]">&gt;&gt;</a>&nbsp;&nbsp;&nbsp;__aeabi_uldivmod
<LI><a href="#[51]">&gt;&gt;</a>&nbsp;&nbsp;&nbsp;__aeabi_dadd
<LI><a href="#[5b]">&gt;&gt;</a>&nbsp;&nbsp;&nbsp;__aeabi_d2ulz
</UL>

<P><STRONG><a name="[123]"></a>_ll_shift_l</STRONG> (Thumb, 0 bytes, Stack size 0 bytes, llshl.o(.text), UNUSED)

<P><STRONG><a name="[52]"></a>__aeabi_lasr</STRONG> (Thumb, 36 bytes, Stack size 0 bytes, llsshr.o(.text), UNUSED)
<BR><BR>[Called By]<UL><LI><a href="#[51]">&gt;&gt;</a>&nbsp;&nbsp;&nbsp;__aeabi_dadd
</UL>

<P><STRONG><a name="[124]"></a>_ll_sshift_r</STRONG> (Thumb, 0 bytes, Stack size 0 bytes, llsshr.o(.text), UNUSED)

<P><STRONG><a name="[125]"></a>__I$use$fp</STRONG> (Thumb, 0 bytes, Stack size 8 bytes, iusefp.o(.text), UNUSED)

<P><STRONG><a name="[54]"></a>_double_round</STRONG> (Thumb, 30 bytes, Stack size 8 bytes, depilogue.o(.text))
<BR><BR>[Stack]<UL><LI>Max Depth = 8<LI>Call Chain = _double_round
</UL>
<BR>[Called By]<UL><LI><a href="#[58]">&gt;&gt;</a>&nbsp;&nbsp;&nbsp;__aeabi_ddiv
<LI><a href="#[53]">&gt;&gt;</a>&nbsp;&nbsp;&nbsp;_double_epilogue
<LI><a href="#[51]">&gt;&gt;</a>&nbsp;&nbsp;&nbsp;__aeabi_dadd
</UL>

<P><STRONG><a name="[53]"></a>_double_epilogue</STRONG> (Thumb, 156 bytes, Stack size 32 bytes, depilogue.o(.text))
<BR><BR>[Stack]<UL><LI>Max Depth = 40<LI>Call Chain = _double_epilogue &rArr; _double_round
</UL>
<BR>[Calls]<UL><LI><a href="#[4d]">&gt;&gt;</a>&nbsp;&nbsp;&nbsp;__aeabi_llsl
<LI><a href="#[54]">&gt;&gt;</a>&nbsp;&nbsp;&nbsp;_double_round
<LI><a href="#[4c]">&gt;&gt;</a>&nbsp;&nbsp;&nbsp;__aeabi_llsr
</UL>
<BR>[Called By]<UL><LI><a href="#[5a]">&gt;&gt;</a>&nbsp;&nbsp;&nbsp;__aeabi_ul2d
<LI><a href="#[59]">&gt;&gt;</a>&nbsp;&nbsp;&nbsp;__aeabi_ui2d
<LI><a href="#[57]">&gt;&gt;</a>&nbsp;&nbsp;&nbsp;__aeabi_dmul
<LI><a href="#[51]">&gt;&gt;</a>&nbsp;&nbsp;&nbsp;__aeabi_dadd
</UL>

<P><STRONG><a name="[97]"></a>__aeabi_cdrcmple</STRONG> (Thumb, 48 bytes, Stack size 0 bytes, cdrcmple.o(.text), UNUSED)
<BR><BR>[Called By]<UL><LI><a href="#[96]">&gt;&gt;</a>&nbsp;&nbsp;&nbsp;_fp_digits
</UL>

<P><STRONG><a name="[4a]"></a>__scatterload</STRONG> (Thumb, 28 bytes, Stack size 0 bytes, init.o(.text))
<BR><BR>[Calls]<UL><LI><a href="#[5c]">&gt;&gt;</a>&nbsp;&nbsp;&nbsp;__main_after_scatterload
</UL>
<BR>[Called By]<UL><LI><a href="#[49]">&gt;&gt;</a>&nbsp;&nbsp;&nbsp;_main_scatterload
</UL>

<P><STRONG><a name="[126]"></a>__scatterload_rt2</STRONG> (Thumb, 0 bytes, Stack size 0 bytes, init.o(.text), UNUSED)

<P><STRONG><a name="[127]"></a>__decompress</STRONG> (Thumb, 0 bytes, Stack size unknown bytes, __dclz77c.o(.text), UNUSED)

<P><STRONG><a name="[128]"></a>__decompress2</STRONG> (Thumb, 94 bytes, Stack size unknown bytes, __dclz77c.o(.text), UNUSED)

<P><STRONG><a name="[5]"></a>BusFault_Handler</STRONG> (Thumb, 2 bytes, Stack size 0 bytes, stm32f4xx_it.o(i.BusFault_Handler))
<BR><BR>[Calls]<UL><LI><a href="#[5]">&gt;&gt;</a>&nbsp;&nbsp;&nbsp;BusFault_Handler
</UL>
<BR>[Called By]<UL><LI><a href="#[5]">&gt;&gt;</a>&nbsp;&nbsp;&nbsp;BusFault_Handler
</UL>
<BR>[Address Reference Count : 1]<UL><LI> startup_stm32f411xe.o(RESET)
</UL>
<P><STRONG><a name="[8]"></a>DebugMon_Handler</STRONG> (Thumb, 2 bytes, Stack size 0 bytes, stm32f4xx_it.o(i.DebugMon_Handler))
<BR>[Address Reference Count : 1]<UL><LI> startup_stm32f411xe.o(RESET)
</UL>
<P><STRONG><a name="[bb]"></a>ERR_PTR</STRONG> (Thumb, 2 bytes, Stack size 0 bytes, util.o(i.ERR_PTR))
<BR><BR>[Called By]<UL><LI><a href="#[b8]">&gt;&gt;</a>&nbsp;&nbsp;&nbsp;ad9361_clk_register
</UL>

<P><STRONG><a name="[79]"></a>Error_Handler</STRONG> (Thumb, 4 bytes, Stack size 0 bytes, main.o(i.Error_Handler))
<BR><BR>[Called By]<UL><LI><a href="#[7a]">&gt;&gt;</a>&nbsp;&nbsp;&nbsp;MX_USART1_UART_Init
<LI><a href="#[78]">&gt;&gt;</a>&nbsp;&nbsp;&nbsp;MX_SPI1_Init
</UL>

<P><STRONG><a name="[6a]"></a>HAL_DMA_Abort_IT</STRONG> (Thumb, 36 bytes, Stack size 0 bytes, stm32f4xx_hal_dma.o(i.HAL_DMA_Abort_IT))
<BR><BR>[Called By]<UL><LI><a href="#[69]">&gt;&gt;</a>&nbsp;&nbsp;&nbsp;HAL_SPI_IRQHandler
</UL>

<P><STRONG><a name="[5d]"></a>HAL_Delay</STRONG> (Thumb, 32 bytes, Stack size 16 bytes, stm32f4xx_hal.o(i.HAL_Delay))
<BR><BR>[Stack]<UL><LI>Max Depth = 16<LI>Call Chain = HAL_Delay
</UL>
<BR>[Calls]<UL><LI><a href="#[5e]">&gt;&gt;</a>&nbsp;&nbsp;&nbsp;HAL_GetTick
</UL>
<BR>[Called By]<UL><LI><a href="#[44]">&gt;&gt;</a>&nbsp;&nbsp;&nbsp;main
<LI><a href="#[c5]">&gt;&gt;</a>&nbsp;&nbsp;&nbsp;mdelay
</UL>

<P><STRONG><a name="[6f]"></a>HAL_GPIO_Init</STRONG> (Thumb, 446 bytes, Stack size 40 bytes, stm32f4xx_hal_gpio.o(i.HAL_GPIO_Init))
<BR><BR>[Stack]<UL><LI>Max Depth = 40<LI>Call Chain = HAL_GPIO_Init
</UL>
<BR>[Called By]<UL><LI><a href="#[72]">&gt;&gt;</a>&nbsp;&nbsp;&nbsp;HAL_UART_MspInit
<LI><a href="#[6d]">&gt;&gt;</a>&nbsp;&nbsp;&nbsp;HAL_SPI_MspInit
<LI><a href="#[7b]">&gt;&gt;</a>&nbsp;&nbsp;&nbsp;Soft_SPI_Init
<LI><a href="#[76]">&gt;&gt;</a>&nbsp;&nbsp;&nbsp;MX_GPIO_Init
</UL>

<P><STRONG><a name="[80]"></a>HAL_GPIO_ReadPin</STRONG> (Thumb, 10 bytes, Stack size 0 bytes, stm32f4xx_hal_gpio.o(i.HAL_GPIO_ReadPin))
<BR><BR>[Called By]<UL><LI><a href="#[7d]">&gt;&gt;</a>&nbsp;&nbsp;&nbsp;Soft_SPI_TransferByte
</UL>

<P><STRONG><a name="[115]"></a>HAL_GPIO_TogglePin</STRONG> (Thumb, 16 bytes, Stack size 0 bytes, stm32f4xx_hal_gpio.o(i.HAL_GPIO_TogglePin))
<BR><BR>[Called By]<UL><LI><a href="#[44]">&gt;&gt;</a>&nbsp;&nbsp;&nbsp;main
</UL>

<P><STRONG><a name="[77]"></a>HAL_GPIO_WritePin</STRONG> (Thumb, 10 bytes, Stack size 0 bytes, stm32f4xx_hal_gpio.o(i.HAL_GPIO_WritePin))
<BR><BR>[Called By]<UL><LI><a href="#[7b]">&gt;&gt;</a>&nbsp;&nbsp;&nbsp;Soft_SPI_Init
<LI><a href="#[76]">&gt;&gt;</a>&nbsp;&nbsp;&nbsp;MX_GPIO_Init
<LI><a href="#[44]">&gt;&gt;</a>&nbsp;&nbsp;&nbsp;main
<LI><a href="#[7d]">&gt;&gt;</a>&nbsp;&nbsp;&nbsp;Soft_SPI_TransferByte
<LI><a href="#[10d]">&gt;&gt;</a>&nbsp;&nbsp;&nbsp;spi_write_then_read
<LI><a href="#[7e]">&gt;&gt;</a>&nbsp;&nbsp;&nbsp;Soft_SPI_TransferBuffer
<LI><a href="#[7c]">&gt;&gt;</a>&nbsp;&nbsp;&nbsp;Soft_SPI_ReadBuffer
<LI><a href="#[114]">&gt;&gt;</a>&nbsp;&nbsp;&nbsp;gpio_data
</UL>

<P><STRONG><a name="[5e]"></a>HAL_GetTick</STRONG> (Thumb, 6 bytes, Stack size 0 bytes, stm32f4xx_hal.o(i.HAL_GetTick))
<BR><BR>[Called By]<UL><LI><a href="#[74]">&gt;&gt;</a>&nbsp;&nbsp;&nbsp;HAL_UART_Transmit
<LI><a href="#[68]">&gt;&gt;</a>&nbsp;&nbsp;&nbsp;HAL_RCC_OscConfig
<LI><a href="#[66]">&gt;&gt;</a>&nbsp;&nbsp;&nbsp;HAL_RCC_ClockConfig
<LI><a href="#[5d]">&gt;&gt;</a>&nbsp;&nbsp;&nbsp;HAL_Delay
<LI><a href="#[75]">&gt;&gt;</a>&nbsp;&nbsp;&nbsp;UART_WaitOnFlagUntilTimeout
</UL>

<P><STRONG><a name="[81]"></a>HAL_IncTick</STRONG> (Thumb, 12 bytes, Stack size 0 bytes, stm32f4xx_hal.o(i.HAL_IncTick))
<BR><BR>[Called By]<UL><LI><a href="#[a]">&gt;&gt;</a>&nbsp;&nbsp;&nbsp;SysTick_Handler
</UL>

<P><STRONG><a name="[5f]"></a>HAL_Init</STRONG> (Thumb, 48 bytes, Stack size 8 bytes, stm32f4xx_hal.o(i.HAL_Init))
<BR><BR>[Stack]<UL><LI>Max Depth = 40<LI>Call Chain = HAL_Init &rArr; HAL_InitTick &rArr; HAL_NVIC_SetPriority
</UL>
<BR>[Calls]<UL><LI><a href="#[62]">&gt;&gt;</a>&nbsp;&nbsp;&nbsp;HAL_MspInit
<LI><a href="#[61]">&gt;&gt;</a>&nbsp;&nbsp;&nbsp;HAL_InitTick
<LI><a href="#[60]">&gt;&gt;</a>&nbsp;&nbsp;&nbsp;HAL_NVIC_SetPriorityGrouping
</UL>
<BR>[Called By]<UL><LI><a href="#[44]">&gt;&gt;</a>&nbsp;&nbsp;&nbsp;main
</UL>

<P><STRONG><a name="[61]"></a>HAL_InitTick</STRONG> (Thumb, 54 bytes, Stack size 16 bytes, stm32f4xx_hal.o(i.HAL_InitTick))
<BR><BR>[Stack]<UL><LI>Max Depth = 32<LI>Call Chain = HAL_InitTick &rArr; HAL_NVIC_SetPriority
</UL>
<BR>[Calls]<UL><LI><a href="#[64]">&gt;&gt;</a>&nbsp;&nbsp;&nbsp;HAL_NVIC_SetPriority
<LI><a href="#[63]">&gt;&gt;</a>&nbsp;&nbsp;&nbsp;HAL_SYSTICK_Config
</UL>
<BR>[Called By]<UL><LI><a href="#[66]">&gt;&gt;</a>&nbsp;&nbsp;&nbsp;HAL_RCC_ClockConfig
<LI><a href="#[5f]">&gt;&gt;</a>&nbsp;&nbsp;&nbsp;HAL_Init
</UL>

<P><STRONG><a name="[62]"></a>HAL_MspInit</STRONG> (Thumb, 42 bytes, Stack size 8 bytes, stm32f4xx_hal_msp.o(i.HAL_MspInit))
<BR><BR>[Stack]<UL><LI>Max Depth = 8<LI>Call Chain = HAL_MspInit
</UL>
<BR>[Called By]<UL><LI><a href="#[5f]">&gt;&gt;</a>&nbsp;&nbsp;&nbsp;HAL_Init
</UL>

<P><STRONG><a name="[70]"></a>HAL_NVIC_EnableIRQ</STRONG> (Thumb, 26 bytes, Stack size 0 bytes, stm32f4xx_hal_cortex.o(i.HAL_NVIC_EnableIRQ))
<BR><BR>[Called By]<UL><LI><a href="#[6d]">&gt;&gt;</a>&nbsp;&nbsp;&nbsp;HAL_SPI_MspInit
</UL>

<P><STRONG><a name="[64]"></a>HAL_NVIC_SetPriority</STRONG> (Thumb, 60 bytes, Stack size 16 bytes, stm32f4xx_hal_cortex.o(i.HAL_NVIC_SetPriority))
<BR><BR>[Stack]<UL><LI>Max Depth = 16<LI>Call Chain = HAL_NVIC_SetPriority
</UL>
<BR>[Calls]<UL><LI><a href="#[65]">&gt;&gt;</a>&nbsp;&nbsp;&nbsp;__NVIC_SetPriority
</UL>
<BR>[Called By]<UL><LI><a href="#[6d]">&gt;&gt;</a>&nbsp;&nbsp;&nbsp;HAL_SPI_MspInit
<LI><a href="#[61]">&gt;&gt;</a>&nbsp;&nbsp;&nbsp;HAL_InitTick
</UL>

<P><STRONG><a name="[60]"></a>HAL_NVIC_SetPriorityGrouping</STRONG> (Thumb, 26 bytes, Stack size 0 bytes, stm32f4xx_hal_cortex.o(i.HAL_NVIC_SetPriorityGrouping))
<BR><BR>[Called By]<UL><LI><a href="#[5f]">&gt;&gt;</a>&nbsp;&nbsp;&nbsp;HAL_Init
</UL>

<P><STRONG><a name="[66]"></a>HAL_RCC_ClockConfig</STRONG> (Thumb, 288 bytes, Stack size 32 bytes, stm32f4xx_hal_rcc.o(i.HAL_RCC_ClockConfig))
<BR><BR>[Stack]<UL><LI>Max Depth = 80<LI>Call Chain = HAL_RCC_ClockConfig &rArr; HAL_RCC_GetSysClockFreq &rArr; __aeabi_uldivmod
</UL>
<BR>[Calls]<UL><LI><a href="#[67]">&gt;&gt;</a>&nbsp;&nbsp;&nbsp;HAL_RCC_GetSysClockFreq
<LI><a href="#[61]">&gt;&gt;</a>&nbsp;&nbsp;&nbsp;HAL_InitTick
<LI><a href="#[5e]">&gt;&gt;</a>&nbsp;&nbsp;&nbsp;HAL_GetTick
</UL>
<BR>[Called By]<UL><LI><a href="#[82]">&gt;&gt;</a>&nbsp;&nbsp;&nbsp;SystemClock_Config
</UL>

<P><STRONG><a name="[84]"></a>HAL_RCC_GetPCLK1Freq</STRONG> (Thumb, 20 bytes, Stack size 0 bytes, stm32f4xx_hal_rcc.o(i.HAL_RCC_GetPCLK1Freq))
<BR><BR>[Called By]<UL><LI><a href="#[73]">&gt;&gt;</a>&nbsp;&nbsp;&nbsp;UART_SetConfig
</UL>

<P><STRONG><a name="[83]"></a>HAL_RCC_GetPCLK2Freq</STRONG> (Thumb, 20 bytes, Stack size 0 bytes, stm32f4xx_hal_rcc.o(i.HAL_RCC_GetPCLK2Freq))
<BR><BR>[Called By]<UL><LI><a href="#[73]">&gt;&gt;</a>&nbsp;&nbsp;&nbsp;UART_SetConfig
</UL>

<P><STRONG><a name="[67]"></a>HAL_RCC_GetSysClockFreq</STRONG> (Thumb, 88 bytes, Stack size 8 bytes, stm32f4xx_hal_rcc.o(i.HAL_RCC_GetSysClockFreq))
<BR><BR>[Stack]<UL><LI>Max Depth = 48<LI>Call Chain = HAL_RCC_GetSysClockFreq &rArr; __aeabi_uldivmod
</UL>
<BR>[Calls]<UL><LI><a href="#[4b]">&gt;&gt;</a>&nbsp;&nbsp;&nbsp;__aeabi_uldivmod
</UL>
<BR>[Called By]<UL><LI><a href="#[66]">&gt;&gt;</a>&nbsp;&nbsp;&nbsp;HAL_RCC_ClockConfig
</UL>

<P><STRONG><a name="[68]"></a>HAL_RCC_OscConfig</STRONG> (Thumb, 856 bytes, Stack size 40 bytes, stm32f4xx_hal_rcc.o(i.HAL_RCC_OscConfig))
<BR><BR>[Stack]<UL><LI>Max Depth = 40<LI>Call Chain = HAL_RCC_OscConfig
</UL>
<BR>[Calls]<UL><LI><a href="#[5e]">&gt;&gt;</a>&nbsp;&nbsp;&nbsp;HAL_GetTick
</UL>
<BR>[Called By]<UL><LI><a href="#[82]">&gt;&gt;</a>&nbsp;&nbsp;&nbsp;SystemClock_Config
</UL>

<P><STRONG><a name="[6b]"></a>HAL_SPI_ErrorCallback</STRONG> (Thumb, 2 bytes, Stack size 0 bytes, stm32f4xx_hal_spi.o(i.HAL_SPI_ErrorCallback))
<BR><BR>[Called By]<UL><LI><a href="#[47]">&gt;&gt;</a>&nbsp;&nbsp;&nbsp;SPI_DMAAbortOnError
<LI><a href="#[69]">&gt;&gt;</a>&nbsp;&nbsp;&nbsp;HAL_SPI_IRQHandler
</UL>

<P><STRONG><a name="[69]"></a>HAL_SPI_IRQHandler</STRONG> (Thumb, 246 bytes, Stack size 16 bytes, stm32f4xx_hal_spi.o(i.HAL_SPI_IRQHandler))
<BR><BR>[Stack]<UL><LI>Max Depth = 16<LI>Call Chain = HAL_SPI_IRQHandler
</UL>
<BR>[Calls]<UL><LI><a href="#[6b]">&gt;&gt;</a>&nbsp;&nbsp;&nbsp;HAL_SPI_ErrorCallback
<LI><a href="#[6a]">&gt;&gt;</a>&nbsp;&nbsp;&nbsp;HAL_DMA_Abort_IT
</UL>
<BR>[Called By]<UL><LI><a href="#[2a]">&gt;&gt;</a>&nbsp;&nbsp;&nbsp;SPI1_IRQHandler
</UL>

<P><STRONG><a name="[6c]"></a>HAL_SPI_Init</STRONG> (Thumb, 188 bytes, Stack size 16 bytes, stm32f4xx_hal_spi.o(i.HAL_SPI_Init))
<BR><BR>[Stack]<UL><LI>Max Depth = 88<LI>Call Chain = HAL_SPI_Init &rArr; HAL_SPI_MspInit &rArr; HAL_GPIO_Init
</UL>
<BR>[Calls]<UL><LI><a href="#[6d]">&gt;&gt;</a>&nbsp;&nbsp;&nbsp;HAL_SPI_MspInit
</UL>
<BR>[Called By]<UL><LI><a href="#[78]">&gt;&gt;</a>&nbsp;&nbsp;&nbsp;MX_SPI1_Init
</UL>

<P><STRONG><a name="[6d]"></a>HAL_SPI_MspInit</STRONG> (Thumb, 108 bytes, Stack size 32 bytes, spi.o(i.HAL_SPI_MspInit))
<BR><BR>[Stack]<UL><LI>Max Depth = 72<LI>Call Chain = HAL_SPI_MspInit &rArr; HAL_GPIO_Init
</UL>
<BR>[Calls]<UL><LI><a href="#[64]">&gt;&gt;</a>&nbsp;&nbsp;&nbsp;HAL_NVIC_SetPriority
<LI><a href="#[70]">&gt;&gt;</a>&nbsp;&nbsp;&nbsp;HAL_NVIC_EnableIRQ
<LI><a href="#[6f]">&gt;&gt;</a>&nbsp;&nbsp;&nbsp;HAL_GPIO_Init
<LI><a href="#[6e]">&gt;&gt;</a>&nbsp;&nbsp;&nbsp;__aeabi_memclr4
</UL>
<BR>[Called By]<UL><LI><a href="#[6c]">&gt;&gt;</a>&nbsp;&nbsp;&nbsp;HAL_SPI_Init
</UL>

<P><STRONG><a name="[63]"></a>HAL_SYSTICK_Config</STRONG> (Thumb, 40 bytes, Stack size 8 bytes, stm32f4xx_hal_cortex.o(i.HAL_SYSTICK_Config))
<BR><BR>[Stack]<UL><LI>Max Depth = 8<LI>Call Chain = HAL_SYSTICK_Config
</UL>
<BR>[Calls]<UL><LI><a href="#[65]">&gt;&gt;</a>&nbsp;&nbsp;&nbsp;__NVIC_SetPriority
</UL>
<BR>[Called By]<UL><LI><a href="#[61]">&gt;&gt;</a>&nbsp;&nbsp;&nbsp;HAL_InitTick
</UL>

<P><STRONG><a name="[71]"></a>HAL_UART_Init</STRONG> (Thumb, 98 bytes, Stack size 16 bytes, stm32f4xx_hal_uart.o(i.HAL_UART_Init))
<BR><BR>[Stack]<UL><LI>Max Depth = 88<LI>Call Chain = HAL_UART_Init &rArr; HAL_UART_MspInit &rArr; HAL_GPIO_Init
</UL>
<BR>[Calls]<UL><LI><a href="#[72]">&gt;&gt;</a>&nbsp;&nbsp;&nbsp;HAL_UART_MspInit
<LI><a href="#[73]">&gt;&gt;</a>&nbsp;&nbsp;&nbsp;UART_SetConfig
</UL>
<BR>[Called By]<UL><LI><a href="#[7a]">&gt;&gt;</a>&nbsp;&nbsp;&nbsp;MX_USART1_UART_Init
</UL>

<P><STRONG><a name="[72]"></a>HAL_UART_MspInit</STRONG> (Thumb, 92 bytes, Stack size 32 bytes, usart.o(i.HAL_UART_MspInit))
<BR><BR>[Stack]<UL><LI>Max Depth = 72<LI>Call Chain = HAL_UART_MspInit &rArr; HAL_GPIO_Init
</UL>
<BR>[Calls]<UL><LI><a href="#[6f]">&gt;&gt;</a>&nbsp;&nbsp;&nbsp;HAL_GPIO_Init
<LI><a href="#[6e]">&gt;&gt;</a>&nbsp;&nbsp;&nbsp;__aeabi_memclr4
</UL>
<BR>[Called By]<UL><LI><a href="#[71]">&gt;&gt;</a>&nbsp;&nbsp;&nbsp;HAL_UART_Init
</UL>

<P><STRONG><a name="[74]"></a>HAL_UART_Transmit</STRONG> (Thumb, 178 bytes, Stack size 32 bytes, stm32f4xx_hal_uart.o(i.HAL_UART_Transmit))
<BR><BR>[Stack]<UL><LI>Max Depth = 56<LI>Call Chain = HAL_UART_Transmit &rArr; UART_WaitOnFlagUntilTimeout
</UL>
<BR>[Calls]<UL><LI><a href="#[5e]">&gt;&gt;</a>&nbsp;&nbsp;&nbsp;HAL_GetTick
<LI><a href="#[75]">&gt;&gt;</a>&nbsp;&nbsp;&nbsp;UART_WaitOnFlagUntilTimeout
</UL>
<BR>[Called By]<UL><LI><a href="#[48]">&gt;&gt;</a>&nbsp;&nbsp;&nbsp;fputc
</UL>

<P><STRONG><a name="[3]"></a>HardFault_Handler</STRONG> (Thumb, 2 bytes, Stack size 0 bytes, stm32f4xx_it.o(i.HardFault_Handler))
<BR><BR>[Calls]<UL><LI><a href="#[3]">&gt;&gt;</a>&nbsp;&nbsp;&nbsp;HardFault_Handler
</UL>
<BR>[Called By]<UL><LI><a href="#[3]">&gt;&gt;</a>&nbsp;&nbsp;&nbsp;HardFault_Handler
</UL>
<BR>[Address Reference Count : 1]<UL><LI> startup_stm32f411xe.o(RESET)
</UL>
<P><STRONG><a name="[76]"></a>MX_GPIO_Init</STRONG> (Thumb, 174 bytes, Stack size 48 bytes, gpio.o(i.MX_GPIO_Init))
<BR><BR>[Stack]<UL><LI>Max Depth = 88<LI>Call Chain = MX_GPIO_Init &rArr; HAL_GPIO_Init
</UL>
<BR>[Calls]<UL><LI><a href="#[6f]">&gt;&gt;</a>&nbsp;&nbsp;&nbsp;HAL_GPIO_Init
<LI><a href="#[77]">&gt;&gt;</a>&nbsp;&nbsp;&nbsp;HAL_GPIO_WritePin
<LI><a href="#[6e]">&gt;&gt;</a>&nbsp;&nbsp;&nbsp;__aeabi_memclr4
</UL>
<BR>[Called By]<UL><LI><a href="#[44]">&gt;&gt;</a>&nbsp;&nbsp;&nbsp;main
</UL>

<P><STRONG><a name="[78]"></a>MX_SPI1_Init</STRONG> (Thumb, 60 bytes, Stack size 8 bytes, spi.o(i.MX_SPI1_Init))
<BR><BR>[Stack]<UL><LI>Max Depth = 96<LI>Call Chain = MX_SPI1_Init &rArr; HAL_SPI_Init &rArr; HAL_SPI_MspInit &rArr; HAL_GPIO_Init
</UL>
<BR>[Calls]<UL><LI><a href="#[6c]">&gt;&gt;</a>&nbsp;&nbsp;&nbsp;HAL_SPI_Init
<LI><a href="#[79]">&gt;&gt;</a>&nbsp;&nbsp;&nbsp;Error_Handler
</UL>
<BR>[Called By]<UL><LI><a href="#[44]">&gt;&gt;</a>&nbsp;&nbsp;&nbsp;main
</UL>

<P><STRONG><a name="[7a]"></a>MX_USART1_UART_Init</STRONG> (Thumb, 48 bytes, Stack size 8 bytes, usart.o(i.MX_USART1_UART_Init))
<BR><BR>[Stack]<UL><LI>Max Depth = 96<LI>Call Chain = MX_USART1_UART_Init &rArr; HAL_UART_Init &rArr; HAL_UART_MspInit &rArr; HAL_GPIO_Init
</UL>
<BR>[Calls]<UL><LI><a href="#[71]">&gt;&gt;</a>&nbsp;&nbsp;&nbsp;HAL_UART_Init
<LI><a href="#[79]">&gt;&gt;</a>&nbsp;&nbsp;&nbsp;Error_Handler
</UL>
<BR>[Called By]<UL><LI><a href="#[44]">&gt;&gt;</a>&nbsp;&nbsp;&nbsp;main
</UL>

<P><STRONG><a name="[4]"></a>MemManage_Handler</STRONG> (Thumb, 2 bytes, Stack size 0 bytes, stm32f4xx_it.o(i.MemManage_Handler))
<BR><BR>[Calls]<UL><LI><a href="#[4]">&gt;&gt;</a>&nbsp;&nbsp;&nbsp;MemManage_Handler
</UL>
<BR>[Called By]<UL><LI><a href="#[4]">&gt;&gt;</a>&nbsp;&nbsp;&nbsp;MemManage_Handler
</UL>
<BR>[Address Reference Count : 1]<UL><LI> startup_stm32f411xe.o(RESET)
</UL>
<P><STRONG><a name="[2]"></a>NMI_Handler</STRONG> (Thumb, 2 bytes, Stack size 0 bytes, stm32f4xx_it.o(i.NMI_Handler))
<BR><BR>[Calls]<UL><LI><a href="#[2]">&gt;&gt;</a>&nbsp;&nbsp;&nbsp;NMI_Handler
</UL>
<BR>[Called By]<UL><LI><a href="#[2]">&gt;&gt;</a>&nbsp;&nbsp;&nbsp;NMI_Handler
</UL>
<BR>[Address Reference Count : 1]<UL><LI> startup_stm32f411xe.o(RESET)
</UL>
<P><STRONG><a name="[9]"></a>PendSV_Handler</STRONG> (Thumb, 2 bytes, Stack size 0 bytes, stm32f4xx_it.o(i.PendSV_Handler))
<BR>[Address Reference Count : 1]<UL><LI> startup_stm32f411xe.o(RESET)
</UL>
<P><STRONG><a name="[2a]"></a>SPI1_IRQHandler</STRONG> (Thumb, 6 bytes, Stack size 0 bytes, stm32f4xx_it.o(i.SPI1_IRQHandler))
<BR><BR>[Stack]<UL><LI>Max Depth = 16<LI>Call Chain = SPI1_IRQHandler &rArr; HAL_SPI_IRQHandler
</UL>
<BR>[Calls]<UL><LI><a href="#[69]">&gt;&gt;</a>&nbsp;&nbsp;&nbsp;HAL_SPI_IRQHandler
</UL>
<BR>[Address Reference Count : 1]<UL><LI> startup_stm32f411xe.o(RESET)
</UL>
<P><STRONG><a name="[7]"></a>SVC_Handler</STRONG> (Thumb, 2 bytes, Stack size 0 bytes, stm32f4xx_it.o(i.SVC_Handler))
<BR>[Address Reference Count : 1]<UL><LI> startup_stm32f411xe.o(RESET)
</UL>
<P><STRONG><a name="[7b]"></a>Soft_SPI_Init</STRONG> (Thumb, 194 bytes, Stack size 56 bytes, softspi.o(i.Soft_SPI_Init))
<BR><BR>[Stack]<UL><LI>Max Depth = 96<LI>Call Chain = Soft_SPI_Init &rArr; HAL_GPIO_Init
</UL>
<BR>[Calls]<UL><LI><a href="#[6f]">&gt;&gt;</a>&nbsp;&nbsp;&nbsp;HAL_GPIO_Init
<LI><a href="#[77]">&gt;&gt;</a>&nbsp;&nbsp;&nbsp;HAL_GPIO_WritePin
<LI><a href="#[6e]">&gt;&gt;</a>&nbsp;&nbsp;&nbsp;__aeabi_memclr4
</UL>
<BR>[Called By]<UL><LI><a href="#[44]">&gt;&gt;</a>&nbsp;&nbsp;&nbsp;main
</UL>

<P><STRONG><a name="[7c]"></a>Soft_SPI_ReadBuffer</STRONG> (Thumb, 60 bytes, Stack size 24 bytes, softspi.o(i.Soft_SPI_ReadBuffer))
<BR><BR>[Stack]<UL><LI>Max Depth = 72<LI>Call Chain = Soft_SPI_ReadBuffer &rArr; Soft_SPI_TransferByte &rArr; Soft_SPI_Delay
</UL>
<BR>[Calls]<UL><LI><a href="#[77]">&gt;&gt;</a>&nbsp;&nbsp;&nbsp;HAL_GPIO_WritePin
<LI><a href="#[7d]">&gt;&gt;</a>&nbsp;&nbsp;&nbsp;Soft_SPI_TransferByte
</UL>
<BR>[Called By]<UL><LI><a href="#[10d]">&gt;&gt;</a>&nbsp;&nbsp;&nbsp;spi_write_then_read
</UL>

<P><STRONG><a name="[7e]"></a>Soft_SPI_TransferBuffer</STRONG> (Thumb, 64 bytes, Stack size 32 bytes, softspi.o(i.Soft_SPI_TransferBuffer))
<BR><BR>[Stack]<UL><LI>Max Depth = 80<LI>Call Chain = Soft_SPI_TransferBuffer &rArr; Soft_SPI_TransferByte &rArr; Soft_SPI_Delay
</UL>
<BR>[Calls]<UL><LI><a href="#[77]">&gt;&gt;</a>&nbsp;&nbsp;&nbsp;HAL_GPIO_WritePin
<LI><a href="#[7d]">&gt;&gt;</a>&nbsp;&nbsp;&nbsp;Soft_SPI_TransferByte
</UL>
<BR>[Called By]<UL><LI><a href="#[10d]">&gt;&gt;</a>&nbsp;&nbsp;&nbsp;spi_write_then_read
</UL>

<P><STRONG><a name="[7d]"></a>Soft_SPI_TransferByte</STRONG> (Thumb, 222 bytes, Stack size 40 bytes, softspi.o(i.Soft_SPI_TransferByte))
<BR><BR>[Stack]<UL><LI>Max Depth = 48<LI>Call Chain = Soft_SPI_TransferByte &rArr; Soft_SPI_Delay
</UL>
<BR>[Calls]<UL><LI><a href="#[77]">&gt;&gt;</a>&nbsp;&nbsp;&nbsp;HAL_GPIO_WritePin
<LI><a href="#[80]">&gt;&gt;</a>&nbsp;&nbsp;&nbsp;HAL_GPIO_ReadPin
<LI><a href="#[7f]">&gt;&gt;</a>&nbsp;&nbsp;&nbsp;Soft_SPI_Delay
</UL>
<BR>[Called By]<UL><LI><a href="#[7e]">&gt;&gt;</a>&nbsp;&nbsp;&nbsp;Soft_SPI_TransferBuffer
<LI><a href="#[7c]">&gt;&gt;</a>&nbsp;&nbsp;&nbsp;Soft_SPI_ReadBuffer
</UL>

<P><STRONG><a name="[a]"></a>SysTick_Handler</STRONG> (Thumb, 4 bytes, Stack size 0 bytes, stm32f4xx_it.o(i.SysTick_Handler))
<BR><BR>[Calls]<UL><LI><a href="#[81]">&gt;&gt;</a>&nbsp;&nbsp;&nbsp;HAL_IncTick
</UL>
<BR>[Address Reference Count : 1]<UL><LI> startup_stm32f411xe.o(RESET)
</UL>
<P><STRONG><a name="[82]"></a>SystemClock_Config</STRONG> (Thumb, 136 bytes, Stack size 88 bytes, main.o(i.SystemClock_Config))
<BR><BR>[Stack]<UL><LI>Max Depth = 168<LI>Call Chain = SystemClock_Config &rArr; HAL_RCC_ClockConfig &rArr; HAL_RCC_GetSysClockFreq &rArr; __aeabi_uldivmod
</UL>
<BR>[Calls]<UL><LI><a href="#[68]">&gt;&gt;</a>&nbsp;&nbsp;&nbsp;HAL_RCC_OscConfig
<LI><a href="#[66]">&gt;&gt;</a>&nbsp;&nbsp;&nbsp;HAL_RCC_ClockConfig
<LI><a href="#[6e]">&gt;&gt;</a>&nbsp;&nbsp;&nbsp;__aeabi_memclr4
</UL>
<BR>[Called By]<UL><LI><a href="#[44]">&gt;&gt;</a>&nbsp;&nbsp;&nbsp;main
</UL>

<P><STRONG><a name="[45]"></a>SystemInit</STRONG> (Thumb, 12 bytes, Stack size 0 bytes, system_stm32f4xx.o(i.SystemInit))
<BR>[Address Reference Count : 1]<UL><LI> startup_stm32f411xe.o(.text)
</UL>
<P><STRONG><a name="[6]"></a>UsageFault_Handler</STRONG> (Thumb, 2 bytes, Stack size 0 bytes, stm32f4xx_it.o(i.UsageFault_Handler))
<BR><BR>[Calls]<UL><LI><a href="#[6]">&gt;&gt;</a>&nbsp;&nbsp;&nbsp;UsageFault_Handler
</UL>
<BR>[Called By]<UL><LI><a href="#[6]">&gt;&gt;</a>&nbsp;&nbsp;&nbsp;UsageFault_Handler
</UL>
<BR>[Address Reference Count : 1]<UL><LI> startup_stm32f411xe.o(RESET)
</UL>
<P><STRONG><a name="[85]"></a>__0printf</STRONG> (Thumb, 22 bytes, Stack size 24 bytes, printfa.o(i.__0printf), UNUSED)
<BR><BR>[Calls]<UL><LI><a href="#[86]">&gt;&gt;</a>&nbsp;&nbsp;&nbsp;_printf_core
</UL>

<P><STRONG><a name="[129]"></a>__1printf</STRONG> (Thumb, 0 bytes, Stack size 24 bytes, printfa.o(i.__0printf), UNUSED)

<P><STRONG><a name="[8f]"></a>__2printf</STRONG> (Thumb, 0 bytes, Stack size 24 bytes, printfa.o(i.__0printf))
<BR><BR>[Stack]<UL><LI>Max Depth = 24<LI>Call Chain = __2printf
</UL>
<BR>[Called By]<UL><LI><a href="#[104]">&gt;&gt;</a>&nbsp;&nbsp;&nbsp;ad9361_set_tx_attenuation
<LI><a href="#[de]">&gt;&gt;</a>&nbsp;&nbsp;&nbsp;ad9361_init
<LI><a href="#[44]">&gt;&gt;</a>&nbsp;&nbsp;&nbsp;main
<LI><a href="#[101]">&gt;&gt;</a>&nbsp;&nbsp;&nbsp;ad9361_validate_trx_clock_chain
<LI><a href="#[10b]">&gt;&gt;</a>&nbsp;&nbsp;&nbsp;ad9361_txrx_synth_cp_calib
<LI><a href="#[10c]">&gt;&gt;</a>&nbsp;&nbsp;&nbsp;ad9361_txmon_setup
<LI><a href="#[f2]">&gt;&gt;</a>&nbsp;&nbsp;&nbsp;ad9361_txmon_control
<LI><a href="#[10f]">&gt;&gt;</a>&nbsp;&nbsp;&nbsp;ad9361_tx_quad_phase_search
<LI><a href="#[cd]">&gt;&gt;</a>&nbsp;&nbsp;&nbsp;ad9361_tx_quad_calib
<LI><a href="#[94]">&gt;&gt;</a>&nbsp;&nbsp;&nbsp;ad9361_tx_bb_second_filter_calib
<LI><a href="#[92]">&gt;&gt;</a>&nbsp;&nbsp;&nbsp;ad9361_tx_bb_analog_filter_calib
<LI><a href="#[d3]">&gt;&gt;</a>&nbsp;&nbsp;&nbsp;ad9361_trx_vco_cal_control
<LI><a href="#[b6]">&gt;&gt;</a>&nbsp;&nbsp;&nbsp;ad9361_trx_ext_lo_control
<LI><a href="#[a4]">&gt;&gt;</a>&nbsp;&nbsp;&nbsp;ad9361_spi_writem
<LI><a href="#[93]">&gt;&gt;</a>&nbsp;&nbsp;&nbsp;ad9361_rx_tia_calib
<LI><a href="#[91]">&gt;&gt;</a>&nbsp;&nbsp;&nbsp;ad9361_rx_bb_analog_filter_calib
<LI><a href="#[95]">&gt;&gt;</a>&nbsp;&nbsp;&nbsp;ad9361_rx_adc_setup
<LI><a href="#[8c]">&gt;&gt;</a>&nbsp;&nbsp;&nbsp;ad9361_run_calibration
<LI><a href="#[fb]">&gt;&gt;</a>&nbsp;&nbsp;&nbsp;ad9361_rssi_setup
<LI><a href="#[f6]">&gt;&gt;</a>&nbsp;&nbsp;&nbsp;ad9361_rfpll_vco_init
<LI><a href="#[cf]">&gt;&gt;</a>&nbsp;&nbsp;&nbsp;ad9361_rf_dc_offset_calib
<LI><a href="#[ee]">&gt;&gt;</a>&nbsp;&nbsp;&nbsp;ad9361_pp_port_setup
<LI><a href="#[eb]">&gt;&gt;</a>&nbsp;&nbsp;&nbsp;ad9361_load_mixer_gm_subtable
<LI><a href="#[e9]">&gt;&gt;</a>&nbsp;&nbsp;&nbsp;ad9361_load_gt
<LI><a href="#[dd]">&gt;&gt;</a>&nbsp;&nbsp;&nbsp;ad9361_gpo_setup
<LI><a href="#[d6]">&gt;&gt;</a>&nbsp;&nbsp;&nbsp;ad9361_gc_setup
<LI><a href="#[d4]">&gt;&gt;</a>&nbsp;&nbsp;&nbsp;ad9361_fastlock_prepare
<LI><a href="#[b8]">&gt;&gt;</a>&nbsp;&nbsp;&nbsp;ad9361_clk_register
<LI><a href="#[a5]">&gt;&gt;</a>&nbsp;&nbsp;&nbsp;ad9361_check_cal_done
<LI><a href="#[9f]">&gt;&gt;</a>&nbsp;&nbsp;&nbsp;ad9361_auxdac_setup
<LI><a href="#[9d]">&gt;&gt;</a>&nbsp;&nbsp;&nbsp;ad9361_auxdac_set
<LI><a href="#[9b]">&gt;&gt;</a>&nbsp;&nbsp;&nbsp;ad9361_auxadc_setup
<LI><a href="#[8e]">&gt;&gt;</a>&nbsp;&nbsp;&nbsp;__ad9361_update_rf_bandwidth
<LI><a href="#[c6]">&gt;&gt;</a>&nbsp;&nbsp;&nbsp;ad9361_dig_tune_verbose_print
<LI><a href="#[c8]">&gt;&gt;</a>&nbsp;&nbsp;&nbsp;ad9361_dig_tune_iodelay
<LI><a href="#[be]">&gt;&gt;</a>&nbsp;&nbsp;&nbsp;ad9361_dig_tune
<LI><a href="#[e1]">&gt;&gt;</a>&nbsp;&nbsp;&nbsp;register_clocks
<LI><a href="#[cc]">&gt;&gt;</a>&nbsp;&nbsp;&nbsp;ad9361_tracking_control
<LI><a href="#[8a]">&gt;&gt;</a>&nbsp;&nbsp;&nbsp;ad9361_spi_write
<LI><a href="#[88]">&gt;&gt;</a>&nbsp;&nbsp;&nbsp;ad9361_spi_readm
<LI><a href="#[e4]">&gt;&gt;</a>&nbsp;&nbsp;&nbsp;ad9361_setup
<LI><a href="#[103]">&gt;&gt;</a>&nbsp;&nbsp;&nbsp;ad9361_set_tx_atten
<LI><a href="#[ed]">&gt;&gt;</a>&nbsp;&nbsp;&nbsp;ad9361_set_trx_clock_chain
<LI><a href="#[fe]">&gt;&gt;</a>&nbsp;&nbsp;&nbsp;ad9361_set_dcxo_tune
<LI><a href="#[f9]">&gt;&gt;</a>&nbsp;&nbsp;&nbsp;ad9361_rfpll_set_rate
<LI><a href="#[f5]">&gt;&gt;</a>&nbsp;&nbsp;&nbsp;ad9361_rfpll_int_set_rate
<LI><a href="#[f4]">&gt;&gt;</a>&nbsp;&nbsp;&nbsp;ad9361_rfpll_int_round_rate
<LI><a href="#[bc]">&gt;&gt;</a>&nbsp;&nbsp;&nbsp;ad9361_rfpll_int_recalc_rate
<LI><a href="#[f1]">&gt;&gt;</a>&nbsp;&nbsp;&nbsp;ad9361_rf_port_setup
<LI><a href="#[e0]">&gt;&gt;</a>&nbsp;&nbsp;&nbsp;ad9361_reset
<LI><a href="#[e8]">&gt;&gt;</a>&nbsp;&nbsp;&nbsp;ad9361_load_fir_filter_coef
<LI><a href="#[d2]">&gt;&gt;</a>&nbsp;&nbsp;&nbsp;ad9361_ensm_set_state
<LI><a href="#[b7]">&gt;&gt;</a>&nbsp;&nbsp;&nbsp;ad9361_ensm_restore_prev_state
<LI><a href="#[b5]">&gt;&gt;</a>&nbsp;&nbsp;&nbsp;ad9361_ensm_force_state
<LI><a href="#[cb]">&gt;&gt;</a>&nbsp;&nbsp;&nbsp;ad9361_do_calib_run
<LI><a href="#[b4]">&gt;&gt;</a>&nbsp;&nbsp;&nbsp;ad9361_clk_mux_set_parent
<LI><a href="#[b3]">&gt;&gt;</a>&nbsp;&nbsp;&nbsp;ad9361_clk_factor_set_rate
<LI><a href="#[b1]">&gt;&gt;</a>&nbsp;&nbsp;&nbsp;ad9361_clk_factor_round_rate
<LI><a href="#[ac]">&gt;&gt;</a>&nbsp;&nbsp;&nbsp;ad9361_calculate_rf_clock_chain
<LI><a href="#[a9]">&gt;&gt;</a>&nbsp;&nbsp;&nbsp;ad9361_bist_prbs
<LI><a href="#[a6]">&gt;&gt;</a>&nbsp;&nbsp;&nbsp;ad9361_bist_loopback
<LI><a href="#[a3]">&gt;&gt;</a>&nbsp;&nbsp;&nbsp;ad9361_bbpll_set_rate
</UL>

<P><STRONG><a name="[12a]"></a>__c89printf</STRONG> (Thumb, 0 bytes, Stack size 24 bytes, printfa.o(i.__0printf), UNUSED)

<P><STRONG><a name="[12b]"></a>printf</STRONG> (Thumb, 0 bytes, Stack size 24 bytes, printfa.o(i.__0printf), UNUSED)

<P><STRONG><a name="[12c]"></a>__scatterload_copy</STRONG> (Thumb, 14 bytes, Stack size unknown bytes, handlers.o(i.__scatterload_copy), UNUSED)

<P><STRONG><a name="[12d]"></a>__scatterload_null</STRONG> (Thumb, 2 bytes, Stack size unknown bytes, handlers.o(i.__scatterload_null), UNUSED)

<P><STRONG><a name="[12e]"></a>__scatterload_zeroinit</STRONG> (Thumb, 14 bytes, Stack size unknown bytes, handlers.o(i.__scatterload_zeroinit), UNUSED)

<P><STRONG><a name="[105]"></a>ad9361_1rx1tx_channel_map</STRONG> (Thumb, 28 bytes, Stack size 0 bytes, ad9361.o(i.ad9361_1rx1tx_channel_map))
<BR><BR>[Called By]<UL><LI><a href="#[104]">&gt;&gt;</a>&nbsp;&nbsp;&nbsp;ad9361_set_tx_attenuation
</UL>

<P><STRONG><a name="[a0]"></a>ad9361_bbpll_recalc_rate</STRONG> (Thumb, 76 bytes, Stack size 32 bytes, ad9361.o(i.ad9361_bbpll_recalc_rate))
<BR><BR>[Stack]<UL><LI>Max Depth = 160<LI>Call Chain = ad9361_bbpll_recalc_rate &rArr; ad9361_spi_readm &rArr; spi_write_then_read &rArr; Soft_SPI_TransferBuffer &rArr; Soft_SPI_TransferByte &rArr; Soft_SPI_Delay
</UL>
<BR>[Calls]<UL><LI><a href="#[a1]">&gt;&gt;</a>&nbsp;&nbsp;&nbsp;do_div
<LI><a href="#[88]">&gt;&gt;</a>&nbsp;&nbsp;&nbsp;ad9361_spi_readm
</UL>
<BR>[Called By]<UL><LI><a href="#[b8]">&gt;&gt;</a>&nbsp;&nbsp;&nbsp;ad9361_clk_register
<LI><a href="#[102]">&gt;&gt;</a>&nbsp;&nbsp;&nbsp;clk_set_rate
<LI><a href="#[90]">&gt;&gt;</a>&nbsp;&nbsp;&nbsp;clk_get_rate
</UL>

<P><STRONG><a name="[a2]"></a>ad9361_bbpll_round_rate</STRONG> (Thumb, 120 bytes, Stack size 40 bytes, ad9361.o(i.ad9361_bbpll_round_rate))
<BR><BR>[Stack]<UL><LI>Max Depth = 88<LI>Call Chain = ad9361_bbpll_round_rate &rArr; do_div &rArr; __aeabi_uldivmod
</UL>
<BR>[Calls]<UL><LI><a href="#[a1]">&gt;&gt;</a>&nbsp;&nbsp;&nbsp;do_div
</UL>
<BR>[Called By]<UL><LI><a href="#[102]">&gt;&gt;</a>&nbsp;&nbsp;&nbsp;clk_set_rate
</UL>

<P><STRONG><a name="[a3]"></a>ad9361_bbpll_set_rate</STRONG> (Thumb, 302 bytes, Stack size 56 bytes, ad9361.o(i.ad9361_bbpll_set_rate))
<BR><BR>[Stack]<UL><LI>Max Depth = 232<LI>Call Chain = ad9361_bbpll_set_rate &rArr; ad9361_check_cal_done &rArr; __ad9361_spi_readf &rArr; ad9361_spi_readm &rArr; spi_write_then_read &rArr; Soft_SPI_TransferBuffer &rArr; Soft_SPI_TransferByte &rArr; Soft_SPI_Delay
</UL>
<BR>[Calls]<UL><LI><a href="#[a4]">&gt;&gt;</a>&nbsp;&nbsp;&nbsp;ad9361_spi_writem
<LI><a href="#[a5]">&gt;&gt;</a>&nbsp;&nbsp;&nbsp;ad9361_check_cal_done
<LI><a href="#[8f]">&gt;&gt;</a>&nbsp;&nbsp;&nbsp;__2printf
<LI><a href="#[a1]">&gt;&gt;</a>&nbsp;&nbsp;&nbsp;do_div
<LI><a href="#[8a]">&gt;&gt;</a>&nbsp;&nbsp;&nbsp;ad9361_spi_write
</UL>
<BR>[Called By]<UL><LI><a href="#[102]">&gt;&gt;</a>&nbsp;&nbsp;&nbsp;clk_set_rate
</UL>

<P><STRONG><a name="[a6]"></a>ad9361_bist_loopback</STRONG> (Thumb, 144 bytes, Stack size 24 bytes, ad9361.o(i.ad9361_bist_loopback))
<BR><BR>[Stack]<UL><LI>Max Depth = 208<LI>Call Chain = ad9361_bist_loopback &rArr; ad9361_int_loopback_fix_ch_cross &rArr; ad9361_en_dis_tx &rArr; __ad9361_spi_writef &rArr; ad9361_spi_write &rArr; spi_write_then_read &rArr; Soft_SPI_TransferBuffer &rArr; Soft_SPI_TransferByte &rArr; Soft_SPI_Delay
</UL>
<BR>[Calls]<UL><LI><a href="#[8d]">&gt;&gt;</a>&nbsp;&nbsp;&nbsp;ad9361_spi_read
<LI><a href="#[a8]">&gt;&gt;</a>&nbsp;&nbsp;&nbsp;ad9361_int_loopback_fix_ch_cross
<LI><a href="#[8f]">&gt;&gt;</a>&nbsp;&nbsp;&nbsp;__2printf
<LI><a href="#[a7]">&gt;&gt;</a>&nbsp;&nbsp;&nbsp;ad9361_hdl_loopback
<LI><a href="#[8a]">&gt;&gt;</a>&nbsp;&nbsp;&nbsp;ad9361_spi_write
</UL>
<BR>[Called By]<UL><LI><a href="#[be]">&gt;&gt;</a>&nbsp;&nbsp;&nbsp;ad9361_dig_tune
</UL>

<P><STRONG><a name="[a9]"></a>ad9361_bist_prbs</STRONG> (Thumb, 62 bytes, Stack size 16 bytes, ad9361.o(i.ad9361_bist_prbs))
<BR><BR>[Stack]<UL><LI>Max Depth = 144<LI>Call Chain = ad9361_bist_prbs &rArr; ad9361_spi_write &rArr; spi_write_then_read &rArr; Soft_SPI_TransferBuffer &rArr; Soft_SPI_TransferByte &rArr; Soft_SPI_Delay
</UL>
<BR>[Calls]<UL><LI><a href="#[8f]">&gt;&gt;</a>&nbsp;&nbsp;&nbsp;__2printf
<LI><a href="#[8a]">&gt;&gt;</a>&nbsp;&nbsp;&nbsp;ad9361_spi_write
</UL>
<BR>[Called By]<UL><LI><a href="#[be]">&gt;&gt;</a>&nbsp;&nbsp;&nbsp;ad9361_dig_tune
</UL>

<P><STRONG><a name="[ac]"></a>ad9361_calculate_rf_clock_chain</STRONG> (Thumb, 526 bytes, Stack size 120 bytes, ad9361.o(i.ad9361_calculate_rf_clock_chain))
<BR><BR>[Stack]<UL><LI>Max Depth = 144 + In Cycle
<LI>Call Chain = ad9361_calculate_rf_clock_chain &rArr;  ad9361_calculate_rf_clock_chain (Cycle)
</UL>
<BR>[Calls]<UL><LI><a href="#[8f]">&gt;&gt;</a>&nbsp;&nbsp;&nbsp;__2printf
<LI><a href="#[ad]">&gt;&gt;</a>&nbsp;&nbsp;&nbsp;__aeabi_memcpy4
<LI><a href="#[ac]">&gt;&gt;</a>&nbsp;&nbsp;&nbsp;ad9361_calculate_rf_clock_chain
</UL>
<BR>[Called By]<UL><LI><a href="#[c3]">&gt;&gt;</a>&nbsp;&nbsp;&nbsp;ad9361_set_trx_clock_chain_freq
<LI><a href="#[ac]">&gt;&gt;</a>&nbsp;&nbsp;&nbsp;ad9361_calculate_rf_clock_chain
</UL>

<P><STRONG><a name="[af]"></a>ad9361_clk_factor_recalc_rate</STRONG> (Thumb, 22 bytes, Stack size 16 bytes, ad9361.o(i.ad9361_clk_factor_recalc_rate))
<BR><BR>[Stack]<UL><LI>Max Depth = 192<LI>Call Chain = ad9361_clk_factor_recalc_rate &rArr; ad9361_get_clk_scaler &rArr; __ad9361_spi_readf &rArr; ad9361_spi_readm &rArr; spi_write_then_read &rArr; Soft_SPI_TransferBuffer &rArr; Soft_SPI_TransferByte &rArr; Soft_SPI_Delay
</UL>
<BR>[Calls]<UL><LI><a href="#[b0]">&gt;&gt;</a>&nbsp;&nbsp;&nbsp;ad9361_get_clk_scaler
</UL>
<BR>[Called By]<UL><LI><a href="#[b8]">&gt;&gt;</a>&nbsp;&nbsp;&nbsp;ad9361_clk_register
<LI><a href="#[102]">&gt;&gt;</a>&nbsp;&nbsp;&nbsp;clk_set_rate
<LI><a href="#[90]">&gt;&gt;</a>&nbsp;&nbsp;&nbsp;clk_get_rate
</UL>

<P><STRONG><a name="[b1]"></a>ad9361_clk_factor_round_rate</STRONG> (Thumb, 84 bytes, Stack size 16 bytes, ad9361.o(i.ad9361_clk_factor_round_rate))
<BR><BR>[Stack]<UL><LI>Max Depth = 208<LI>Call Chain = ad9361_clk_factor_round_rate &rArr; ad9361_set_clk_scaler &rArr; __ad9361_spi_writef &rArr; ad9361_spi_write &rArr; spi_write_then_read &rArr; Soft_SPI_TransferBuffer &rArr; Soft_SPI_TransferByte &rArr; Soft_SPI_Delay
</UL>
<BR>[Calls]<UL><LI><a href="#[b2]">&gt;&gt;</a>&nbsp;&nbsp;&nbsp;ad9361_set_clk_scaler
<LI><a href="#[8f]">&gt;&gt;</a>&nbsp;&nbsp;&nbsp;__2printf
</UL>
<BR>[Called By]<UL><LI><a href="#[102]">&gt;&gt;</a>&nbsp;&nbsp;&nbsp;clk_set_rate
</UL>

<P><STRONG><a name="[b3]"></a>ad9361_clk_factor_set_rate</STRONG> (Thumb, 90 bytes, Stack size 24 bytes, ad9361.o(i.ad9361_clk_factor_set_rate))
<BR><BR>[Stack]<UL><LI>Max Depth = 216<LI>Call Chain = ad9361_clk_factor_set_rate &rArr; ad9361_set_clk_scaler &rArr; __ad9361_spi_writef &rArr; ad9361_spi_write &rArr; spi_write_then_read &rArr; Soft_SPI_TransferBuffer &rArr; Soft_SPI_TransferByte &rArr; Soft_SPI_Delay
</UL>
<BR>[Calls]<UL><LI><a href="#[b2]">&gt;&gt;</a>&nbsp;&nbsp;&nbsp;ad9361_set_clk_scaler
<LI><a href="#[8f]">&gt;&gt;</a>&nbsp;&nbsp;&nbsp;__2printf
</UL>
<BR>[Called By]<UL><LI><a href="#[102]">&gt;&gt;</a>&nbsp;&nbsp;&nbsp;clk_set_rate
</UL>

<P><STRONG><a name="[b4]"></a>ad9361_clk_mux_set_parent</STRONG> (Thumb, 80 bytes, Stack size 24 bytes, ad9361.o(i.ad9361_clk_mux_set_parent))
<BR><BR>[Stack]<UL><LI>Max Depth = 216<LI>Call Chain = ad9361_clk_mux_set_parent &rArr; ad9361_trx_ext_lo_control &rArr; __ad9361_spi_writef &rArr; ad9361_spi_write &rArr; spi_write_then_read &rArr; Soft_SPI_TransferBuffer &rArr; Soft_SPI_TransferByte &rArr; Soft_SPI_Delay
</UL>
<BR>[Calls]<UL><LI><a href="#[b6]">&gt;&gt;</a>&nbsp;&nbsp;&nbsp;ad9361_trx_ext_lo_control
<LI><a href="#[8f]">&gt;&gt;</a>&nbsp;&nbsp;&nbsp;__2printf
<LI><a href="#[b7]">&gt;&gt;</a>&nbsp;&nbsp;&nbsp;ad9361_ensm_restore_prev_state
<LI><a href="#[b5]">&gt;&gt;</a>&nbsp;&nbsp;&nbsp;ad9361_ensm_force_state
</UL>
<BR>[Called By]<UL><LI><a href="#[e4]">&gt;&gt;</a>&nbsp;&nbsp;&nbsp;ad9361_setup
</UL>

<P><STRONG><a name="[be]"></a>ad9361_dig_tune</STRONG> (Thumb, 1312 bytes, Stack size 176 bytes, ad9361_conv.o(i.ad9361_dig_tune))
<BR><BR>[Stack]<UL><LI>Max Depth = 768<LI>Call Chain = ad9361_dig_tune &rArr; ad9361_set_trx_clock_chain_freq &rArr; ad9361_set_trx_clock_chain &rArr;  ad9361_dig_tune (Cycle)
</UL>
<BR>[Calls]<UL><LI><a href="#[8d]">&gt;&gt;</a>&nbsp;&nbsp;&nbsp;ad9361_spi_read
<LI><a href="#[8f]">&gt;&gt;</a>&nbsp;&nbsp;&nbsp;__2printf
<LI><a href="#[6e]">&gt;&gt;</a>&nbsp;&nbsp;&nbsp;__aeabi_memclr4
<LI><a href="#[c4]">&gt;&gt;</a>&nbsp;&nbsp;&nbsp;axiadc_write
<LI><a href="#[c9]">&gt;&gt;</a>&nbsp;&nbsp;&nbsp;axiadc_set_pnsel
<LI><a href="#[c1]">&gt;&gt;</a>&nbsp;&nbsp;&nbsp;ad9361_midscale_iodelay
<LI><a href="#[c6]">&gt;&gt;</a>&nbsp;&nbsp;&nbsp;ad9361_dig_tune_verbose_print
<LI><a href="#[c8]">&gt;&gt;</a>&nbsp;&nbsp;&nbsp;ad9361_dig_tune_iodelay
<LI><a href="#[bf]">&gt;&gt;</a>&nbsp;&nbsp;&nbsp;axiadc_read
<LI><a href="#[c5]">&gt;&gt;</a>&nbsp;&nbsp;&nbsp;mdelay
<LI><a href="#[c0]">&gt;&gt;</a>&nbsp;&nbsp;&nbsp;ad9361_tx_mute
<LI><a href="#[8a]">&gt;&gt;</a>&nbsp;&nbsp;&nbsp;ad9361_spi_write
<LI><a href="#[c3]">&gt;&gt;</a>&nbsp;&nbsp;&nbsp;ad9361_set_trx_clock_chain_freq
<LI><a href="#[c2]">&gt;&gt;</a>&nbsp;&nbsp;&nbsp;ad9361_set_ensm_mode
<LI><a href="#[c7]">&gt;&gt;</a>&nbsp;&nbsp;&nbsp;ad9361_find_opt
<LI><a href="#[b7]">&gt;&gt;</a>&nbsp;&nbsp;&nbsp;ad9361_ensm_restore_prev_state
<LI><a href="#[b5]">&gt;&gt;</a>&nbsp;&nbsp;&nbsp;ad9361_ensm_force_state
<LI><a href="#[a9]">&gt;&gt;</a>&nbsp;&nbsp;&nbsp;ad9361_bist_prbs
<LI><a href="#[a6]">&gt;&gt;</a>&nbsp;&nbsp;&nbsp;ad9361_bist_loopback
</UL>
<BR>[Called By]<UL><LI><a href="#[ec]">&gt;&gt;</a>&nbsp;&nbsp;&nbsp;ad9361_post_setup
<LI><a href="#[ed]">&gt;&gt;</a>&nbsp;&nbsp;&nbsp;ad9361_set_trx_clock_chain
</UL>

<P><STRONG><a name="[cb]"></a>ad9361_do_calib_run</STRONG> (Thumb, 134 bytes, Stack size 16 bytes, ad9361.o(i.ad9361_do_calib_run))
<BR><BR>[Stack]<UL><LI>Max Depth = 440<LI>Call Chain = ad9361_do_calib_run &rArr; ad9361_tx_quad_calib &rArr; ad9361_tx_quad_phase_search &rArr; __ad9361_tx_quad_calib &rArr; ad9361_run_calibration &rArr; ad9361_check_cal_done &rArr; __ad9361_spi_readf &rArr; ad9361_spi_readm &rArr; spi_write_then_read &rArr; Soft_SPI_TransferBuffer &rArr; Soft_SPI_TransferByte &rArr; Soft_SPI_Delay
</UL>
<BR>[Calls]<UL><LI><a href="#[cd]">&gt;&gt;</a>&nbsp;&nbsp;&nbsp;ad9361_tx_quad_calib
<LI><a href="#[cf]">&gt;&gt;</a>&nbsp;&nbsp;&nbsp;ad9361_rf_dc_offset_calib
<LI><a href="#[8f]">&gt;&gt;</a>&nbsp;&nbsp;&nbsp;__2printf
<LI><a href="#[90]">&gt;&gt;</a>&nbsp;&nbsp;&nbsp;clk_get_rate
<LI><a href="#[cc]">&gt;&gt;</a>&nbsp;&nbsp;&nbsp;ad9361_tracking_control
<LI><a href="#[ce]">&gt;&gt;</a>&nbsp;&nbsp;&nbsp;ad9361_from_clk
<LI><a href="#[b7]">&gt;&gt;</a>&nbsp;&nbsp;&nbsp;ad9361_ensm_restore_prev_state
<LI><a href="#[b5]">&gt;&gt;</a>&nbsp;&nbsp;&nbsp;ad9361_ensm_force_state
</UL>
<BR>[Called By]<UL><LI><a href="#[f9]">&gt;&gt;</a>&nbsp;&nbsp;&nbsp;ad9361_rfpll_set_rate
</UL>

<P><STRONG><a name="[d0]"></a>ad9361_en_dis_rx</STRONG> (Thumb, 32 bytes, Stack size 24 bytes, ad9361.o(i.ad9361_en_dis_rx))
<BR><BR>[Stack]<UL><LI>Max Depth = 184<LI>Call Chain = ad9361_en_dis_rx &rArr; __ad9361_spi_writef &rArr; ad9361_spi_write &rArr; spi_write_then_read &rArr; Soft_SPI_TransferBuffer &rArr; Soft_SPI_TransferByte &rArr; Soft_SPI_Delay
</UL>
<BR>[Calls]<UL><LI><a href="#[89]">&gt;&gt;</a>&nbsp;&nbsp;&nbsp;__ad9361_spi_writef
<LI><a href="#[9e]">&gt;&gt;</a>&nbsp;&nbsp;&nbsp;find_first_bit
</UL>
<BR>[Called By]<UL><LI><a href="#[e4]">&gt;&gt;</a>&nbsp;&nbsp;&nbsp;ad9361_setup
</UL>

<P><STRONG><a name="[d1]"></a>ad9361_en_dis_tx</STRONG> (Thumb, 32 bytes, Stack size 24 bytes, ad9361.o(i.ad9361_en_dis_tx))
<BR><BR>[Stack]<UL><LI>Max Depth = 184<LI>Call Chain = ad9361_en_dis_tx &rArr; __ad9361_spi_writef &rArr; ad9361_spi_write &rArr; spi_write_then_read &rArr; Soft_SPI_TransferBuffer &rArr; Soft_SPI_TransferByte &rArr; Soft_SPI_Delay
</UL>
<BR>[Calls]<UL><LI><a href="#[89]">&gt;&gt;</a>&nbsp;&nbsp;&nbsp;__ad9361_spi_writef
<LI><a href="#[9e]">&gt;&gt;</a>&nbsp;&nbsp;&nbsp;find_first_bit
</UL>
<BR>[Called By]<UL><LI><a href="#[a8]">&gt;&gt;</a>&nbsp;&nbsp;&nbsp;ad9361_int_loopback_fix_ch_cross
<LI><a href="#[e4]">&gt;&gt;</a>&nbsp;&nbsp;&nbsp;ad9361_setup
</UL>

<P><STRONG><a name="[b5]"></a>ad9361_ensm_force_state</STRONG> (Thumb, 182 bytes, Stack size 24 bytes, ad9361.o(i.ad9361_ensm_force_state))
<BR><BR>[Stack]<UL><LI>Max Depth = 168<LI>Call Chain = ad9361_ensm_force_state &rArr; __ad9361_spi_readf &rArr; ad9361_spi_readm &rArr; spi_write_then_read &rArr; Soft_SPI_TransferBuffer &rArr; Soft_SPI_TransferByte &rArr; Soft_SPI_Delay
</UL>
<BR>[Calls]<UL><LI><a href="#[8d]">&gt;&gt;</a>&nbsp;&nbsp;&nbsp;ad9361_spi_read
<LI><a href="#[87]">&gt;&gt;</a>&nbsp;&nbsp;&nbsp;__ad9361_spi_readf
<LI><a href="#[8f]">&gt;&gt;</a>&nbsp;&nbsp;&nbsp;__2printf
<LI><a href="#[9e]">&gt;&gt;</a>&nbsp;&nbsp;&nbsp;find_first_bit
<LI><a href="#[8a]">&gt;&gt;</a>&nbsp;&nbsp;&nbsp;ad9361_spi_write
</UL>
<BR>[Called By]<UL><LI><a href="#[ec]">&gt;&gt;</a>&nbsp;&nbsp;&nbsp;ad9361_post_setup
<LI><a href="#[be]">&gt;&gt;</a>&nbsp;&nbsp;&nbsp;ad9361_dig_tune
<LI><a href="#[e8]">&gt;&gt;</a>&nbsp;&nbsp;&nbsp;ad9361_load_fir_filter_coef
<LI><a href="#[cb]">&gt;&gt;</a>&nbsp;&nbsp;&nbsp;ad9361_do_calib_run
<LI><a href="#[b4]">&gt;&gt;</a>&nbsp;&nbsp;&nbsp;ad9361_clk_mux_set_parent
</UL>

<P><STRONG><a name="[b7]"></a>ad9361_ensm_restore_prev_state</STRONG> (Thumb, 140 bytes, Stack size 16 bytes, ad9361.o(i.ad9361_ensm_restore_prev_state))
<BR><BR>[Stack]<UL><LI>Max Depth = 152<LI>Call Chain = ad9361_ensm_restore_prev_state &rArr; ad9361_spi_read &rArr; ad9361_spi_readm &rArr; spi_write_then_read &rArr; Soft_SPI_TransferBuffer &rArr; Soft_SPI_TransferByte &rArr; Soft_SPI_Delay
</UL>
<BR>[Calls]<UL><LI><a href="#[8d]">&gt;&gt;</a>&nbsp;&nbsp;&nbsp;ad9361_spi_read
<LI><a href="#[8f]">&gt;&gt;</a>&nbsp;&nbsp;&nbsp;__2printf
<LI><a href="#[8a]">&gt;&gt;</a>&nbsp;&nbsp;&nbsp;ad9361_spi_write
</UL>
<BR>[Called By]<UL><LI><a href="#[ec]">&gt;&gt;</a>&nbsp;&nbsp;&nbsp;ad9361_post_setup
<LI><a href="#[be]">&gt;&gt;</a>&nbsp;&nbsp;&nbsp;ad9361_dig_tune
<LI><a href="#[e8]">&gt;&gt;</a>&nbsp;&nbsp;&nbsp;ad9361_load_fir_filter_coef
<LI><a href="#[cb]">&gt;&gt;</a>&nbsp;&nbsp;&nbsp;ad9361_do_calib_run
<LI><a href="#[b4]">&gt;&gt;</a>&nbsp;&nbsp;&nbsp;ad9361_clk_mux_set_parent
</UL>

<P><STRONG><a name="[d2]"></a>ad9361_ensm_set_state</STRONG> (Thumb, 604 bytes, Stack size 32 bytes, ad9361.o(i.ad9361_ensm_set_state))
<BR><BR>[Stack]<UL><LI>Max Depth = 232<LI>Call Chain = ad9361_ensm_set_state &rArr; clk_get_rate &rArr; ad9361_rfpll_recalc_rate &rArr; ad9361_rfpll_int_recalc_rate &rArr; ad9361_fastlock_readval &rArr; ad9361_spi_read &rArr; ad9361_spi_readm &rArr; spi_write_then_read &rArr; Soft_SPI_TransferBuffer &rArr; Soft_SPI_TransferByte &rArr; Soft_SPI_Delay
</UL>
<BR>[Calls]<UL><LI><a href="#[8d]">&gt;&gt;</a>&nbsp;&nbsp;&nbsp;ad9361_spi_read
<LI><a href="#[d3]">&gt;&gt;</a>&nbsp;&nbsp;&nbsp;ad9361_trx_vco_cal_control
<LI><a href="#[a5]">&gt;&gt;</a>&nbsp;&nbsp;&nbsp;ad9361_check_cal_done
<LI><a href="#[89]">&gt;&gt;</a>&nbsp;&nbsp;&nbsp;__ad9361_spi_writef
<LI><a href="#[8f]">&gt;&gt;</a>&nbsp;&nbsp;&nbsp;__2printf
<LI><a href="#[ae]">&gt;&gt;</a>&nbsp;&nbsp;&nbsp;udelay
<LI><a href="#[9e]">&gt;&gt;</a>&nbsp;&nbsp;&nbsp;find_first_bit
<LI><a href="#[90]">&gt;&gt;</a>&nbsp;&nbsp;&nbsp;clk_get_rate
<LI><a href="#[8a]">&gt;&gt;</a>&nbsp;&nbsp;&nbsp;ad9361_spi_write
</UL>
<BR>[Called By]<UL><LI><a href="#[ff]">&gt;&gt;</a>&nbsp;&nbsp;&nbsp;ad9361_set_en_state_machine_mode
<LI><a href="#[e4]">&gt;&gt;</a>&nbsp;&nbsp;&nbsp;ad9361_setup
</UL>

<P><STRONG><a name="[c7]"></a>ad9361_find_opt</STRONG> (Thumb, 80 bytes, Stack size 32 bytes, ad9361.o(i.ad9361_find_opt))
<BR><BR>[Stack]<UL><LI>Max Depth = 32<LI>Call Chain = ad9361_find_opt
</UL>
<BR>[Called By]<UL><LI><a href="#[10f]">&gt;&gt;</a>&nbsp;&nbsp;&nbsp;ad9361_tx_quad_phase_search
<LI><a href="#[c8]">&gt;&gt;</a>&nbsp;&nbsp;&nbsp;ad9361_dig_tune_iodelay
<LI><a href="#[be]">&gt;&gt;</a>&nbsp;&nbsp;&nbsp;ad9361_dig_tune
</UL>

<P><STRONG><a name="[ce]"></a>ad9361_from_clk</STRONG> (Thumb, 8 bytes, Stack size 0 bytes, ad9361.o(i.ad9361_from_clk))
<BR><BR>[Called By]<UL><LI><a href="#[db]">&gt;&gt;</a>&nbsp;&nbsp;&nbsp;ad9361_get_tx_lo_freq
<LI><a href="#[d8]">&gt;&gt;</a>&nbsp;&nbsp;&nbsp;ad9361_get_rx_lo_freq
<LI><a href="#[e4]">&gt;&gt;</a>&nbsp;&nbsp;&nbsp;ad9361_setup
<LI><a href="#[f9]">&gt;&gt;</a>&nbsp;&nbsp;&nbsp;ad9361_rfpll_set_rate
<LI><a href="#[f5]">&gt;&gt;</a>&nbsp;&nbsp;&nbsp;ad9361_rfpll_int_set_rate
<LI><a href="#[f4]">&gt;&gt;</a>&nbsp;&nbsp;&nbsp;ad9361_rfpll_int_round_rate
<LI><a href="#[cb]">&gt;&gt;</a>&nbsp;&nbsp;&nbsp;ad9361_do_calib_run
</UL>

<P><STRONG><a name="[d8]"></a>ad9361_get_rx_lo_freq</STRONG> (Thumb, 24 bytes, Stack size 8 bytes, ad9361_api.o(i.ad9361_get_rx_lo_freq))
<BR><BR>[Stack]<UL><LI>Max Depth = 208<LI>Call Chain = ad9361_get_rx_lo_freq &rArr; clk_get_rate &rArr; ad9361_rfpll_recalc_rate &rArr; ad9361_rfpll_int_recalc_rate &rArr; ad9361_fastlock_readval &rArr; ad9361_spi_read &rArr; ad9361_spi_readm &rArr; spi_write_then_read &rArr; Soft_SPI_TransferBuffer &rArr; Soft_SPI_TransferByte &rArr; Soft_SPI_Delay
</UL>
<BR>[Calls]<UL><LI><a href="#[90]">&gt;&gt;</a>&nbsp;&nbsp;&nbsp;clk_get_rate
<LI><a href="#[ce]">&gt;&gt;</a>&nbsp;&nbsp;&nbsp;ad9361_from_clk
</UL>
<BR>[Called By]<UL><LI><a href="#[44]">&gt;&gt;</a>&nbsp;&nbsp;&nbsp;main
</UL>

<P><STRONG><a name="[d9]"></a>ad9361_get_rx_sampling_freq</STRONG> (Thumb, 16 bytes, Stack size 8 bytes, ad9361_api.o(i.ad9361_get_rx_sampling_freq))
<BR><BR>[Stack]<UL><LI>Max Depth = 208<LI>Call Chain = ad9361_get_rx_sampling_freq &rArr; clk_get_rate &rArr; ad9361_rfpll_recalc_rate &rArr; ad9361_rfpll_int_recalc_rate &rArr; ad9361_fastlock_readval &rArr; ad9361_spi_read &rArr; ad9361_spi_readm &rArr; spi_write_then_read &rArr; Soft_SPI_TransferBuffer &rArr; Soft_SPI_TransferByte &rArr; Soft_SPI_Delay
</UL>
<BR>[Calls]<UL><LI><a href="#[90]">&gt;&gt;</a>&nbsp;&nbsp;&nbsp;clk_get_rate
</UL>
<BR>[Called By]<UL><LI><a href="#[44]">&gt;&gt;</a>&nbsp;&nbsp;&nbsp;main
</UL>

<P><STRONG><a name="[da]"></a>ad9361_get_tx_atten</STRONG> (Thumb, 38 bytes, Stack size 8 bytes, ad9361.o(i.ad9361_get_tx_atten))
<BR><BR>[Stack]<UL><LI>Max Depth = 136<LI>Call Chain = ad9361_get_tx_atten &rArr; ad9361_spi_readm &rArr; spi_write_then_read &rArr; Soft_SPI_TransferBuffer &rArr; Soft_SPI_TransferByte &rArr; Soft_SPI_Delay
</UL>
<BR>[Calls]<UL><LI><a href="#[88]">&gt;&gt;</a>&nbsp;&nbsp;&nbsp;ad9361_spi_readm
</UL>
<BR>[Called By]<UL><LI><a href="#[c0]">&gt;&gt;</a>&nbsp;&nbsp;&nbsp;ad9361_tx_mute
</UL>

<P><STRONG><a name="[db]"></a>ad9361_get_tx_lo_freq</STRONG> (Thumb, 24 bytes, Stack size 8 bytes, ad9361_api.o(i.ad9361_get_tx_lo_freq))
<BR><BR>[Stack]<UL><LI>Max Depth = 208<LI>Call Chain = ad9361_get_tx_lo_freq &rArr; clk_get_rate &rArr; ad9361_rfpll_recalc_rate &rArr; ad9361_rfpll_int_recalc_rate &rArr; ad9361_fastlock_readval &rArr; ad9361_spi_read &rArr; ad9361_spi_readm &rArr; spi_write_then_read &rArr; Soft_SPI_TransferBuffer &rArr; Soft_SPI_TransferByte &rArr; Soft_SPI_Delay
</UL>
<BR>[Calls]<UL><LI><a href="#[90]">&gt;&gt;</a>&nbsp;&nbsp;&nbsp;clk_get_rate
<LI><a href="#[ce]">&gt;&gt;</a>&nbsp;&nbsp;&nbsp;ad9361_from_clk
</UL>
<BR>[Called By]<UL><LI><a href="#[44]">&gt;&gt;</a>&nbsp;&nbsp;&nbsp;main
</UL>

<P><STRONG><a name="[dc]"></a>ad9361_get_tx_sampling_freq</STRONG> (Thumb, 18 bytes, Stack size 8 bytes, ad9361_api.o(i.ad9361_get_tx_sampling_freq))
<BR><BR>[Stack]<UL><LI>Max Depth = 208<LI>Call Chain = ad9361_get_tx_sampling_freq &rArr; clk_get_rate &rArr; ad9361_rfpll_recalc_rate &rArr; ad9361_rfpll_int_recalc_rate &rArr; ad9361_fastlock_readval &rArr; ad9361_spi_read &rArr; ad9361_spi_readm &rArr; spi_write_then_read &rArr; Soft_SPI_TransferBuffer &rArr; Soft_SPI_TransferByte &rArr; Soft_SPI_Delay
</UL>
<BR>[Calls]<UL><LI><a href="#[90]">&gt;&gt;</a>&nbsp;&nbsp;&nbsp;clk_get_rate
</UL>
<BR>[Called By]<UL><LI><a href="#[44]">&gt;&gt;</a>&nbsp;&nbsp;&nbsp;main
</UL>

<P><STRONG><a name="[a7]"></a>ad9361_hdl_loopback</STRONG> (Thumb, 140 bytes, Stack size 40 bytes, ad9361_conv.o(i.ad9361_hdl_loopback))
<BR><BR>[Stack]<UL><LI>Max Depth = 48<LI>Call Chain = ad9361_hdl_loopback &rArr; axiadc_read
</UL>
<BR>[Calls]<UL><LI><a href="#[c4]">&gt;&gt;</a>&nbsp;&nbsp;&nbsp;axiadc_write
<LI><a href="#[bf]">&gt;&gt;</a>&nbsp;&nbsp;&nbsp;axiadc_read
</UL>
<BR>[Called By]<UL><LI><a href="#[a6]">&gt;&gt;</a>&nbsp;&nbsp;&nbsp;ad9361_bist_loopback
</UL>

<P><STRONG><a name="[de]"></a>ad9361_init</STRONG> (Thumb, 3128 bytes, Stack size 24 bytes, ad9361_api.o(i.ad9361_init))
<BR><BR>[Stack]<UL><LI>Max Depth = 832<LI>Call Chain = ad9361_init &rArr; axiadc_post_setup &rArr; ad9361_post_setup &rArr; ad9361_dig_tune &rArr; ad9361_set_trx_clock_chain_freq &rArr; ad9361_set_trx_clock_chain &rArr;  ad9361_dig_tune (Cycle)
</UL>
<BR>[Calls]<UL><LI><a href="#[8d]">&gt;&gt;</a>&nbsp;&nbsp;&nbsp;ad9361_spi_read
<LI><a href="#[ba]">&gt;&gt;</a>&nbsp;&nbsp;&nbsp;free
<LI><a href="#[8f]">&gt;&gt;</a>&nbsp;&nbsp;&nbsp;__2printf
<LI><a href="#[df]">&gt;&gt;</a>&nbsp;&nbsp;&nbsp;zmalloc
<LI><a href="#[bf]">&gt;&gt;</a>&nbsp;&nbsp;&nbsp;axiadc_read
<LI><a href="#[e5]">&gt;&gt;</a>&nbsp;&nbsp;&nbsp;axiadc_post_setup
<LI><a href="#[e2]">&gt;&gt;</a>&nbsp;&nbsp;&nbsp;axiadc_init
<LI><a href="#[e1]">&gt;&gt;</a>&nbsp;&nbsp;&nbsp;register_clocks
<LI><a href="#[e4]">&gt;&gt;</a>&nbsp;&nbsp;&nbsp;ad9361_setup
<LI><a href="#[e0]">&gt;&gt;</a>&nbsp;&nbsp;&nbsp;ad9361_reset
<LI><a href="#[e3]">&gt;&gt;</a>&nbsp;&nbsp;&nbsp;ad9361_init_gain_tables
</UL>
<BR>[Called By]<UL><LI><a href="#[44]">&gt;&gt;</a>&nbsp;&nbsp;&nbsp;main
</UL>

<P><STRONG><a name="[e3]"></a>ad9361_init_gain_tables</STRONG> (Thumb, 74 bytes, Stack size 32 bytes, ad9361.o(i.ad9361_init_gain_tables))
<BR><BR>[Stack]<UL><LI>Max Depth = 48<LI>Call Chain = ad9361_init_gain_tables &rArr; ad9361_init_gain_info
</UL>
<BR>[Calls]<UL><LI><a href="#[e6]">&gt;&gt;</a>&nbsp;&nbsp;&nbsp;ad9361_init_gain_info
</UL>
[...]
<BR><BR>[Stack]<UL><LI>Max Depth = 216<LI>Call Chain = ad9361_rfpll_vco_init &rArr; __ad9361_spi_writef &rArr; ad9361_spi_write &rArr; spi_write_then_read &rArr; Soft_SPI_TransferBuffer &rArr; Soft_SPI_TransferByte &rArr; Soft_SPI_Delay
</UL>
<BR>[Calls]<UL><LI><a href="#[89]">&gt;&gt;</a>&nbsp;&nbsp;&nbsp;__ad9361_spi_writef
<LI><a href="#[8f]">&gt;&gt;</a>&nbsp;&nbsp;&nbsp;__2printf
<LI><a href="#[9e]">&gt;&gt;</a>&nbsp;&nbsp;&nbsp;find_first_bit
<LI><a href="#[a1]">&gt;&gt;</a>&nbsp;&nbsp;&nbsp;do_div
<LI><a href="#[8a]">&gt;&gt;</a>&nbsp;&nbsp;&nbsp;ad9361_spi_write
</UL>
<BR>[Called By]<UL><LI><a href="#[f5]">&gt;&gt;</a>&nbsp;&nbsp;&nbsp;ad9361_rfpll_int_set_rate
</UL>

<P><STRONG><a name="[fb]"></a>ad9361_rssi_setup</STRONG> (Thumb, 464 bytes, Stack size 64 bytes, ad9361.o(i.ad9361_rssi_setup))
<BR><BR>[Stack]<UL><LI>Max Depth = 264<LI>Call Chain = ad9361_rssi_setup &rArr; clk_get_rate &rArr; ad9361_rfpll_recalc_rate &rArr; ad9361_rfpll_int_recalc_rate &rArr; ad9361_fastlock_readval &rArr; ad9361_spi_read &rArr; ad9361_spi_readm &rArr; spi_write_then_read &rArr; Soft_SPI_TransferBuffer &rArr; Soft_SPI_TransferByte &rArr; Soft_SPI_Delay
</UL>
<BR>[Calls]<UL><LI><a href="#[8f]">&gt;&gt;</a>&nbsp;&nbsp;&nbsp;__2printf
<LI><a href="#[90]">&gt;&gt;</a>&nbsp;&nbsp;&nbsp;clk_get_rate
<LI><a href="#[8a]">&gt;&gt;</a>&nbsp;&nbsp;&nbsp;ad9361_spi_write
</UL>
<BR>[Called By]<UL><LI><a href="#[e4]">&gt;&gt;</a>&nbsp;&nbsp;&nbsp;ad9361_setup
<LI><a href="#[ed]">&gt;&gt;</a>&nbsp;&nbsp;&nbsp;ad9361_set_trx_clock_chain
</UL>

<P><STRONG><a name="[8c]"></a>ad9361_run_calibration</STRONG> (Thumb, 54 bytes, Stack size 16 bytes, ad9361.o(i.ad9361_run_calibration))
<BR><BR>[Stack]<UL><LI>Max Depth = 192<LI>Call Chain = ad9361_run_calibration &rArr; ad9361_check_cal_done &rArr; __ad9361_spi_readf &rArr; ad9361_spi_readm &rArr; spi_write_then_read &rArr; Soft_SPI_TransferBuffer &rArr; Soft_SPI_TransferByte &rArr; Soft_SPI_Delay
</UL>
<BR>[Calls]<UL><LI><a href="#[a5]">&gt;&gt;</a>&nbsp;&nbsp;&nbsp;ad9361_check_cal_done
<LI><a href="#[8f]">&gt;&gt;</a>&nbsp;&nbsp;&nbsp;__2printf
<LI><a href="#[8a]">&gt;&gt;</a>&nbsp;&nbsp;&nbsp;ad9361_spi_write
</UL>
<BR>[Called By]<UL><LI><a href="#[92]">&gt;&gt;</a>&nbsp;&nbsp;&nbsp;ad9361_tx_bb_analog_filter_calib
<LI><a href="#[91]">&gt;&gt;</a>&nbsp;&nbsp;&nbsp;ad9361_rx_bb_analog_filter_calib
<LI><a href="#[cf]">&gt;&gt;</a>&nbsp;&nbsp;&nbsp;ad9361_rf_dc_offset_calib
<LI><a href="#[8b]">&gt;&gt;</a>&nbsp;&nbsp;&nbsp;__ad9361_tx_quad_calib
<LI><a href="#[e4]">&gt;&gt;</a>&nbsp;&nbsp;&nbsp;ad9361_setup
</UL>

<P><STRONG><a name="[95]"></a>ad9361_rx_adc_setup</STRONG> (Thumb, 1778 bytes, Stack size 136 bytes, ad9361.o(i.ad9361_rx_adc_setup))
<BR><BR>[Stack]<UL><LI>Max Depth = 272<LI>Call Chain = ad9361_rx_adc_setup &rArr; ad9361_spi_read &rArr; ad9361_spi_readm &rArr; spi_write_then_read &rArr; Soft_SPI_TransferBuffer &rArr; Soft_SPI_TransferByte &rArr; Soft_SPI_Delay
</UL>
<BR>[Calls]<UL><LI><a href="#[8d]">&gt;&gt;</a>&nbsp;&nbsp;&nbsp;ad9361_spi_read
<LI><a href="#[8f]">&gt;&gt;</a>&nbsp;&nbsp;&nbsp;__2printf
<LI><a href="#[fc]">&gt;&gt;</a>&nbsp;&nbsp;&nbsp;int_sqrt
<LI><a href="#[a1]">&gt;&gt;</a>&nbsp;&nbsp;&nbsp;do_div
<LI><a href="#[8a]">&gt;&gt;</a>&nbsp;&nbsp;&nbsp;ad9361_spi_write
</UL>
<BR>[Called By]<UL><LI><a href="#[8e]">&gt;&gt;</a>&nbsp;&nbsp;&nbsp;__ad9361_update_rf_bandwidth
<LI><a href="#[e4]">&gt;&gt;</a>&nbsp;&nbsp;&nbsp;ad9361_setup
</UL>

<P><STRONG><a name="[91]"></a>ad9361_rx_bb_analog_filter_calib</STRONG> (Thumb, 262 bytes, Stack size 24 bytes, ad9361.o(i.ad9361_rx_bb_analog_filter_calib))
<BR><BR>[Stack]<UL><LI>Max Depth = 216<LI>Call Chain = ad9361_rx_bb_analog_filter_calib &rArr; ad9361_run_calibration &rArr; ad9361_check_cal_done &rArr; __ad9361_spi_readf &rArr; ad9361_spi_readm &rArr; spi_write_then_read &rArr; Soft_SPI_TransferBuffer &rArr; Soft_SPI_TransferByte &rArr; Soft_SPI_Delay
</UL>
<BR>[Calls]<UL><LI><a href="#[8c]">&gt;&gt;</a>&nbsp;&nbsp;&nbsp;ad9361_run_calibration
<LI><a href="#[89]">&gt;&gt;</a>&nbsp;&nbsp;&nbsp;__ad9361_spi_writef
<LI><a href="#[8f]">&gt;&gt;</a>&nbsp;&nbsp;&nbsp;__2printf
<LI><a href="#[9e]">&gt;&gt;</a>&nbsp;&nbsp;&nbsp;find_first_bit
<LI><a href="#[8a]">&gt;&gt;</a>&nbsp;&nbsp;&nbsp;ad9361_spi_write
</UL>
<BR>[Called By]<UL><LI><a href="#[8e]">&gt;&gt;</a>&nbsp;&nbsp;&nbsp;__ad9361_update_rf_bandwidth
<LI><a href="#[e4]">&gt;&gt;</a>&nbsp;&nbsp;&nbsp;ad9361_setup
</UL>

<P><STRONG><a name="[93]"></a>ad9361_rx_tia_calib</STRONG> (Thumb, 290 bytes, Stack size 32 bytes, ad9361.o(i.ad9361_rx_tia_calib))
<BR><BR>[Stack]<UL><LI>Max Depth = 168<LI>Call Chain = ad9361_rx_tia_calib &rArr; ad9361_spi_read &rArr; ad9361_spi_readm &rArr; spi_write_then_read &rArr; Soft_SPI_TransferBuffer &rArr; Soft_SPI_TransferByte &rArr; Soft_SPI_Delay
</UL>
<BR>[Calls]<UL><LI><a href="#[8d]">&gt;&gt;</a>&nbsp;&nbsp;&nbsp;ad9361_spi_read
<LI><a href="#[8f]">&gt;&gt;</a>&nbsp;&nbsp;&nbsp;__2printf
<LI><a href="#[a1]">&gt;&gt;</a>&nbsp;&nbsp;&nbsp;do_div
<LI><a href="#[8a]">&gt;&gt;</a>&nbsp;&nbsp;&nbsp;ad9361_spi_write
</UL>
<BR>[Called By]<UL><LI><a href="#[8e]">&gt;&gt;</a>&nbsp;&nbsp;&nbsp;__ad9361_update_rf_bandwidth
<LI><a href="#[e4]">&gt;&gt;</a>&nbsp;&nbsp;&nbsp;ad9361_setup
</UL>

<P><STRONG><a name="[b2]"></a>ad9361_set_clk_scaler</STRONG> (Thumb, 602 bytes, Stack size 32 bytes, ad9361.o(i.ad9361_set_clk_scaler))
<BR><BR>[Stack]<UL><LI>Max Depth = 192<LI>Call Chain = ad9361_set_clk_scaler &rArr; __ad9361_spi_writef &rArr; ad9361_spi_write &rArr; spi_write_then_read &rArr; Soft_SPI_TransferBuffer &rArr; Soft_SPI_TransferByte &rArr; Soft_SPI_Delay
</UL>
<BR>[Calls]<UL><LI><a href="#[fd]">&gt;&gt;</a>&nbsp;&nbsp;&nbsp;ad9361_to_refclk_scaler
<LI><a href="#[89]">&gt;&gt;</a>&nbsp;&nbsp;&nbsp;__ad9361_spi_writef
<LI><a href="#[9c]">&gt;&gt;</a>&nbsp;&nbsp;&nbsp;ilog2
<LI><a href="#[9e]">&gt;&gt;</a>&nbsp;&nbsp;&nbsp;find_first_bit
</UL>
<BR>[Called By]<UL><LI><a href="#[b3]">&gt;&gt;</a>&nbsp;&nbsp;&nbsp;ad9361_clk_factor_set_rate
<LI><a href="#[b1]">&gt;&gt;</a>&nbsp;&nbsp;&nbsp;ad9361_clk_factor_round_rate
</UL>

<P><STRONG><a name="[a4]"></a>ad9361_spi_writem</STRONG> (Thumb, 102 bytes, Stack size 32 bytes, ad9361.o(i.ad9361_spi_writem))
<BR><BR>[Stack]<UL><LI>Max Depth = 144<LI>Call Chain = ad9361_spi_writem &rArr; spi_write_then_read &rArr; Soft_SPI_TransferBuffer &rArr; Soft_SPI_TransferByte &rArr; Soft_SPI_Delay
</UL>
<BR>[Calls]<UL><LI><a href="#[8f]">&gt;&gt;</a>&nbsp;&nbsp;&nbsp;__2printf
<LI><a href="#[10e]">&gt;&gt;</a>&nbsp;&nbsp;&nbsp;__aeabi_memcpy
<LI><a href="#[10d]">&gt;&gt;</a>&nbsp;&nbsp;&nbsp;spi_write_then_read
</UL>
<BR>[Called By]<UL><LI><a href="#[103]">&gt;&gt;</a>&nbsp;&nbsp;&nbsp;ad9361_set_tx_atten
<LI><a href="#[f5]">&gt;&gt;</a>&nbsp;&nbsp;&nbsp;ad9361_rfpll_int_set_rate
<LI><a href="#[a3]">&gt;&gt;</a>&nbsp;&nbsp;&nbsp;ad9361_bbpll_set_rate
</UL>

<P><STRONG><a name="[fd]"></a>ad9361_to_refclk_scaler</STRONG> (Thumb, 50 bytes, Stack size 0 bytes, ad9361.o(i.ad9361_to_refclk_scaler))
<BR><BR>[Called By]<UL><LI><a href="#[b2]">&gt;&gt;</a>&nbsp;&nbsp;&nbsp;ad9361_set_clk_scaler
</UL>

<P><STRONG><a name="[b6]"></a>ad9361_trx_ext_lo_control</STRONG> (Thumb, 364 bytes, Stack size 32 bytes, ad9361.o(i.ad9361_trx_ext_lo_control))
<BR><BR>[Stack]<UL><LI>Max Depth = 192<LI>Call Chain = ad9361_trx_ext_lo_control &rArr; __ad9361_spi_writef &rArr; ad9361_spi_write &rArr; spi_write_then_read &rArr; Soft_SPI_TransferBuffer &rArr; Soft_SPI_TransferByte &rArr; Soft_SPI_Delay
</UL>
<BR>[Calls]<UL><LI><a href="#[89]">&gt;&gt;</a>&nbsp;&nbsp;&nbsp;__ad9361_spi_writef
<LI><a href="#[87]">&gt;&gt;</a>&nbsp;&nbsp;&nbsp;__ad9361_spi_readf
<LI><a href="#[8f]">&gt;&gt;</a>&nbsp;&nbsp;&nbsp;__2printf
<LI><a href="#[9e]">&gt;&gt;</a>&nbsp;&nbsp;&nbsp;find_first_bit
<LI><a href="#[8a]">&gt;&gt;</a>&nbsp;&nbsp;&nbsp;ad9361_spi_write
</UL>
<BR>[Called By]<UL><LI><a href="#[b4]">&gt;&gt;</a>&nbsp;&nbsp;&nbsp;ad9361_clk_mux_set_parent
</UL>

<P><STRONG><a name="[d3]"></a>ad9361_trx_vco_cal_control</STRONG> (Thumb, 58 bytes, Stack size 24 bytes, ad9361.o(i.ad9361_trx_vco_cal_control))
<BR><BR>[Stack]<UL><LI>Max Depth = 184<LI>Call Chain = ad9361_trx_vco_cal_control &rArr; __ad9361_spi_writef &rArr; ad9361_spi_write &rArr; spi_write_then_read &rArr; Soft_SPI_TransferBuffer &rArr; Soft_SPI_TransferByte &rArr; Soft_SPI_Delay
</UL>
<BR>[Calls]<UL><LI><a href="#[89]">&gt;&gt;</a>&nbsp;&nbsp;&nbsp;__ad9361_spi_writef
<LI><a href="#[8f]">&gt;&gt;</a>&nbsp;&nbsp;&nbsp;__2printf
<LI><a href="#[9e]">&gt;&gt;</a>&nbsp;&nbsp;&nbsp;find_first_bit
</UL>
<BR>[Called By]<UL><LI><a href="#[d4]">&gt;&gt;</a>&nbsp;&nbsp;&nbsp;ad9361_fastlock_prepare
<LI><a href="#[f5]">&gt;&gt;</a>&nbsp;&nbsp;&nbsp;ad9361_rfpll_int_set_rate
<LI><a href="#[d2]">&gt;&gt;</a>&nbsp;&nbsp;&nbsp;ad9361_ensm_set_state
</UL>

<P><STRONG><a name="[92]"></a>ad9361_tx_bb_analog_filter_calib</STRONG> (Thumb, 150 bytes, Stack size 24 bytes, ad9361.o(i.ad9361_tx_bb_analog_filter_calib))
<BR><BR>[Stack]<UL><LI>Max Depth = 216<LI>Call Chain = ad9361_tx_bb_analog_filter_calib &rArr; ad9361_run_calibration &rArr; ad9361_check_cal_done &rArr; __ad9361_spi_readf &rArr; ad9361_spi_readm &rArr; spi_write_then_read &rArr; Soft_SPI_TransferBuffer &rArr; Soft_SPI_TransferByte &rArr; Soft_SPI_Delay
</UL>
<BR>[Calls]<UL><LI><a href="#[8c]">&gt;&gt;</a>&nbsp;&nbsp;&nbsp;ad9361_run_calibration
<LI><a href="#[89]">&gt;&gt;</a>&nbsp;&nbsp;&nbsp;__ad9361_spi_writef
<LI><a href="#[8f]">&gt;&gt;</a>&nbsp;&nbsp;&nbsp;__2printf
<LI><a href="#[9e]">&gt;&gt;</a>&nbsp;&nbsp;&nbsp;find_first_bit
<LI><a href="#[8a]">&gt;&gt;</a>&nbsp;&nbsp;&nbsp;ad9361_spi_write
</UL>
<BR>[Called By]<UL><LI><a href="#[8e]">&gt;&gt;</a>&nbsp;&nbsp;&nbsp;__ad9361_update_rf_bandwidth
<LI><a href="#[e4]">&gt;&gt;</a>&nbsp;&nbsp;&nbsp;ad9361_setup
</UL>

<P><STRONG><a name="[94]"></a>ad9361_tx_bb_second_filter_calib</STRONG> (Thumb, 246 bytes, Stack size 40 bytes, ad9361.o(i.ad9361_tx_bb_second_filter_calib))
<BR><BR>[Stack]<UL><LI>Max Depth = 168<LI>Call Chain = ad9361_tx_bb_second_filter_calib &rArr; ad9361_spi_write &rArr; spi_write_then_read &rArr; Soft_SPI_TransferBuffer &rArr; Soft_SPI_TransferByte &rArr; Soft_SPI_Delay
</UL>
<BR>[Calls]<UL><LI><a href="#[8f]">&gt;&gt;</a>&nbsp;&nbsp;&nbsp;__2printf
<LI><a href="#[a1]">&gt;&gt;</a>&nbsp;&nbsp;&nbsp;do_div
<LI><a href="#[8a]">&gt;&gt;</a>&nbsp;&nbsp;&nbsp;ad9361_spi_write
</UL>
<BR>[Called By]<UL><LI><a href="#[8e]">&gt;&gt;</a>&nbsp;&nbsp;&nbsp;__ad9361_update_rf_bandwidth
<LI><a href="#[e4]">&gt;&gt;</a>&nbsp;&nbsp;&nbsp;ad9361_setup
</UL>

<P><STRONG><a name="[cd]"></a>ad9361_tx_quad_calib</STRONG> (Thumb, 810 bytes, Stack size 112 bytes, ad9361.o(i.ad9361_tx_quad_calib))
<BR><BR>[Stack]<UL><LI>Max Depth = 424<LI>Call Chain = ad9361_tx_quad_calib &rArr; ad9361_tx_quad_phase_search &rArr; __ad9361_tx_quad_calib &rArr; ad9361_run_calibration &rArr; ad9361_check_cal_done &rArr; __ad9361_spi_readf &rArr; ad9361_spi_readm &rArr; spi_write_then_read &rArr; Soft_SPI_TransferBuffer &rArr; Soft_SPI_TransferByte &rArr; Soft_SPI_Delay
</UL>
<BR>[Calls]<UL><LI><a href="#[8d]">&gt;&gt;</a>&nbsp;&nbsp;&nbsp;ad9361_spi_read
<LI><a href="#[10f]">&gt;&gt;</a>&nbsp;&nbsp;&nbsp;ad9361_tx_quad_phase_search
<LI><a href="#[8e]">&gt;&gt;</a>&nbsp;&nbsp;&nbsp;__ad9361_update_rf_bandwidth
<LI><a href="#[8b]">&gt;&gt;</a>&nbsp;&nbsp;&nbsp;__ad9361_tx_quad_calib
<LI><a href="#[89]">&gt;&gt;</a>&nbsp;&nbsp;&nbsp;__ad9361_spi_writef
<LI><a href="#[87]">&gt;&gt;</a>&nbsp;&nbsp;&nbsp;__ad9361_spi_readf
<LI><a href="#[8f]">&gt;&gt;</a>&nbsp;&nbsp;&nbsp;__2printf
<LI><a href="#[9e]">&gt;&gt;</a>&nbsp;&nbsp;&nbsp;find_first_bit
<LI><a href="#[90]">&gt;&gt;</a>&nbsp;&nbsp;&nbsp;clk_get_rate
<LI><a href="#[8a]">&gt;&gt;</a>&nbsp;&nbsp;&nbsp;ad9361_spi_write
</UL>
<BR>[Called By]<UL><LI><a href="#[e4]">&gt;&gt;</a>&nbsp;&nbsp;&nbsp;ad9361_setup
<LI><a href="#[cb]">&gt;&gt;</a>&nbsp;&nbsp;&nbsp;ad9361_do_calib_run
</UL>

<P><STRONG><a name="[10f]"></a>ad9361_tx_quad_phase_search</STRONG> (Thumb, 148 bytes, Stack size 104 bytes, ad9361.o(i.ad9361_tx_quad_phase_search))
<BR><BR>[Stack]<UL><LI>Max Depth = 312<LI>Call Chain = ad9361_tx_quad_phase_search &rArr; __ad9361_tx_quad_calib &rArr; ad9361_run_calibration &rArr; ad9361_check_cal_done &rArr; __ad9361_spi_readf &rArr; ad9361_spi_readm &rArr; spi_write_then_read &rArr; Soft_SPI_TransferBuffer &rArr; Soft_SPI_TransferByte &rArr; Soft_SPI_Delay
</UL>
<BR>[Calls]<UL><LI><a href="#[8b]">&gt;&gt;</a>&nbsp;&nbsp;&nbsp;__ad9361_tx_quad_calib
<LI><a href="#[8f]">&gt;&gt;</a>&nbsp;&nbsp;&nbsp;__2printf
<LI><a href="#[c7]">&gt;&gt;</a>&nbsp;&nbsp;&nbsp;ad9361_find_opt
</UL>
<BR>[Called By]<UL><LI><a href="#[cd]">&gt;&gt;</a>&nbsp;&nbsp;&nbsp;ad9361_tx_quad_calib
</UL>

<P><STRONG><a name="[f2]"></a>ad9361_txmon_control</STRONG> (Thumb, 94 bytes, Stack size 16 bytes, ad9361.o(i.ad9361_txmon_control))
<BR><BR>[Stack]<UL><LI>Max Depth = 176<LI>Call Chain = ad9361_txmon_control &rArr; __ad9361_spi_writef &rArr; ad9361_spi_write &rArr; spi_write_then_read &rArr; Soft_SPI_TransferBuffer &rArr; Soft_SPI_TransferByte &rArr; Soft_SPI_Delay
</UL>
<BR>[Calls]<UL><LI><a href="#[89]">&gt;&gt;</a>&nbsp;&nbsp;&nbsp;__ad9361_spi_writef
<LI><a href="#[8f]">&gt;&gt;</a>&nbsp;&nbsp;&nbsp;__2printf
<LI><a href="#[9e]">&gt;&gt;</a>&nbsp;&nbsp;&nbsp;find_first_bit
</UL>
<BR>[Called By]<UL><LI><a href="#[f1]">&gt;&gt;</a>&nbsp;&nbsp;&nbsp;ad9361_rf_port_setup
</UL>

<P><STRONG><a name="[10c]"></a>ad9361_txmon_setup</STRONG> (Thumb, 160 bytes, Stack size 16 bytes, ad9361.o(i.ad9361_txmon_setup))
<BR><BR>[Stack]<UL><LI>Max Depth = 144<LI>Call Chain = ad9361_txmon_setup &rArr; ad9361_spi_write &rArr; spi_write_then_read &rArr; Soft_SPI_TransferBuffer &rArr; Soft_SPI_TransferByte &rArr; Soft_SPI_Delay
</UL>
<BR>[Calls]<UL><LI><a href="#[8f]">&gt;&gt;</a>&nbsp;&nbsp;&nbsp;__2printf
<LI><a href="#[9c]">&gt;&gt;</a>&nbsp;&nbsp;&nbsp;ilog2
<LI><a href="#[8a]">&gt;&gt;</a>&nbsp;&nbsp;&nbsp;ad9361_spi_write
</UL>
<BR>[Called By]<UL><LI><a href="#[e4]">&gt;&gt;</a>&nbsp;&nbsp;&nbsp;ad9361_setup
</UL>

<P><STRONG><a name="[10b]"></a>ad9361_txrx_synth_cp_calib</STRONG> (Thumb, 242 bytes, Stack size 24 bytes, ad9361.o(i.ad9361_txrx_synth_cp_calib))
<BR><BR>[Stack]<UL><LI>Max Depth = 200<LI>Call Chain = ad9361_txrx_synth_cp_calib &rArr; ad9361_check_cal_done &rArr; __ad9361_spi_readf &rArr; ad9361_spi_readm &rArr; spi_write_then_read &rArr; Soft_SPI_TransferBuffer &rArr; Soft_SPI_TransferByte &rArr; Soft_SPI_Delay
</UL>
<BR>[Calls]<UL><LI><a href="#[a5]">&gt;&gt;</a>&nbsp;&nbsp;&nbsp;ad9361_check_cal_done
<LI><a href="#[89]">&gt;&gt;</a>&nbsp;&nbsp;&nbsp;__ad9361_spi_writef
<LI><a href="#[8f]">&gt;&gt;</a>&nbsp;&nbsp;&nbsp;__2printf
<LI><a href="#[9e]">&gt;&gt;</a>&nbsp;&nbsp;&nbsp;find_first_bit
<LI><a href="#[8a]">&gt;&gt;</a>&nbsp;&nbsp;&nbsp;ad9361_spi_write
</UL>
<BR>[Called By]<UL><LI><a href="#[e4]">&gt;&gt;</a>&nbsp;&nbsp;&nbsp;ad9361_setup
</UL>

<P><STRONG><a name="[101]"></a>ad9361_validate_trx_clock_chain</STRONG> (Thumb, 138 bytes, Stack size 16 bytes, ad9361.o(i.ad9361_validate_trx_clock_chain))
<BR><BR>[Stack]<UL><LI>Max Depth = 40<LI>Call Chain = ad9361_validate_trx_clock_chain &rArr; __2printf
</UL>
<BR>[Calls]<UL><LI><a href="#[8f]">&gt;&gt;</a>&nbsp;&nbsp;&nbsp;__2printf
</UL>
<BR>[Called By]<UL><LI><a href="#[ed]">&gt;&gt;</a>&nbsp;&nbsp;&nbsp;ad9361_set_trx_clock_chain
</UL>

<P><STRONG><a name="[c8]"></a>ad9361_dig_tune_iodelay</STRONG> (Thumb, 198 bytes, Stack size 96 bytes, ad9361_conv.o(i.ad9361_dig_tune_iodelay))
<BR><BR>[Stack]<UL><LI>Max Depth = 128<LI>Call Chain = ad9361_dig_tune_iodelay &rArr; ad9361_find_opt
</UL>
<BR>[Calls]<UL><LI><a href="#[8f]">&gt;&gt;</a>&nbsp;&nbsp;&nbsp;__2printf
<LI><a href="#[c4]">&gt;&gt;</a>&nbsp;&nbsp;&nbsp;axiadc_write
<LI><a href="#[ca]">&gt;&gt;</a>&nbsp;&nbsp;&nbsp;ad9361_iodelay_set
<LI><a href="#[bf]">&gt;&gt;</a>&nbsp;&nbsp;&nbsp;axiadc_read
<LI><a href="#[c5]">&gt;&gt;</a>&nbsp;&nbsp;&nbsp;mdelay
<LI><a href="#[c7]">&gt;&gt;</a>&nbsp;&nbsp;&nbsp;ad9361_find_opt
</UL>
<BR>[Called By]<UL><LI><a href="#[be]">&gt;&gt;</a>&nbsp;&nbsp;&nbsp;ad9361_dig_tune
</UL>

<P><STRONG><a name="[c6]"></a>ad9361_dig_tune_verbose_print</STRONG> (Thumb, 118 bytes, Stack size 24 bytes, ad9361_conv.o(i.ad9361_dig_tune_verbose_print))
<BR><BR>[Stack]<UL><LI>Max Depth = 224<LI>Call Chain = ad9361_dig_tune_verbose_print &rArr; clk_get_rate &rArr; ad9361_rfpll_recalc_rate &rArr; ad9361_rfpll_int_recalc_rate &rArr; ad9361_fastlock_readval &rArr; ad9361_spi_read &rArr; ad9361_spi_readm &rArr; spi_write_then_read &rArr; Soft_SPI_TransferBuffer &rArr; Soft_SPI_TransferByte &rArr; Soft_SPI_Delay
</UL>
<BR>[Calls]<UL><LI><a href="#[8f]">&gt;&gt;</a>&nbsp;&nbsp;&nbsp;__2printf
<LI><a href="#[90]">&gt;&gt;</a>&nbsp;&nbsp;&nbsp;clk_get_rate
</UL>
<BR>[Called By]<UL><LI><a href="#[be]">&gt;&gt;</a>&nbsp;&nbsp;&nbsp;ad9361_dig_tune
</UL>

<P><STRONG><a name="[ca]"></a>ad9361_iodelay_set</STRONG> (Thumb, 42 bytes, Stack size 8 bytes, ad9361_conv.o(i.ad9361_iodelay_set))
<BR><BR>[Stack]<UL><LI>Max Depth = 24<LI>Call Chain = ad9361_iodelay_set &rArr; axiadc_idelay_set
</UL>
<BR>[Calls]<UL><LI><a href="#[c4]">&gt;&gt;</a>&nbsp;&nbsp;&nbsp;axiadc_write
<LI><a href="#[e7]">&gt;&gt;</a>&nbsp;&nbsp;&nbsp;axiadc_idelay_set
</UL>
<BR>[Called By]<UL><LI><a href="#[c1]">&gt;&gt;</a>&nbsp;&nbsp;&nbsp;ad9361_midscale_iodelay
<LI><a href="#[c8]">&gt;&gt;</a>&nbsp;&nbsp;&nbsp;ad9361_dig_tune_iodelay
</UL>

<P><STRONG><a name="[c1]"></a>ad9361_midscale_iodelay</STRONG> (Thumb, 32 bytes, Stack size 16 bytes, ad9361_conv.o(i.ad9361_midscale_iodelay))
<BR><BR>[Stack]<UL><LI>Max Depth = 40<LI>Call Chain = ad9361_midscale_iodelay &rArr; ad9361_iodelay_set &rArr; axiadc_idelay_set
</UL>
<BR>[Calls]<UL><LI><a href="#[ca]">&gt;&gt;</a>&nbsp;&nbsp;&nbsp;ad9361_iodelay_set
</UL>
<BR>[Called By]<UL><LI><a href="#[be]">&gt;&gt;</a>&nbsp;&nbsp;&nbsp;ad9361_dig_tune
</UL>

<P><STRONG><a name="[7f]"></a>Soft_SPI_Delay</STRONG> (Thumb, 22 bytes, Stack size 8 bytes, softspi.o(i.Soft_SPI_Delay))
<BR><BR>[Stack]<UL><LI>Max Depth = 8<LI>Call Chain = Soft_SPI_Delay
</UL>
<BR>[Called By]<UL><LI><a href="#[7d]">&gt;&gt;</a>&nbsp;&nbsp;&nbsp;Soft_SPI_TransferByte
</UL>

<P><STRONG><a name="[96]"></a>_fp_digits</STRONG> (Thumb, 366 bytes, Stack size 64 bytes, printfa.o(i._fp_digits), UNUSED)
<BR><BR>[Calls]<UL><LI><a href="#[58]">&gt;&gt;</a>&nbsp;&nbsp;&nbsp;__aeabi_ddiv
<LI><a href="#[97]">&gt;&gt;</a>&nbsp;&nbsp;&nbsp;__aeabi_cdrcmple
<LI><a href="#[4b]">&gt;&gt;</a>&nbsp;&nbsp;&nbsp;__aeabi_uldivmod
<LI><a href="#[57]">&gt;&gt;</a>&nbsp;&nbsp;&nbsp;__aeabi_dmul
<LI><a href="#[51]">&gt;&gt;</a>&nbsp;&nbsp;&nbsp;__aeabi_dadd
<LI><a href="#[5b]">&gt;&gt;</a>&nbsp;&nbsp;&nbsp;__aeabi_d2ulz
</UL>
<BR>[Called By]<UL><LI><a href="#[86]">&gt;&gt;</a>&nbsp;&nbsp;&nbsp;_printf_core
</UL>

<P><STRONG><a name="[86]"></a>_printf_core</STRONG> (Thumb, 1704 bytes, Stack size 136 bytes, printfa.o(i._printf_core), UNUSED)
<BR><BR>[Calls]<UL><LI><a href="#[9a]">&gt;&gt;</a>&nbsp;&nbsp;&nbsp;__aeabi_uidivmod
<LI><a href="#[98]">&gt;&gt;</a>&nbsp;&nbsp;&nbsp;_printf_pre_padding
<LI><a href="#[99]">&gt;&gt;</a>&nbsp;&nbsp;&nbsp;_printf_post_padding
<LI><a href="#[96]">&gt;&gt;</a>&nbsp;&nbsp;&nbsp;_fp_digits
<LI><a href="#[4b]">&gt;&gt;</a>&nbsp;&nbsp;&nbsp;__aeabi_uldivmod
</UL>
<BR>[Called By]<UL><LI><a href="#[85]">&gt;&gt;</a>&nbsp;&nbsp;&nbsp;__0printf
</UL>

<P><STRONG><a name="[99]"></a>_printf_post_padding</STRONG> (Thumb, 36 bytes, Stack size 24 bytes, printfa.o(i._printf_post_padding), UNUSED)
<BR><BR>[Called By]<UL><LI><a href="#[86]">&gt;&gt;</a>&nbsp;&nbsp;&nbsp;_printf_core
</UL>

<P><STRONG><a name="[98]"></a>_printf_pre_padding</STRONG> (Thumb, 46 bytes, Stack size 24 bytes, printfa.o(i._printf_pre_padding), UNUSED)
<BR><BR>[Called By]<UL><LI><a href="#[86]">&gt;&gt;</a>&nbsp;&nbsp;&nbsp;_printf_core
</UL>
<P>
<H3>
Undefined Global Symbols
</H3><HR></body></html>
